Archive member included because of file (symbol)

c:/program files (x86)/atmel/atmel toolchain/arm gcc/native/4.8.1443/arm-gnu-toolchain/bin/../lib/gcc/arm-none-eabi/4.8.4/../../../../arm-none-eabi/lib/armv6-m\libm.a(lib_a-w_sqrt.o)
                              src/Computations.o (sqrt)
c:/program files (x86)/atmel/atmel toolchain/arm gcc/native/4.8.1443/arm-gnu-toolchain/bin/../lib/gcc/arm-none-eabi/4.8.4/../../../../arm-none-eabi/lib/armv6-m\libm.a(lib_a-e_sqrt.o)
                              c:/program files (x86)/atmel/atmel toolchain/arm gcc/native/4.8.1443/arm-gnu-toolchain/bin/../lib/gcc/arm-none-eabi/4.8.4/../../../../arm-none-eabi/lib/armv6-m\libm.a(lib_a-w_sqrt.o) (__ieee754_sqrt)
c:/program files (x86)/atmel/atmel toolchain/arm gcc/native/4.8.1443/arm-gnu-toolchain/bin/../lib/gcc/arm-none-eabi/4.8.4/../../../../arm-none-eabi/lib/armv6-m\libm.a(lib_a-s_fpclassify.o)
                              c:/program files (x86)/atmel/atmel toolchain/arm gcc/native/4.8.1443/arm-gnu-toolchain/bin/../lib/gcc/arm-none-eabi/4.8.4/../../../../arm-none-eabi/lib/armv6-m\libm.a(lib_a-w_sqrt.o) (__fpclassifyd)
c:/program files (x86)/atmel/atmel toolchain/arm gcc/native/4.8.1443/arm-gnu-toolchain/bin/../lib/gcc/arm-none-eabi/4.8.4/../../../../arm-none-eabi/lib/armv6-m\libm.a(lib_a-s_lib_ver.o)
                              c:/program files (x86)/atmel/atmel toolchain/arm gcc/native/4.8.1443/arm-gnu-toolchain/bin/../lib/gcc/arm-none-eabi/4.8.4/../../../../arm-none-eabi/lib/armv6-m\libm.a(lib_a-w_sqrt.o) (__fdlib_version)
c:/program files (x86)/atmel/atmel toolchain/arm gcc/native/4.8.1443/arm-gnu-toolchain/bin/../lib/gcc/arm-none-eabi/4.8.4/../../../../arm-none-eabi/lib/armv6-m\libm.a(lib_a-s_matherr.o)
                              c:/program files (x86)/atmel/atmel toolchain/arm gcc/native/4.8.1443/arm-gnu-toolchain/bin/../lib/gcc/arm-none-eabi/4.8.4/../../../../arm-none-eabi/lib/armv6-m\libm.a(lib_a-w_sqrt.o) (matherr)
c:/program files (x86)/atmel/atmel toolchain/arm gcc/native/4.8.1443/arm-gnu-toolchain/bin/../lib/gcc/arm-none-eabi/4.8.4/armv6-m\libgcc.a(_udivsi3.o)
                              src/ASF/sam0/drivers/sercom/i2c/i2c_samd20/i2c_master.o (__aeabi_uidiv)
c:/program files (x86)/atmel/atmel toolchain/arm gcc/native/4.8.1443/arm-gnu-toolchain/bin/../lib/gcc/arm-none-eabi/4.8.4/armv6-m\libgcc.a(_dvmd_tls.o)
                              c:/program files (x86)/atmel/atmel toolchain/arm gcc/native/4.8.1443/arm-gnu-toolchain/bin/../lib/gcc/arm-none-eabi/4.8.4/armv6-m\libgcc.a(_udivsi3.o) (__aeabi_idiv0)
c:/program files (x86)/atmel/atmel toolchain/arm gcc/native/4.8.1443/arm-gnu-toolchain/bin/../lib/gcc/arm-none-eabi/4.8.4/armv6-m\libgcc.a(_arm_cmpdf2.o)
                              c:/program files (x86)/atmel/atmel toolchain/arm gcc/native/4.8.1443/arm-gnu-toolchain/bin/../lib/gcc/arm-none-eabi/4.8.4/../../../../arm-none-eabi/lib/armv6-m\libm.a(lib_a-w_sqrt.o) (__aeabi_dcmplt)
c:/program files (x86)/atmel/atmel toolchain/arm gcc/native/4.8.1443/arm-gnu-toolchain/bin/../lib/gcc/arm-none-eabi/4.8.4/armv6-m\libgcc.a(_arm_cmpsf2.o)
                              src/Computations.o (__aeabi_fcmplt)
c:/program files (x86)/atmel/atmel toolchain/arm gcc/native/4.8.1443/arm-gnu-toolchain/bin/../lib/gcc/arm-none-eabi/4.8.4/armv6-m\libgcc.a(_muldi3.o)
                              src/ASF/sam0/drivers/sercom/sercom.o (__aeabi_lmul)
c:/program files (x86)/atmel/atmel toolchain/arm gcc/native/4.8.1443/arm-gnu-toolchain/bin/../lib/gcc/arm-none-eabi/4.8.4/armv6-m\libgcc.a(_fixunssfsi.o)
                              src/Computations.o (__aeabi_f2uiz)
c:/program files (x86)/atmel/atmel toolchain/arm gcc/native/4.8.1443/arm-gnu-toolchain/bin/../lib/gcc/arm-none-eabi/4.8.4/armv6-m\libgcc.a(addsf3.o)
                              src/Computations.o (__aeabi_fadd)
c:/program files (x86)/atmel/atmel toolchain/arm gcc/native/4.8.1443/arm-gnu-toolchain/bin/../lib/gcc/arm-none-eabi/4.8.4/armv6-m\libgcc.a(divsf3.o)
                              src/Computations.o (__aeabi_fdiv)
c:/program files (x86)/atmel/atmel toolchain/arm gcc/native/4.8.1443/arm-gnu-toolchain/bin/../lib/gcc/arm-none-eabi/4.8.4/armv6-m\libgcc.a(eqsf2.o)
                              c:/program files (x86)/atmel/atmel toolchain/arm gcc/native/4.8.1443/arm-gnu-toolchain/bin/../lib/gcc/arm-none-eabi/4.8.4/armv6-m\libgcc.a(_arm_cmpsf2.o) (__eqsf2)
c:/program files (x86)/atmel/atmel toolchain/arm gcc/native/4.8.1443/arm-gnu-toolchain/bin/../lib/gcc/arm-none-eabi/4.8.4/armv6-m\libgcc.a(gesf2.o)
                              c:/program files (x86)/atmel/atmel toolchain/arm gcc/native/4.8.1443/arm-gnu-toolchain/bin/../lib/gcc/arm-none-eabi/4.8.4/armv6-m\libgcc.a(_arm_cmpsf2.o) (__gesf2)
c:/program files (x86)/atmel/atmel toolchain/arm gcc/native/4.8.1443/arm-gnu-toolchain/bin/../lib/gcc/arm-none-eabi/4.8.4/armv6-m\libgcc.a(lesf2.o)
[...]
Memory Configuration

Name             Origin             Length             Attributes
rom              0x00000000         0x00020000         xr
ram              0x20000000         0x00004000         xrw
*default*        0x00000000         0xffffffff

Linker script and memory map

LOAD c:/program files (x86)/atmel/atmel toolchain/arm gcc/native/4.8.1443/arm-gnu-toolchain/bin/../lib/gcc/arm-none-eabi/4.8.4/armv6-m/crti.o
LOAD c:/program files (x86)/atmel/atmel toolchain/arm gcc/native/4.8.1443/arm-gnu-toolchain/bin/../lib/gcc/arm-none-eabi/4.8.4/armv6-m/crtbegin.o
LOAD c:/program files (x86)/atmel/atmel toolchain/arm gcc/native/4.8.1443/arm-gnu-toolchain/bin/../lib/gcc/arm-none-eabi/4.8.4/../../../../arm-none-eabi/lib/armv6-m/crt0.o
LOAD src/ASF/sam0/drivers/sercom/i2c/i2c_samd20/i2c_master.o
LOAD src/ASF/sam0/drivers/sercom/sercom.o
LOAD src/MatrixKeypad.o
LOAD src/S_GCLOCK.o
LOAD src/S_PORT.o
LOAD src/S_SPI.o
LOAD src/S_TIMER.o
LOAD src/UserInterface.o
LOAD src/ASF/common2/boards/user_board/init.o
LOAD src/ASF/common/utils/interrupt/interrupt_sam_nvic.o
LOAD src/ASF/sam0/drivers/system/clock/clock_samd20/clock.o
LOAD src/ASF/sam0/drivers/system/clock/clock_samd20/gclk.o
LOAD src/ASF/sam0/drivers/system/interrupt/system_interrupt.o
LOAD src/ASF/sam0/drivers/system/pinmux/pinmux.o
LOAD src/ASF/sam0/drivers/system/system.o
LOAD src/ASF/sam0/utils/cmsis/samd20/source/gcc/startup_samd20.o
LOAD src/ASF/sam0/utils/cmsis/samd20/source/system_samd20.o
LOAD src/ASF/sam0/utils/syscalls/gcc/syscalls.o
LOAD src/Calibration.o
LOAD src/CharLCD.o
LOAD src/Computations.o
LOAD src/Delay.o
LOAD src/EEProm.o
LOAD src/ExtADC.o
LOAD src/LCDAdvanced.o
LOAD src/main.o
START GROUP
LOAD ../src/ASF/thirdparty/CMSIS/Lib/GCC\libarm_cortexM0l_math.a
LOAD c:/program files (x86)/atmel/atmel toolchain/arm gcc/native/4.8.1443/arm-gnu-toolchain/bin/../lib/gcc/arm-none-eabi/4.8.4/../../../../arm-none-eabi/lib/armv6-m\libm.a
END GROUP
START GROUP
LOAD c:/program files (x86)/atmel/atmel toolchain/arm gcc/native/4.8.1443/arm-gnu-toolchain/bin/../lib/gcc/arm-none-eabi/4.8.4/armv6-m\libgcc.a
LOAD c:/program files (x86)/atmel/atmel toolchain/arm gcc/native/4.8.1443/arm-gnu-toolchain/bin/../lib/gcc/arm-none-eabi/4.8.4/../../../../arm-none-eabi/lib/armv6-m\libc_s.a
END GROUP
START GROUP
LOAD c:/program files (x86)/atmel/atmel toolchain/arm gcc/native/4.8.1443/arm-gnu-toolchain/bin/../lib/gcc/arm-none-eabi/4.8.4/armv6-m\libgcc.a
LOAD c:/program files (x86)/atmel/atmel toolchain/arm gcc/native/4.8.1443/arm-gnu-toolchain/bin/../lib/gcc/arm-none-eabi/4.8.4/../../../../arm-none-eabi/lib/armv6-m\libc_s.a
END GROUP
LOAD c:/program files (x86)/atmel/atmel toolchain/arm gcc/native/4.8.1443/arm-gnu-toolchain/bin/../lib/gcc/arm-none-eabi/4.8.4/armv6-m/crtend.o
LOAD c:/program files (x86)/atmel/atmel toolchain/arm gcc/native/4.8.1443/arm-gnu-toolchain/bin/../lib/gcc/arm-none-eabi/4.8.4/armv6-m/crtn.o
                0x00001000                STACK_SIZE = DEFINED (STACK_SIZE)?STACK_SIZE:DEFINED (__stack_size__)?__stack_size__:0x1000

.text           0x00000000     0x6f10
                0x00000000                . = ALIGN (0x4)
                0x00000000                _sfixed = .
 *(.vectors .vectors.*)
 .vectors       0x00000000       0xa4 src/ASF/sam0/utils/cmsis/samd20/source/gcc/startup_samd20.o
                0x00000000                exception_table
 *(.text .text.* .gnu.linkonce.t.*)
 .text          0x000000a4       0x60 c:/program files (x86)/atmel/atmel toolchain/arm gcc/native/4.8.1443/arm-gnu-toolchain/bin/../lib/gcc/arm-none-eabi/4.8.4/armv6-m/crtbegin.o
 .text.i2c_master_init
                0x00000104      0x150 src/ASF/sam0/drivers/sercom/i2c/i2c_samd20/i2c_master.o
                0x00000104                i2c_master_init
 .text.sercom_set_gclk_generator
                0x00000254       0x50 src/ASF/sam0/drivers/sercom/sercom.o
                0x00000254                sercom_set_gclk_generator
 .text._sercom_get_default_pad
                0x000002a4      0x188 src/ASF/sam0/drivers/sercom/sercom.o
                0x000002a4                _sercom_get_default_pad
 .text._sercom_get_sercom_inst_index
                0x0000042c       0x3c src/ASF/sam0/drivers/sercom/sercom.o
                0x0000042c                _sercom_get_sercom_inst_index
 .text.Config_MatrixKeypad
                0x00000468       0x28 src/MatrixKeypad.o
                0x00000468                Config_MatrixKeypad
 .text.ClearKeys
                0x00000490       0x34 src/MatrixKeypad.o
                0x00000490                ClearKeys
 .text.KeyDetected
                0x000004c4       0x3c src/MatrixKeypad.o
                0x000004c4                KeyDetected
 .text.Keyscan  0x00000500       0xf8 src/MatrixKeypad.o
                0x00000500                Keyscan
 .text.KeyscanWORelese
                0x000005f8       0xe8 src/MatrixKeypad.o
                0x000005f8                KeyscanWORelese
 .text.ReleaseKey
                0x000006e0       0x20 src/MatrixKeypad.o
                0x000006e0                ReleaseKey
 .text.WaitforAnyKey
                0x00000700       0x20 src/MatrixKeypad.o
                0x00000700                WaitforAnyKey
 .text.AnykeyPulse
                0x00000720       0x14 src/MatrixKeypad.o
                0x00000720                AnykeyPulse
 .text.GCLKGen_Peripheral
                0x00000734       0x18 src/S_GCLOCK.o
                0x00000734                GCLKGen_Peripheral
 .text.pinMode  0x0000074c      0x104 src/S_PORT.o
                0x0000074c                pinMode
 .text.digitalWrite
                0x00000850       0x34 src/S_PORT.o
                0x00000850                digitalWrite
 .text.digitalRead
                0x00000884       0x24 src/S_PORT.o
                0x00000884                digitalRead
 .text.pinMux   0x000008a8       0x70 src/S_PORT.o
                0x000008a8                pinMux
 .text.ConfigureSpi
                0x00000918      0x20c src/S_SPI.o
                0x00000918                ConfigureSpi
 .text.CheckDigitBound
                0x00000b24       0x18 src/UserInterface.o
                0x00000b24                CheckDigitBound
 .text.SplitNumbertoDigits
                0x00000b3c       0x40 src/UserInterface.o
                0x00000b3c                SplitNumbertoDigits
 .text.LCD_DispVariable
                0x00000b7c       0xd0 src/UserInterface.o
                0x00000b7c                LCD_DispVariable
 .text.CombineDigitstoNumber
                0x00000c4c       0x88 src/UserInterface.o
                0x00000c4c                CombineDigitstoNumber
 .text.GetNumDataFromUserWithESC
                0x00000cd4      0x19c src/UserInterface.o
                0x00000cd4                GetNumDataFromUserWithESC
 .text.system_board_init
                0x00000e70        0x4 src/ASF/common2/boards/user_board/init.o
                0x00000e70                board_init
                0x00000e70                system_board_init
 .text.cpu_irq_enter_critical
                0x00000e74       0x40 src/ASF/common/utils/interrupt/interrupt_sam_nvic.o
                0x00000e74                cpu_irq_enter_critical
 .text.cpu_irq_leave_critical
                0x00000eb4       0x30 src/ASF/common/utils/interrupt/interrupt_sam_nvic.o
                0x00000eb4                cpu_irq_leave_critical
 .text.system_clock_source_get_hz
                0x00000ee4       0x80 src/ASF/sam0/drivers/system/clock/clock_samd20/clock.o
                0x00000ee4                system_clock_source_get_hz
 .text.system_clock_source_osc8m_set_config
                0x00000f64       0x3c src/ASF/sam0/drivers/system/clock/clock_samd20/clock.o
                0x00000f64                system_clock_source_osc8m_set_config
 .text.system_clock_source_xosc32k_set_config
                0x00000fa0       0xb4 src/ASF/sam0/drivers/system/clock/clock_samd20/clock.o
                0x00000fa0                system_clock_source_xosc32k_set_config
 .text.system_clock_source_dfll_set_config
                0x00001054       0xa4 src/ASF/sam0/drivers/system/clock/clock_samd20/clock.o
                0x00001054                system_clock_source_dfll_set_config
 .text.system_clock_source_enable
                0x000010f8       0x90 src/ASF/sam0/drivers/system/clock/clock_samd20/clock.o
                0x000010f8                system_clock_source_enable
 .text.system_clock_init
                0x00001188      0x148 src/ASF/sam0/drivers/system/clock/clock_samd20/clock.o
                0x00001188                system_clock_init
 .text.system_gclk_init
                0x000012d0       0x24 src/ASF/sam0/drivers/system/clock/clock_samd20/gclk.o
                0x000012d0                system_gclk_init
 .text.system_gclk_gen_set_config
                0x000012f4       0xb4 src/ASF/sam0/drivers/system/clock/clock_samd20/gclk.o
                0x000012f4                system_gclk_gen_set_config
 .text.system_gclk_gen_enable
                0x000013a8       0x44 src/ASF/sam0/drivers/system/clock/clock_samd20/gclk.o
                0x000013a8                system_gclk_gen_enable
 .text.system_gclk_gen_get_hz
                0x000013ec       0x8c src/ASF/sam0/drivers/system/clock/clock_samd20/gclk.o
                0x000013ec                system_gclk_gen_get_hz
 .text.system_gclk_chan_enable
                0x00001478       0x30 src/ASF/sam0/drivers/system/clock/clock_samd20/gclk.o
                0x00001478                system_gclk_chan_enable
 .text.system_gclk_chan_disable
                0x000014a8       0x5c src/ASF/sam0/drivers/system/clock/clock_samd20/gclk.o
                0x000014a8                system_gclk_chan_disable
 .text.system_gclk_chan_set_config
                0x00001504       0x1c src/ASF/sam0/drivers/system/clock/clock_samd20/gclk.o
                0x00001504                system_gclk_chan_set_config
 .text.system_gclk_chan_get_hz
                0x00001520       0x34 src/ASF/sam0/drivers/system/clock/clock_samd20/gclk.o
                0x00001520                system_gclk_chan_get_hz
 .text._system_pinmux_config
                0x00001554       0x8c src/ASF/sam0/drivers/system/pinmux/pinmux.o
 .text.system_pinmux_pin_set_config
                0x000015e0       0x2c src/ASF/sam0/drivers/system/pinmux/pinmux.o
                0x000015e0                system_pinmux_pin_set_config
 .text._system_dummy_init
                0x0000160c        0x4 src/ASF/sam0/drivers/system/system.o
                0x0000160c                _system_events_init
                0x0000160c                _system_dummy_init
                0x0000160c                _system_extint_init
 .text.system_init
                0x00001610       0x24 src/ASF/sam0/drivers/system/system.o
                0x00001610                system_init
 .text.Dummy_Handler
                0x00001634        0x4 src/ASF/sam0/utils/cmsis/samd20/source/gcc/startup_samd20.o
                0x00001634                HardFault_Handler
                0x00001634                TC2_Handler
                0x00001634                AC_Handler
                0x00001634                SysTick_Handler
                0x00001634                PendSV_Handler
                0x00001634                NMI_Handler
                0x00001634                TC7_Handler
                0x00001634                SERCOM1_Handler
                0x00001634                ADC_Handler
                0x00001634                SERCOM2_Handler
                0x00001634                RTC_Handler
                0x00001634                EIC_Handler
                0x00001634                TC6_Handler
                0x00001634                WDT_Handler
                0x00001634                TC4_Handler
                0x00001634                TC1_Handler
                0x00001634                TC3_Handler
                0x00001634                Dummy_Handler
                0x00001634                PM_Handler
                0x00001634                SERCOM5_Handler
                0x00001634                SVC_Handler
                0x00001634                EVSYS_Handler
                0x00001634                SERCOM3_Handler
                0x00001634                SERCOM4_Handler
                0x00001634                NVMCTRL_Handler
                0x00001634                SERCOM0_Handler
                0x00001634                DAC_Handler
                0x00001634                PTC_Handler
                0x00001634                TC0_Handler
                0x00001634                TC5_Handler
                0x00001634                SYSCTRL_Handler
 .text.Reset_Handler
                0x00001638       0x90 src/ASF/sam0/utils/cmsis/samd20/source/gcc/startup_samd20.o
                0x00001638                Reset_Handler
 .text.Cal_Disp2Point
                0x000016c8       0x4c src/Calibration.o
                0x000016c8                Cal_Disp2Point
 .text.CalEdit_AbsPres
                0x00001714       0x88 src/Calibration.o
                0x00001714                CalEdit_AbsPres
 .text.Calibrate_AbsPres
                0x0000179c       0xd4 src/Calibration.o
                0x0000179c                Calibrate_AbsPres
 .text.Cal_Disp1Point
                0x00001870       0x34 src/Calibration.o
                0x00001870                Cal_Disp1Point
 .text.CalEdit_OrifPartDP
                0x000018a4       0x58 src/Calibration.o
                0x000018a4                CalEdit_OrifPartDP
 .text.Calibrate_OrifPartDP
                0x000018fc       0xd8 src/Calibration.o
                0x000018fc                Calibrate_OrifPartDP
 .text.CalEdit_OrifGasDP
                0x000019d4       0x60 src/Calibration.o
                0x000019d4                CalEdit_OrifGasDP
 .text.Calibrate_OrifGasDP
                0x00001a34       0xdc src/Calibration.o
                0x00001a34                Calibrate_OrifGasDP
 .text.CalEdit_PitotDP
                0x00001b10       0x60 src/Calibration.o
                0x00001b10                CalEdit_PitotDP
 .text.Calibrate_PitotDP
                0x00001b70       0xdc src/Calibration.o
                0x00001b70                Calibrate_PitotDP
 .text.GetTCSTDfromUserWithTempDisplay
                0x00001c4c      0x194 src/Calibration.o
                0x00001c4c                GetTCSTDfromUserWithTempDisplay
 .text.CalEdit_StackTC
                0x00001de0       0x84 src/Calibration.o
                0x00001de0                CalEdit_StackTC
 .text.Calibrate_StackTC
                0x00001e64      0x114 src/Calibration.o
                0x00001e64                Calibrate_StackTC
 .text.DispPt100TempWithSign
                0x00001f78       0x58 src/Calibration.o
                0x00001f78                DispPt100TempWithSign
 .text.Cal_DispPT100Points
                0x00001fd0       0x68 src/Calibration.o
                0x00001fd0                Cal_DispPT100Points
 .text.GetPT100STDfromUserWithTempDisplay
                0x00002038      0x184 src/Calibration.o
                0x00002038                GetPT100STDfromUserWithTempDisplay
 .text.CalEdit_AmbTemp
                0x000021bc       0x80 src/Calibration.o
                0x000021bc                CalEdit_AmbTemp
 .text.Calibrate_AmbTemp
                0x0000223c      0x118 src/Calibration.o
                0x0000223c                Calibrate_AmbTemp
 .text.CalEdit_OrificeTemp
                0x00002354       0x80 src/Calibration.o
                0x00002354                CalEdit_OrificeTemp
 .text.Calibrate_OrifTemp
                0x000023d4      0x118 src/Calibration.o
                0x000023d4                Calibrate_OrifTemp
 .text.CalEdit_AuxPT100
                0x000024ec       0x80 src/Calibration.o
                0x000024ec                CalEdit_AuxPT100
 .text.Calibrate_AuxTemp
                0x0000256c      0x118 src/Calibration.o
                0x0000256c                Calibrate_AuxTemp
 .text.DoCalibration
                0x00002684       0x94 src/Calibration.o
                0x00002684                DoCalibration
 .text.CalibrationModeChk
                0x00002718       0xf4 src/Calibration.o
                0x00002718                CalibrationModeChk
 .text.PulseLCD_EN
                0x0000280c       0x24 src/CharLCD.o
                0x0000280c                PulseLCD_EN
 .text.write4bits
                0x00002830       0x58 src/CharLCD.o
                0x00002830                write4bits
 .text.checkbusy
                0x00002888       0x9c src/CharLCD.o
                0x00002888                checkbusy
 .text.LCD_DataWrite
                0x00002924       0x34 src/CharLCD.o
                0x00002924                LCD_DataWrite
 .text.LCD_Print
                0x00002958       0x1c src/CharLCD.o
                0x00002958                LCD_Print
 .text.LCD_DispAscii
                0x00002974       0x10 src/CharLCD.o
                0x00002974                LCD_DispAscii
 .text.LCD_CmdWrite
                0x00002984       0x34 src/CharLCD.o
                0x00002984                LCD_CmdWrite
 .text.LCD_Setcursor
                0x000029b8       0x44 src/CharLCD.o
                0x000029b8                LCD_Setcursor
 .text.LCD_FullDisp
                0x000029fc       0x40 src/CharLCD.o
                0x000029fc                LCD_FullDisp
 .text.LCD_OneLine
                0x00002a3c       0x58 src/CharLCD.o
                0x00002a3c                LCD_OneLine
 .text.LCD_build
                0x00002a94       0x2c src/CharLCD.o
                0x00002a94                LCD_build
 .text.LCD_Frame1
                0x00002ac0       0x64 src/CharLCD.o
                0x00002ac0                LCD_Frame1
 .text.LCD_CursorOn
                0x00002b24       0x10 src/CharLCD.o
                0x00002b24                LCD_CursorOn
 .text.LCD_CursorOff
                0x00002b34       0x10 src/CharLCD.o
                0x00002b34                LCD_CursorOff
 .text.LCD_Clrscr
                0x00002b44       0x14 src/CharLCD.o
                0x00002b44                LCD_Clrscr
 .text.LCD_PowerOff
                0x00002b58       0x18 src/CharLCD.o
                0x00002b58                LCD_PowerOff
 .text.LCD_PowerOn
                0x00002b70       0x18 src/CharLCD.o
                0x00002b70                LCD_PowerOn
 .text.LCD_Init
                0x00002b88       0xd8 src/CharLCD.o
                0x00002b88                LCD_Init
 .text.Compute_StackTCTemp
                0x00002c60      0x22c src/Computations.o
                0x00002c60                Compute_StackTCTemp
 *fill*         0x00002e8c        0x4 
 .text.Compute_PT100Temp
                0x00002e90      0x108 src/Computations.o
                0x00002e90                Compute_PT100Temp
 .text.delay_1us
                0x00002f98       0x20 src/Delay.o
                0x00002f98                delay_1us
 .text.delay_us
                0x00002fb8       0x24 src/Delay.o
                0x00002fb8                delay_us
 .text.delay_1ms
                0x00002fdc       0x14 src/Delay.o
                0x00002fdc                delay_1ms
 .text.delay_ms
                0x00002ff0       0x24 src/Delay.o
                0x00002ff0                delay_ms
 .text.delay_sec
                0x00003014       0x38 src/Delay.o
                0x00003014                delay_sec
 .text._i2c_master_wait_for_sync
                0x0000304c       0x10 src/EEProm.o
 .text.configure_EEPROM
                0x0000305c       0xa4 src/EEProm.o
                0x0000305c                configure_EEPROM
 .text.Spi_Get3BytesfromExtADC
                0x00003100      0x15c src/ExtADC.o
                0x00003100                Spi_Get3BytesfromExtADC
 .text.LCD_DispFourOptionsIncrementingFrom
                0x0000325c       0x30 src/LCDAdvanced.o
                0x0000325c                LCD_DispFourOptionsIncrementingFrom
 .text.LCD_DispMenuArrow
                0x0000328c       0x44 src/LCDAdvanced.o
                0x0000328c                LCD_DispMenuArrow
 .text.LCD_MenuHandle
                0x000032d0      0x130 src/LCDAdvanced.o
                0x000032d0                LCD_MenuHandle
 .text.LCD_HorizCurPos
                0x00003400       0x50 src/LCDAdvanced.o
                0x00003400                LCD_HorizCurPos
 .text.LCD_HorizontalScroll
                0x00003450      0x110 src/LCDAdvanced.o
                0x00003450                LCD_HorizontalScroll
 .text.Config_Contrast_PWM
                0x00003560       0x54 src/main.o
                0x00003560                Config_Contrast_PWM
 .text.Config_LCD
                0x000035b4       0x40 src/main.o
                0x000035b4                Config_LCD
 .text.Disp_IntroLcdMsgs
                0x000035f4       0x8c src/main.o
                0x000035f4                Disp_IntroLcdMsgs
 .text.Initialize_Hardware
                0x00003680       0x50 src/main.o
                0x00003680                Initialize_Hardware
 .text.main     0x000036d0       0x74 src/main.o
                0x000036d0                main
 *fill*         0x00003744        0x4 
 .text.sqrt     0x00003748       0xc0 c:/program files (x86)/atmel/atmel toolchain/arm gcc/native/4.8.1443/arm-gnu-toolchain/bin/../lib/gcc/arm-none-eabi/4.8.4/../../../../arm-none-eabi/lib/armv6-m\libm.a(lib_a-w_sqrt.o)
                0x00003748                sqrt
 .text.__ieee754_sqrt
                0x00003808      0x1cc c:/program files (x86)/atmel/atmel toolchain/arm gcc/native/4.8.1443/arm-gnu-toolchain/bin/../lib/gcc/arm-none-eabi/4.8.4/../../../../arm-none-eabi/lib/armv6-m\libm.a(lib_a-e_sqrt.o)
                0x00003808                __ieee754_sqrt
 .text.__fpclassifyd
                0x000039d4       0x60 c:/program files (x86)/atmel/atmel toolchain/arm gcc/native/4.8.1443/arm-gnu-toolchain/bin/../lib/gcc/arm-none-eabi/4.8.4/../../../../arm-none-eabi/lib/armv6-m\libm.a(lib_a-s_fpclassify.o)
                0x000039d4                __fpclassifyd
 .text.matherr  0x00003a34        0x4 c:/program files (x86)/atmel/atmel toolchain/arm gcc/native/4.8.1443/arm-gnu-toolchain/bin/../lib/gcc/arm-none-eabi/4.8.4/../../../../arm-none-eabi/lib/armv6-m\libm.a(lib_a-s_matherr.o)
                0x00003a34                matherr
 .text          0x00003a38       0x9c c:/program files (x86)/atmel/atmel toolchain/arm gcc/native/4.8.1443/arm-gnu-toolchain/bin/../lib/gcc/arm-none-eabi/4.8.4/armv6-m\libgcc.a(_udivsi3.o)
                0x00003a38                __aeabi_uidiv
                0x00003a38                __udivsi3
                0x00003ac0                __aeabi_uidivmod
 .text          0x00003ad4        0x4 c:/program files (x86)/atmel/atmel toolchain/arm gcc/native/4.8.1443/arm-gnu-toolchain/bin/../lib/gcc/arm-none-eabi/4.8.4/armv6-m\libgcc.a(_dvmd_tls.o)
                0x00003ad4                __aeabi_idiv0
                0x00003ad4                __aeabi_ldiv0
 .text          0x00003ad8       0x7c c:/program files (x86)/atmel/atmel toolchain/arm gcc/native/4.8.1443/arm-gnu-toolchain/bin/../lib/gcc/arm-none-eabi/4.8.4/armv6-m\libgcc.a(_arm_cmpdf2.o)
                0x00003ad8                __aeabi_cdrcmple
                0x00003ae8                __aeabi_cdcmple
                0x00003ae8                __aeabi_cdcmpeq
                0x00003af8                __aeabi_dcmpeq
                0x00003b04                __aeabi_dcmplt
                0x00003b18                __aeabi_dcmple
                0x00003b2c                __aeabi_dcmpgt
                0x00003b40                __aeabi_dcmpge
 .text          0x00003b54       0x74 c:/program files (x86)/atmel/atmel toolchain/arm gcc/native/4.8.1443/arm-gnu-toolchain/bin/../lib/gcc/arm-none-eabi/4.8.4/armv6-m\libgcc.a(_arm_cmpsf2.o)
                0x00003b54                __aeabi_cfrcmple
                0x00003b5c                __aeabi_cfcmpeq
                0x00003b5c                __aeabi_cfcmple
                0x00003b6c                __aeabi_fcmpeq
                0x00003b78                __aeabi_fcmplt
                0x00003b8c                __aeabi_fcmple
                0x00003ba0                __aeabi_fcmpgt
                0x00003bb4                __aeabi_fcmpge
 .text          0x00003bc8       0x30 c:/program files (x86)/atmel/atmel toolchain/arm gcc/native/4.8.1443/arm-gnu-toolchain/bin/../lib/gcc/arm-none-eabi/4.8.4/armv6-m\libgcc.a(_fixunssfsi.o)
                0x00003bc8                __fixunssfsi
                0x00003bc8                __aeabi_f2uiz
 .text          0x00003bf8      0x2d8 c:/program files (x86)/atmel/atmel toolchain/arm gcc/native/4.8.1443/arm-gnu-toolchain/bin/../lib/gcc/arm-none-eabi/4.8.4/armv6-m\libgcc.a(addsf3.o)
                0x00003bf8                __aeabi_fadd
 .text          0x00003ed0      0x24c c:/program files (x86)/atmel/atmel toolchain/arm gcc/native/4.8.1443/arm-gnu-toolchain/bin/../lib/gcc/arm-none-eabi/4.8.4/armv6-m\libgcc.a(divsf3.o)
                0x00003ed0                __aeabi_fdiv
 .text          0x0000411c       0x54 c:/program files (x86)/atmel/atmel toolchain/arm gcc/native/4.8.1443/arm-gnu-toolchain/bin/../lib/gcc/arm-none-eabi/4.8.4/armv6-m\libgcc.a(eqsf2.o)
                0x0000411c                __eqsf2
                0x0000411c                __nesf2
 .text          0x00004170       0x90 c:/program files (x86)/atmel/atmel toolchain/arm gcc/native/4.8.1443/arm-gnu-toolchain/bin/../lib/gcc/arm-none-eabi/4.8.4/armv6-m\libgcc.a(gesf2.o)
                0x00004170                __gesf2
                0x00004170                __gtsf2
 .text          0x00004200       0x98 c:/program files (x86)/atmel/atmel toolchain/arm gcc/native/4.8.1443/arm-gnu-toolchain/bin/../lib/gcc/arm-none-eabi/4.8.4/armv6-m\libgcc.a(lesf2.o)
                0x00004200                __ltsf2
                0x00004200                __lesf2
 .text          0x00004298      0x254 c:/program files (x86)/atmel/atmel toolchain/arm gcc/native/4.8.1443/arm-gnu-toolchain/bin/../lib/gcc/arm-none-eabi/4.8.4/armv6-m\libgcc.a(mulsf3.o)
                0x00004298                __aeabi_fmul
 .text          0x000044ec      0x2ec c:/program files (x86)/atmel/atmel toolchain/arm gcc/native/4.8.1443/arm-gnu-toolchain/bin/../lib/gcc/arm-none-eabi/4.8.4/armv6-m\libgcc.a(subsf3.o)
                0x000044ec                __aeabi_fsub
 .text          0x000047d8       0x40 c:/program files (x86)/atmel/atmel toolchain/arm gcc/native/4.8.1443/arm-gnu-toolchain/bin/../lib/gcc/arm-none-eabi/4.8.4/armv6-m\libgcc.a(fixsfsi.o)
                0x000047d8                __aeabi_f2iz
 .text          0x00004818       0xb8 c:/program files (x86)/atmel/atmel toolchain/arm gcc/native/4.8.1443/arm-gnu-toolchain/bin/../lib/gcc/arm-none-eabi/4.8.4/armv6-m\libgcc.a(floatsisf.o)
                0x00004818                __aeabi_i2f
 .text          0x000048d0       0xa0 c:/program files (x86)/atmel/atmel toolchain/arm gcc/native/4.8.1443/arm-gnu-toolchain/bin/../lib/gcc/arm-none-eabi/4.8.4/armv6-m\libgcc.a(floatunsisf.o)
                0x000048d0                __aeabi_ui2f
 .text          0x00004970      0x644 c:/program files (x86)/atmel/atmel toolchain/arm gcc/native/4.8.1443/arm-gnu-toolchain/bin/../lib/gcc/arm-none-eabi/4.8.4/armv6-m\libgcc.a(adddf3.o)
                0x00004970                __aeabi_dadd
 .text          0x00004fb4      0x648 c:/program files (x86)/atmel/atmel toolchain/arm gcc/native/4.8.1443/arm-gnu-toolchain/bin/../lib/gcc/arm-none-eabi/4.8.4/armv6-m\libgcc.a(divdf3.o)
                0x00004fb4                __aeabi_ddiv
 .text          0x000055fc       0x94 c:/program files (x86)/atmel/atmel toolchain/arm gcc/native/4.8.1443/arm-gnu-toolchain/bin/../lib/gcc/arm-none-eabi/4.8.4/armv6-m\libgcc.a(eqdf2.o)
                0x000055fc                __nedf2
                0x000055fc                __eqdf2
 .text          0x00005690       0xfc c:/program files (x86)/atmel/atmel toolchain/arm gcc/native/4.8.1443/arm-gnu-toolchain/bin/../lib/gcc/arm-none-eabi/4.8.4/armv6-m\libgcc.a(gedf2.o)
                0x00005690                __gedf2
                0x00005690                __gtdf2
 .text          0x0000578c       0xfc c:/program files (x86)/atmel/atmel toolchain/arm gcc/native/4.8.1443/arm-gnu-toolchain/bin/../lib/gcc/arm-none-eabi/4.8.4/armv6-m\libgcc.a(ledf2.o)
                0x0000578c                __ledf2
                0x0000578c                __ltdf2
 .text          0x00005888      0x520 c:/program files (x86)/atmel/atmel toolchain/arm gcc/native/4.8.1443/arm-gnu-toolchain/bin/../lib/gcc/arm-none-eabi/4.8.4/armv6-m\libgcc.a(muldf3.o)
                0x00005888                __aeabi_dmul
 .text          0x00005da8      0x668 c:/program files (x86)/atmel/atmel toolchain/arm gcc/native/4.8.1443/arm-gnu-toolchain/bin/../lib/gcc/arm-none-eabi/4.8.4/armv6-m\libgcc.a(subdf3.o)
                0x00005da8                __aeabi_dsub
 .text          0x00006410       0xa4 c:/program files (x86)/atmel/atmel toolchain/arm gcc/native/4.8.1443/arm-gnu-toolchain/bin/../lib/gcc/arm-none-eabi/4.8.4/armv6-m\libgcc.a(extendsfdf2.o)
                0x00006410                __aeabi_f2d
 .text          0x000064b4      0x118 c:/program files (x86)/atmel/atmel toolchain/arm gcc/native/4.8.1443/arm-gnu-toolchain/bin/../lib/gcc/arm-none-eabi/4.8.4/armv6-m\libgcc.a(truncdfsf2.o)
                0x000064b4                __aeabi_d2f
 .text          0x000065cc       0x3c c:/program files (x86)/atmel/atmel toolchain/arm gcc/native/4.8.1443/arm-gnu-toolchain/bin/../lib/gcc/arm-none-eabi/4.8.4/armv6-m\libgcc.a(_clzsi2.o)
                0x000065cc                __clzsi2
 .text.__errno  0x00006608        0xc c:/program files (x86)/atmel/atmel toolchain/arm gcc/native/4.8.1443/arm-gnu-toolchain/bin/../lib/gcc/arm-none-eabi/4.8.4/../../../../arm-none-eabi/lib/armv6-m\libc_s.a(lib_a-errno.o)
                0x00006608                __errno
 .text.__libc_init_array
                0x00006614       0x4c c:/program files (x86)/atmel/atmel toolchain/arm gcc/native/4.8.1443/arm-gnu-toolchain/bin/../lib/gcc/arm-none-eabi/4.8.4/../../../../arm-none-eabi/lib/armv6-m\libc_s.a(lib_a-init.o)
                0x00006614                __libc_init_array
 *(.glue_7t)
 .glue_7t       0x00000000        0x0 linker stubs
 *(.glue_7)
 .glue_7        0x00000000        0x0 linker stubs
 *(.rodata .rodata* .gnu.linkonce.r.*)
 .rodata        0x00006660       0x18 src/ASF/sam0/drivers/sercom/sercom.o
 .rodata.ConfigureSpi
                0x00006678       0x18 src/S_SPI.o
 .rodata.system_clock_source_get_hz
                0x00006690       0x20 src/ASF/sam0/drivers/system/clock/clock_samd20/clock.o
 .rodata.system_clock_source_enable
                0x000066b0       0x20 src/ASF/sam0/drivers/system/clock/clock_samd20/clock.o
 .rodata.DoCalibration
                0x000066d0       0x2c src/Calibration.o
 .rodata.CalibrationMenu
                0x000066fc       0xc8 src/Calibration.o
                0x000066fc                CalibrationMenu
 .rodata.str1.4
                0x000067c4      0x479 src/Calibration.o
                                0x47c (size before relaxing)
 *fill*         0x00006c3d        0x3 
 .rodata.str1.4
                0x00006c40       0x41 src/CharLCD.o
                                 0x44 (size before relaxing)
 *fill*         0x00006c81        0x3 
 .rodata.str1.4
                0x00006c84       0x12 src/LCDAdvanced.o
                                 0x14 (size before relaxing)
 *fill*         0x00006c96        0x2 
 .rodata.str1.4
                0x00006c98       0xe9 src/main.o
                                0x104 (size before relaxing)
 *fill*         0x00006d81        0x3 
 .rodata.str1.4
                0x00006d84        0x8 c:/program files (x86)/atmel/atmel toolchain/arm gcc/native/4.8.1443/arm-gnu-toolchain/bin/../lib/gcc/arm-none-eabi/4.8.4/../../../../arm-none-eabi/lib/armv6-m\libm.a(lib_a-w_sqrt.o)
 .rodata        0x00006d8c       0x40 c:/program files (x86)/atmel/atmel toolchain/arm gcc/native/4.8.1443/arm-gnu-toolchain/bin/../lib/gcc/arm-none-eabi/4.8.4/armv6-m\libgcc.a(divsf3.o)
 .rodata        0x00006dcc       0x40 c:/program files (x86)/atmel/atmel toolchain/arm gcc/native/4.8.1443/arm-gnu-toolchain/bin/../lib/gcc/arm-none-eabi/4.8.4/armv6-m\libgcc.a(mulsf3.o)
 .rodata        0x00006e0c       0x40 c:/program files (x86)/atmel/atmel toolchain/arm gcc/native/4.8.1443/arm-gnu-toolchain/bin/../lib/gcc/arm-none-eabi/4.8.4/armv6-m\libgcc.a(divdf3.o)
 .rodata        0x00006e4c       0x40 c:/program files (x86)/atmel/atmel toolchain/arm gcc/native/4.8.1443/arm-gnu-toolchain/bin/../lib/gcc/arm-none-eabi/4.8.4/armv6-m\libgcc.a(muldf3.o)
 .rodata.str1.1
                0x00006e8c        0x2 c:/program files (x86)/atmel/atmel toolchain/arm gcc/native/4.8.1443/arm-gnu-toolchain/bin/../lib/gcc/arm-none-eabi/4.8.4/../../../../arm-none-eabi/lib/armv6-m\libc_s.a(lib_a-impure.o)
 *fill*         0x00006e8e        0x2 
 .rodata.__sf_fake_stdin
                0x00006e90       0x20 c:/program files (x86)/atmel/atmel toolchain/arm gcc/native/4.8.1443/arm-gnu-toolchain/bin/../lib/gcc/arm-none-eabi/4.8.4/../../../../arm-none-eabi/lib/armv6-m\libc_s.a(lib_a-findfp.o)
                0x00006e90                __sf_fake_stdin
 .rodata.__sf_fake_stdout
                0x00006eb0       0x20 c:/program files (x86)/atmel/atmel toolchain/arm gcc/native/4.8.1443/arm-gnu-toolchain/bin/../lib/gcc/arm-none-eabi/4.8.4/../../../../arm-none-eabi/lib/armv6-m\libc_s.a(lib_a-findfp.o)
                0x00006eb0                __sf_fake_stdout
 .rodata.__sf_fake_stderr
                0x00006ed0       0x20 c:/program files (x86)/atmel/atmel toolchain/arm gcc/native/4.8.1443/arm-gnu-toolchain/bin/../lib/gcc/arm-none-eabi/4.8.4/../../../../arm-none-eabi/lib/armv6-m\libc_s.a(lib_a-findfp.o)
                0x00006ed0                __sf_fake_stderr
 *(.ARM.extab* .gnu.linkonce.armextab.*)
                0x00006ef0                . = ALIGN (0x4)
 *(.init)
 .init          0x00006ef0        0x4 c:/program files (x86)/atmel/atmel toolchain/arm gcc/native/4.8.1443/arm-gnu-toolchain/bin/../lib/gcc/arm-none-eabi/4.8.4/armv6-m/crti.o
                0x00006ef0                _init
 .init          0x00006ef4        0x8 c:/program files (x86)/atmel/atmel toolchain/arm gcc/native/4.8.1443/arm-gnu-toolchain/bin/../lib/gcc/arm-none-eabi/4.8.4/armv6-m/crtn.o
                0x00006efc                . = ALIGN (0x4)
                0x00006efc                __preinit_array_start = .
 *(.preinit_array)
                0x00006efc                __preinit_array_end = .
                0x00006efc                . = ALIGN (0x4)
                0x00006efc                __init_array_start = .
 *(SORT(.init_array.*))
 *(.init_array)
 .init_array    0x00006efc        0x4 c:/program files (x86)/atmel/atmel toolchain/arm gcc/native/4.8.1443/arm-gnu-toolchain/bin/../lib/gcc/arm-none-eabi/4.8.4/armv6-m/crtbegin.o
                0x00006f00                __init_array_end = .
                0x00006f00                . = ALIGN (0x4)
 *crtbegin.o(.ctors)
 *(EXCLUDE_FILE(*crtend.o) .ctors)
 *(SORT(.ctors.*))
 *crtend.o(.ctors)
                0x00006f00                . = ALIGN (0x4)
 *(.fini)
 .fini          0x00006f00        0x4 c:/program files (x86)/atmel/atmel toolchain/arm gcc/native/4.8.1443/arm-gnu-toolchain/bin/../lib/gcc/arm-none-eabi/4.8.4/armv6-m/crti.o
                0x00006f00                _fini
 .fini          0x00006f04        0x8 c:/program files (x86)/atmel/atmel toolchain/arm gcc/native/4.8.1443/arm-gnu-toolchain/bin/../lib/gcc/arm-none-eabi/4.8.4/armv6-m/crtn.o
                0x00006f0c                . = ALIGN (0x4)
                0x00006f0c                __fini_array_start = .
 *(.fini_array)
 .fini_array    0x00006f0c        0x4 c:/program files (x86)/atmel/atmel toolchain/arm gcc/native/4.8.1443/arm-gnu-toolchain/bin/../lib/gcc/arm-none-eabi/4.8.4/armv6-m/crtbegin.o
 *(SORT(.fini_array.*))
                0x00006f10                __fini_array_end = .
 *crtbegin.o(.dtors)
 *(EXCLUDE_FILE(*crtend.o) .dtors)
 *(SORT(.dtors.*))
 *crtend.o(.dtors)
                0x00006f10                . = ALIGN (0x4)
                0x00006f10                _efixed = .
                0x00006f10                PROVIDE (__exidx_start, .)

.vfp11_veneer   0x00006f10        0x0
 .vfp11_veneer  0x00000000        0x0 linker stubs

.v4_bx          0x00006f10        0x0
 .v4_bx         0x00000000        0x0 linker stubs

.iplt           0x00006f10        0x0
 .iplt          0x00000000        0x0 c:/program files (x86)/atmel/atmel toolchain/arm gcc/native/4.8.1443/arm-gnu-toolchain/bin/../lib/gcc/arm-none-eabi/4.8.4/armv6-m/crtbegin.o

.eh_frame       0x00006f10        0x0
 .eh_frame      0x00006f10        0x0 c:/program files (x86)/atmel/atmel toolchain/arm gcc/native/4.8.1443/arm-gnu-toolchain/bin/../lib/gcc/arm-none-eabi/4.8.4/armv6-m/crtbegin.o

.rel.dyn        0x00006f10        0x0
 .rel.iplt      0x00000000        0x0 c:/program files (x86)/atmel/atmel toolchain/arm gcc/native/4.8.1443/arm-gnu-toolchain/bin/../lib/gcc/arm-none-eabi/4.8.4/armv6-m/crtbegin.o

.jcr            0x00006f10        0x0
 .jcr           0x00006f10        0x0 c:/program files (x86)/atmel/atmel toolchain/arm gcc/native/4.8.1443/arm-gnu-toolchain/bin/../lib/gcc/arm-none-eabi/4.8.4/armv6-m/crtbegin.o

.igot.plt       0x00006f10        0x0
 .igot.plt      0x00000000        0x0 c:/program files (x86)/atmel/atmel toolchain/arm gcc/native/4.8.1443/arm-gnu-toolchain/bin/../lib/gcc/arm-none-eabi/4.8.4/armv6-m/crtbegin.o

.ARM.exidx
 *(.ARM.exidx* .gnu.linkonce.armexidx.*)
                0x00006f10                PROVIDE (__exidx_end, .)
                0x00006f10                . = ALIGN (0x4)
                0x00006f10                _etext = .

.relocate       0x20000000       0x84 load address 0x00006f10
                0x20000000                . = ALIGN (0x4)
                0x20000000                _srelocate = .
 *(.ramfunc .ramfunc.*)
 *(.data .data.*)
 .data.g_interrupt_enabled
                0x20000000        0x1 src/ASF/common/utils/interrupt/interrupt_sam_nvic.o
                0x20000000                g_interrupt_enabled
 *fill*         0x20000001        0x3 
 .data.framelement
                0x20000004        0x8 src/main.o
                0x20000004                framelement
 .data.PILOGO   0x2000000c        0x8 src/main.o
                0x2000000c                PILOGO
 .data.DegreeSym
                0x20000014        0x8 src/main.o
                0x20000014                DegreeSym
 .data.__fdlib_version
                0x2000001c        0x1 c:/program files (x86)/atmel/atmel toolchain/arm gcc/native/4.8.1443/arm-gnu-toolchain/bin/../lib/gcc/arm-none-eabi/4.8.4/../../../../arm-none-eabi/lib/armv6-m\libm.a(lib_a-s_lib_ver.o)
                0x2000001c                __fdlib_version
 *fill*         0x2000001d        0x3 
 .data.impure_data
                0x20000020       0x60 c:/program files (x86)/atmel/atmel toolchain/arm gcc/native/4.8.1443/arm-gnu-toolchain/bin/../lib/gcc/arm-none-eabi/4.8.4/../../../../arm-none-eabi/lib/armv6-m\libc_s.a(lib_a-impure.o)
 .data._impure_ptr
                0x20000080        0x4 c:/program files (x86)/atmel/atmel toolchain/arm gcc/native/4.8.1443/arm-gnu-toolchain/bin/../lib/gcc/arm-none-eabi/4.8.4/../../../../arm-none-eabi/lib/armv6-m\libc_s.a(lib_a-impure.o)
                0x20000080                _impure_ptr
                0x20000084                . = ALIGN (0x4)
                0x20000084                _erelocate = .

.bss            0x20000084      0x120 load address 0x00006f94
                0x20000084                . = ALIGN (0x4)
                0x20000084                _sbss = .
                0x20000084                _szero = .
 *(.bss .bss.*)
 .bss           0x20000084       0x1c c:/program files (x86)/atmel/atmel toolchain/arm gcc/native/4.8.1443/arm-gnu-toolchain/bin/../lib/gcc/arm-none-eabi/4.8.4/armv6-m/crtbegin.o
 .bss._sercom_config
                0x200000a0        0x4 src/ASF/sam0/drivers/sercom/sercom.o
 .bss.cpu_irq_critical_section_counter
                0x200000a4        0x4 src/ASF/common/utils/interrupt/interrupt_sam_nvic.o
 .bss.cpu_irq_prev_interrupt_state
                0x200000a8        0x1 src/ASF/common/utils/interrupt/interrupt_sam_nvic.o
 *fill*         0x200000a9        0x3 
 .bss._system_clock_inst
                0x200000ac       0x14 src/ASF/sam0/drivers/system/clock/clock_samd20/clock.o
 *(COMMON)
 COMMON         0x200000c0        0x6 src/MatrixKeypad.o
                0x200000c0                UpdateKey
                0x200000c1                ParaKey
                0x200000c2                RunKey
                0x200000c3                EnterKey
                0x200000c4                StartKey
                0x200000c5                StopKey
 *fill*         0x200000c6        0x2 
 COMMON         0x200000c8        0x4 src/UserInterface.o
                0x200000c8                _data_pins
 COMMON         0x200000cc       0xcc src/Calibration.o
                0x200000cc                Orifice_PT100
                0x200000e8                Ambient_PT100
                0x20000104                ExtADCSign
                0x20000106                ExtADC_16bitMag
                0x20000108                Stack_TC
                0x2000011c                ExtADC24bitData
                0x20000120                Aux_Temp
                0x2000013c                OrifPart_DP
                0x20000150                ExtADCMid
                0x20000151                ExtADCLo
                0x20000152                Pt100TempSign
                0x20000153                ExtADCHi
                0x20000154                Absolute_Pres
                0x20000170                Pitot_DP
                0x20000184                OrifGas_DP
 COMMON         0x20000198        0xc src/EEProm.o
                0x20000198                i2c_master_instance
                0x200001a4                . = ALIGN (0x4)
                0x200001a4                _ebss = .
                0x200001a4                _ezero = .

.stack          0x200001a4     0x1004 load address 0x000070b4
                0x200001a8                . = ALIGN (0x8)
 *fill*         0x200001a4        0x4 
                0x200001a8                _sstack = .
                0x200011a8                . = (. + STACK_SIZE)
 *fill*         0x200001a8     0x1000 
                0x200011a8                . = ALIGN (0x8)
                0x200011a8                _estack = .
                0x200011a8                . = ALIGN (0x4)
                0x200011a8                _end = .
OUTPUT(SAMD.elf elf32-littlearm)

.ARM.attributes
                0x00000000       0x28
 .ARM.attributes
                0x00000000       0x1e c:/program files (x86)/atmel/atmel toolchain/arm gcc/native/4.8.1443/arm-gnu-toolchain/bin/../lib/gcc/arm-none-eabi/4.8.4/armv6-m/crti.o
 .ARM.attributes
                0x0000001e       0x2c c:/program files (x86)/atmel/atmel toolchain/arm gcc/native/4.8.1443/arm-gnu-toolchain/bin/../lib/gcc/arm-none-eabi/4.8.4/armv6-m/crtbegin.o
 .ARM.attributes
                0x0000004a       0x32 src/ASF/sam0/drivers/sercom/i2c/i2c_samd20/i2c_master.o
 .ARM.attributes
                0x0000007c       0x32 src/ASF/sam0/drivers/sercom/sercom.o
 .ARM.attributes
                0x000000ae       0x32 src/MatrixKeypad.o
 .ARM.attributes
                0x000000e0       0x32 src/S_GCLOCK.o
 .ARM.attributes
                0x00000112       0x32 src/S_PORT.o
 .ARM.attributes
                0x00000144       0x32 src/S_SPI.o
 .ARM.attributes
                0x00000176       0x32 src/UserInterface.o
 .ARM.attributes
                0x000001a8       0x32 src/ASF/common2/boards/user_board/init.o
 .ARM.attributes
                0x000001da       0x32 src/ASF/common/utils/interrupt/interrupt_sam_nvic.o
 .ARM.attributes
                0x0000020c       0x32 src/ASF/sam0/drivers/system/clock/clock_samd20/clock.o
 .ARM.attributes
                0x0000023e       0x32 src/ASF/sam0/drivers/system/clock/clock_samd20/gclk.o
 .ARM.attributes
                0x00000270       0x32 src/ASF/sam0/drivers/system/pinmux/pinmux.o
 .ARM.attributes
                0x000002a2       0x32 src/ASF/sam0/drivers/system/system.o
 .ARM.attributes
                0x000002d4       0x32 src/ASF/sam0/utils/cmsis/samd20/source/gcc/startup_samd20.o
 .ARM.attributes
                0x00000306       0x32 src/Calibration.o
 .ARM.attributes
                0x00000338       0x32 src/CharLCD.o
 .ARM.attributes
                0x0000036a       0x32 src/Computations.o
 .ARM.attributes
                0x0000039c       0x32 src/Delay.o
 .ARM.attributes
                0x000003ce       0x32 src/EEProm.o
 .ARM.attributes
                0x00000400       0x32 src/ExtADC.o
 .ARM.attributes
                0x00000432       0x32 src/LCDAdvanced.o
 .ARM.attributes
                0x00000464       0x32 src/main.o
 .ARM.attributes
                0x00000496       0x2c c:/program files (x86)/atmel/atmel toolchain/arm gcc/native/4.8.1443/arm-gnu-toolchain/bin/../lib/gcc/arm-none-eabi/4.8.4/../../../../arm-none-eabi/lib/armv6-m\libm.a(lib_a-w_sqrt.o)
 .ARM.attributes
                0x000004c2       0x2c c:/program files (x86)/atmel/atmel toolchain/arm gcc/native/4.8.1443/arm-gnu-toolchain/bin/../lib/gcc/arm-none-eabi/4.8.4/../../../../arm-none-eabi/lib/armv6-m\libm.a(lib_a-e_sqrt.o)
 .ARM.attributes
                0x000004ee       0x2c c:/program files (x86)/atmel/atmel toolchain/arm gcc/native/4.8.1443/arm-gnu-toolchain/bin/../lib/gcc/arm-none-eabi/4.8.4/../../../../arm-none-eabi/lib/armv6-m\libm.a(lib_a-s_fpclassify.o)
 .ARM.attributes
                0x0000051a       0x2c c:/program files (x86)/atmel/atmel toolchain/arm gcc/native/4.8.1443/arm-gnu-toolchain/bin/../lib/gcc/arm-none-eabi/4.8.4/../../../../arm-none-eabi/lib/armv6-m\libm.a(lib_a-s_lib_ver.o)
 .ARM.attributes
                0x00000546       0x2c c:/program files (x86)/atmel/atmel toolchain/arm gcc/native/4.8.1443/arm-gnu-toolchain/bin/../lib/gcc/arm-none-eabi/4.8.4/../../../../arm-none-eabi/lib/armv6-m\libm.a(lib_a-s_matherr.o)
 .ARM.attributes
                0x00000572       0x1e c:/program files (x86)/atmel/atmel toolchain/arm gcc/native/4.8.1443/arm-gnu-toolchain/bin/../lib/gcc/arm-none-eabi/4.8.4/armv6-m\libgcc.a(_udivsi3.o)
 .ARM.attributes
                0x00000590       0x1e c:/program files (x86)/atmel/atmel toolchain/arm gcc/native/4.8.1443/arm-gnu-toolchain/bin/../lib/gcc/arm-none-eabi/4.8.4/armv6-m\libgcc.a(_dvmd_tls.o)
 .ARM.attributes
                0x000005ae       0x1e c:/program files (x86)/atmel/atmel toolchain/arm gcc/native/4.8.1443/arm-gnu-toolchain/bin/../lib/gcc/arm-none-eabi/4.8.4/armv6-m\libgcc.a(_arm_cmpdf2.o)
 .ARM.attributes
                0x000005cc       0x1e c:/program files (x86)/atmel/atmel toolchain/arm gcc/native/4.8.1443/arm-gnu-toolchain/bin/../lib/gcc/arm-none-eabi/4.8.4/armv6-m\libgcc.a(_arm_cmpsf2.o)
 .ARM.attributes
                0x000005ea       0x2c c:/program files (x86)/atmel/atmel toolchain/arm gcc/native/4.8.1443/arm-gnu-toolchain/bin/../lib/gcc/arm-none-eabi/4.8.4/armv6-m\libgcc.a(_fixunssfsi.o)
 .ARM.attributes
                0x00000616       0x2c c:/program files (x86)/atmel/atmel toolchain/arm gcc/native/4.8.1443/arm-gnu-toolchain/bin/../lib/gcc/arm-none-eabi/4.8.4/armv6-m\libgcc.a(addsf3.o)
 .ARM.attributes
                0x00000642       0x2c c:/program files (x86)/atmel/atmel toolchain/arm gcc/native/4.8.1443/arm-gnu-toolchain/bin/../lib/gcc/arm-none-eabi/4.8.4/armv6-m\libgcc.a(divsf3.o)
 .ARM.attributes
                0x0000066e       0x2c c:/program files (x86)/atmel/atmel toolchain/arm gcc/native/4.8.1443/arm-gnu-toolchain/bin/../lib/gcc/arm-none-eabi/4.8.4/armv6-m\libgcc.a(eqsf2.o)
 .ARM.attributes
                0x0000069a       0x2c c:/program files (x86)/atmel/atmel toolchain/arm gcc/native/4.8.1443/arm-gnu-toolchain/bin/../lib/gcc/arm-none-eabi/4.8.4/armv6-m\libgcc.a(gesf2.o)
 .ARM.attributes
                0x000006c6       0x2c c:/program files (x86)/atmel/atmel toolchain/arm gcc/native/4.8.1443/arm-gnu-toolchain/bin/../lib/gcc/arm-none-eabi/4.8.4/armv6-m\libgcc.a(lesf2.o)
 .ARM.attributes
                0x000006f2       0x2c c:/program files (x86)/atmel/atmel toolchain/arm gcc/native/4.8.1443/arm-gnu-toolchain/bin/../lib/gcc/arm-none-eabi/4.8.4/armv6-m\libgcc.a(mulsf3.o)
 .ARM.attributes
                0x0000071e       0x2c c:/program files (x86)/atmel/atmel toolchain/arm gcc/native/4.8.1443/arm-gnu-toolchain/bin/../lib/gcc/arm-none-eabi/4.8.4/armv6-m\libgcc.a(subsf3.o)
 .ARM.attributes
                0x0000074a       0x2c c:/program files (x86)/atmel/atmel toolchain/arm gcc/native/4.8.1443/arm-gnu-toolchain/bin/../lib/gcc/arm-none-eabi/4.8.4/armv6-m\libgcc.a(fixsfsi.o)
 .ARM.attributes
                0x00000776       0x2c c:/program files (x86)/atmel/atmel toolchain/arm gcc/native/4.8.1443/arm-gnu-toolchain/bin/../lib/gcc/arm-none-eabi/4.8.4/armv6-m\libgcc.a(floatsisf.o)
 .ARM.attributes
                0x000007a2       0x2c c:/program files (x86)/atmel/atmel toolchain/arm gcc/native/4.8.1443/arm-gnu-toolchain/bin/../lib/gcc/arm-none-eabi/4.8.4/armv6-m\libgcc.a(floatunsisf.o)
 .ARM.attributes
                0x000007ce       0x2c c:/program files (x86)/atmel/atmel toolchain/arm gcc/native/4.8.1443/arm-gnu-toolchain/bin/../lib/gcc/arm-none-eabi/4.8.4/armv6-m\libgcc.a(adddf3.o)
 .ARM.attributes
                0x000007fa       0x2c c:/program files (x86)/atmel/atmel toolchain/arm gcc/native/4.8.1443/arm-gnu-toolchain/bin/../lib/gcc/arm-none-eabi/4.8.4/armv6-m\libgcc.a(divdf3.o)
 .ARM.attributes
                0x00000826       0x2c c:/program files (x86)/atmel/atmel toolchain/arm gcc/native/4.8.1443/arm-gnu-toolchain/bin/../lib/gcc/arm-none-eabi/4.8.4/armv6-m\libgcc.a(eqdf2.o)
 .ARM.attributes
                0x00000852       0x2c c:/program files (x86)/atmel/atmel toolchain/arm gcc/native/4.8.1443/arm-gnu-toolchain/bin/../lib/gcc/arm-none-eabi/4.8.4/armv6-m\libgcc.a(gedf2.o)
 .ARM.attributes
                0x0000087e       0x2c c:/program files (x86)/atmel/atmel toolchain/arm gcc/native/4.8.1443/arm-gnu-toolchain/bin/../lib/gcc/arm-none-eabi/4.8.4/armv6-m\libgcc.a(ledf2.o)
 .ARM.attributes
                0x000008aa       0x2c c:/program files (x86)/atmel/atmel toolchain/arm gcc/native/4.8.1443/arm-gnu-toolchain/bin/../lib/gcc/arm-none-eabi/4.8.4/armv6-m\libgcc.a(muldf3.o)
 .ARM.attributes
                0x000008d6       0x2c c:/program files (x86)/atmel/atmel toolchain/arm gcc/native/4.8.1443/arm-gnu-toolchain/bin/../lib/gcc/arm-none-eabi/4.8.4/armv6-m\libgcc.a(subdf3.o)
 .ARM.attributes
                0x00000902       0x2c c:/program files (x86)/atmel/atmel toolchain/arm gcc/native/4.8.1443/arm-gnu-toolchain/bin/../lib/gcc/arm-none-eabi/4.8.4/armv6-m\libgcc.a(extendsfdf2.o)
 .ARM.attributes
                0x0000092e       0x2c c:/program files (x86)/atmel/atmel toolchain/arm gcc/native/4.8.1443/arm-gnu-toolchain/bin/../lib/gcc/arm-none-eabi/4.8.4/armv6-m\libgcc.a(truncdfsf2.o)
 .ARM.attributes
                0x0000095a       0x1e c:/program files (x86)/atmel/atmel toolchain/arm gcc/native/4.8.1443/arm-gnu-toolchain/bin/../lib/gcc/arm-none-eabi/4.8.4/armv6-m\libgcc.a(_clzsi2.o)
 .ARM.attributes
                0x00000978       0x2c c:/program files (x86)/atmel/atmel toolchain/arm gcc/native/4.8.1443/arm-gnu-toolchain/bin/../lib/gcc/arm-none-eabi/4.8.4/../../../../arm-none-eabi/lib/armv6-m\libc_s.a(lib_a-errno.o)
 .ARM.attributes
                0x000009a4       0x2c c:/program files (x86)/atmel/atmel toolchain/arm gcc/native/4.8.1443/arm-gnu-toolchain/bin/../lib/gcc/arm-none-eabi/4.8.4/../../../../arm-none-eabi/lib/armv6-m\libc_s.a(lib_a-impure.o)
 .ARM.attributes
                0x000009d0       0x2c c:/program files (x86)/atmel/atmel toolchain/arm gcc/native/4.8.1443/arm-gnu-toolchain/bin/../lib/gcc/arm-none-eabi/4.8.4/../../../../arm-none-eabi/lib/armv6-m\libc_s.a(lib_a-init.o)
 .ARM.attributes
                0x000009fc       0x2c c:/program files (x86)/atmel/atmel toolchain/arm gcc/native/4.8.1443/arm-gnu-toolchain/bin/../lib/gcc/arm-none-eabi/4.8.4/../../../../arm-none-eabi/lib/armv6-m\libc_s.a(lib_a-findfp.o)
 .ARM.attributes
                0x00000a28       0x1e c:/program files (x86)/atmel/atmel toolchain/arm gcc/native/4.8.1443/arm-gnu-toolchain/bin/../lib/gcc/arm-none-eabi/4.8.4/armv6-m/crtn.o

.comment        0x00000000       0x5b
 .comment       0x00000000       0x5b src/ASF/sam0/drivers/sercom/i2c/i2c_samd20/i2c_master.o
                                 0x5c (size before relaxing)
 .comment       0x00000000       0x5c src/ASF/sam0/drivers/sercom/sercom.o
 .comment       0x00000000       0x5c src/MatrixKeypad.o
 .comment       0x00000000       0x5c src/S_GCLOCK.o
 .comment       0x00000000       0x5c src/S_PORT.o
 .comment       0x00000000       0x5c src/S_SPI.o
 .comment       0x00000000       0x5c src/UserInterface.o
 .comment       0x00000000       0x5c src/ASF/common2/boards/user_board/init.o
 .comment       0x00000000       0x5c src/ASF/common/utils/interrupt/interrupt_sam_nvic.o
 .comment       0x00000000       0x5c src/ASF/sam0/drivers/system/clock/clock_samd20/clock.o
 .comment       0x00000000       0x5c src/ASF/sam0/drivers/system/clock/clock_samd20/gclk.o
 .comment       0x00000000       0x5c src/ASF/sam0/drivers/system/pinmux/pinmux.o
 .comment       0x00000000       0x5c src/ASF/sam0/drivers/system/system.o
 .comment       0x00000000       0x5c src/ASF/sam0/utils/cmsis/samd20/source/gcc/startup_samd20.o
 .comment       0x00000000       0x5c src/Calibration.o
 .comment       0x00000000       0x5c src/CharLCD.o
 .comment       0x00000000       0x5c src/Computations.o
 .comment       0x00000000       0x5c src/Delay.o
 .comment       0x00000000       0x5c src/EEProm.o
 .comment       0x00000000       0x5c src/ExtADC.o
 .comment       0x00000000       0x5c src/LCDAdvanced.o
 .comment       0x00000000       0x5c src/main.o

.debug_info     0x00000000    0x14fe3
 .debug_info    0x00000000     0x377d src/ASF/sam0/drivers/sercom/i2c/i2c_samd20/i2c_master.o
 .debug_info    0x0000377d     0x1d9d src/ASF/sam0/drivers/sercom/sercom.o
 .debug_info    0x0000551a      0x4be src/MatrixKeypad.o
 .debug_info    0x000059d8      0x282 src/S_GCLOCK.o
 .debug_info    0x00005c5a      0x1fe src/S_PORT.o
 .debug_info    0x00005e58      0x405 src/S_SPI.o
 .debug_info    0x0000625d      0x803 src/UserInterface.o
 .debug_info    0x00006a60      0x128 src/ASF/common2/boards/user_board/init.o
 .debug_info    0x00006b88      0x1ec src/ASF/common/utils/interrupt/interrupt_sam_nvic.o
 .debug_info    0x00006d74     0x34a8 src/ASF/sam0/drivers/system/clock/clock_samd20/clock.o
 .debug_info    0x0000a21c     0x1456 src/ASF/sam0/drivers/system/clock/clock_samd20/gclk.o
 .debug_info    0x0000b672      0xa49 src/ASF/sam0/drivers/system/pinmux/pinmux.o
 .debug_info    0x0000c0bb      0x16f src/ASF/sam0/drivers/system/system.o
 .debug_info    0x0000c22a      0x483 src/ASF/sam0/utils/cmsis/samd20/source/gcc/startup_samd20.o
 .debug_info    0x0000c6ad     0x1df1 src/Calibration.o
 .debug_info    0x0000e49e      0xdea src/CharLCD.o
 .debug_info    0x0000f288      0xa77 src/Computations.o
 .debug_info    0x0000fcff      0x21e src/Delay.o
 .debug_info    0x0000ff1d     0x20eb src/EEProm.o
 .debug_info    0x00012008      0x5d3 src/ExtADC.o
 .debug_info    0x000125db      0x87c src/LCDAdvanced.o
 .debug_info    0x00012e57     0x218c src/main.o

.debug_abbrev   0x00000000     0x2af5
 .debug_abbrev  0x00000000      0x475 src/ASF/sam0/drivers/sercom/i2c/i2c_samd20/i2c_master.o
 .debug_abbrev  0x00000475      0x2fd src/ASF/sam0/drivers/sercom/sercom.o
 .debug_abbrev  0x00000772      0x13a src/MatrixKeypad.o
 .debug_abbrev  0x000008ac       0xeb src/S_GCLOCK.o
 .debug_abbrev  0x00000997       0xf8 src/S_PORT.o
 .debug_abbrev  0x00000a8f       0xed src/S_SPI.o
 .debug_abbrev  0x00000b7c      0x1db src/UserInterface.o
 .debug_abbrev  0x00000d57       0x93 src/ASF/common2/boards/user_board/init.o
 .debug_abbrev  0x00000dea       0xf6 src/ASF/common/utils/interrupt/interrupt_sam_nvic.o
 .debug_abbrev  0x00000ee0      0x43b src/ASF/sam0/drivers/system/clock/clock_samd20/clock.o
 .debug_abbrev  0x0000131b      0x327 src/ASF/sam0/drivers/system/clock/clock_samd20/gclk.o
 .debug_abbrev  0x00001642      0x287 src/ASF/sam0/drivers/system/pinmux/pinmux.o
 .debug_abbrev  0x000018c9       0xb9 src/ASF/sam0/drivers/system/system.o
 .debug_abbrev  0x00001982      0x12e src/ASF/sam0/utils/cmsis/samd20/source/gcc/startup_samd20.o
 .debug_abbrev  0x00001ab0      0x280 src/Calibration.o
 .debug_abbrev  0x00001d30      0x20b src/CharLCD.o
 .debug_abbrev  0x00001f3b      0x1b7 src/Computations.o
 .debug_abbrev  0x000020f2       0xe8 src/Delay.o
 .debug_abbrev  0x000021da      0x34b src/EEProm.o
 .debug_abbrev  0x00002525      0x14c src/ExtADC.o
 .debug_abbrev  0x00002671      0x1f3 src/LCDAdvanced.o
 .debug_abbrev  0x00002864      0x291 src/main.o

.debug_loc      0x00000000     0x6245
 .debug_loc     0x00000000      0x9e9 src/ASF/sam0/drivers/sercom/i2c/i2c_samd20/i2c_master.o
 .debug_loc     0x000009e9      0x982 src/ASF/sam0/drivers/sercom/sercom.o
 .debug_loc     0x0000136b      0x118 src/MatrixKeypad.o
 .debug_loc     0x00001483      0x173 src/S_GCLOCK.o
 .debug_loc     0x000015f6      0x264 src/S_PORT.o
 .debug_loc     0x0000185a       0xc3 src/S_SPI.o
 .debug_loc     0x0000191d      0x7ed src/UserInterface.o
 .debug_loc     0x0000210a       0x1e src/ASF/common/utils/interrupt/interrupt_sam_nvic.o
 .debug_loc     0x00002128      0xfa4 src/ASF/sam0/drivers/system/clock/clock_samd20/clock.o
 .debug_loc     0x000030cc      0x508 src/ASF/sam0/drivers/system/clock/clock_samd20/gclk.o
 .debug_loc     0x000035d4      0x2e3 src/ASF/sam0/drivers/system/pinmux/pinmux.o
 .debug_loc     0x000038b7       0x20 src/ASF/sam0/drivers/system/system.o
 .debug_loc     0x000038d7       0x7c src/ASF/sam0/utils/cmsis/samd20/source/gcc/startup_samd20.o
 .debug_loc     0x00003953      0xda7 src/Calibration.o
 .debug_loc     0x000046fa      0x712 src/CharLCD.o
 .debug_loc     0x00004e0c      0x3ac src/Computations.o
 .debug_loc     0x000051b8      0x115 src/Delay.o
 .debug_loc     0x000052cd      0x4cb src/EEProm.o
 .debug_loc     0x00005798       0xb5 src/ExtADC.o
 .debug_loc     0x0000584d      0x90b src/LCDAdvanced.o
 .debug_loc     0x00006158       0xed src/main.o

.debug_aranges  0x00000000      0x730
 .debug_aranges
                0x00000000       0x78 src/ASF/sam0/drivers/sercom/i2c/i2c_samd20/i2c_master.o
 .debug_aranges
                0x00000078       0x40 src/ASF/sam0/drivers/sercom/sercom.o
 .debug_aranges
                0x000000b8       0x60 src/MatrixKeypad.o
 .debug_aranges
                0x00000118       0x38 src/S_GCLOCK.o
 .debug_aranges
                0x00000150       0x38 src/S_PORT.o
 .debug_aranges
                0x00000188       0x20 src/S_SPI.o
 .debug_aranges
                0x000001a8       0x50 src/UserInterface.o
 .debug_aranges
                0x000001f8       0x20 src/ASF/common2/boards/user_board/init.o
 .debug_aranges
                0x00000218       0x28 src/ASF/common/utils/interrupt/interrupt_sam_nvic.o
 .debug_aranges
                0x00000240       0x70 src/ASF/sam0/drivers/system/clock/clock_samd20/clock.o
 .debug_aranges
                0x000002b0       0x80 src/ASF/sam0/drivers/system/clock/clock_samd20/gclk.o
 .debug_aranges
                0x00000330       0x38 src/ASF/sam0/drivers/system/pinmux/pinmux.o
 .debug_aranges
                0x00000368       0x28 src/ASF/sam0/drivers/system/system.o
 .debug_aranges
                0x00000390       0x28 src/ASF/sam0/utils/cmsis/samd20/source/gcc/startup_samd20.o
 .debug_aranges
                0x000003b8       0xd8 src/Calibration.o
 .debug_aranges
                0x00000490       0xc8 src/CharLCD.o
 .debug_aranges
                0x00000558       0x50 src/Computations.o
 .debug_aranges
                0x000005a8       0x40 src/Delay.o
 .debug_aranges
                0x000005e8       0x78 src/EEProm.o
 .debug_aranges
                0x00000660       0x28 src/ExtADC.o
 .debug_aranges
                0x00000688       0x58 src/LCDAdvanced.o
 .debug_aranges
                0x000006e0       0x50 src/main.o

.debug_ranges   0x00000000      0x648
 .debug_ranges  0x00000000       0x80 src/ASF/sam0/drivers/sercom/i2c/i2c_samd20/i2c_master.o
 .debug_ranges  0x00000080       0x48 src/ASF/sam0/drivers/sercom/sercom.o
 .debug_ranges  0x000000c8       0x50 src/MatrixKeypad.o
 .debug_ranges  0x00000118       0x28 src/S_GCLOCK.o
 .debug_ranges  0x00000140       0x28 src/S_PORT.o
 .debug_ranges  0x00000168       0x10 src/S_SPI.o
 .debug_ranges  0x00000178       0x40 src/UserInterface.o
 .debug_ranges  0x000001b8       0x10 src/ASF/common2/boards/user_board/init.o
 .debug_ranges  0x000001c8       0x18 src/ASF/common/utils/interrupt/interrupt_sam_nvic.o
 .debug_ranges  0x000001e0       0x60 src/ASF/sam0/drivers/system/clock/clock_samd20/clock.o
 .debug_ranges  0x00000240       0x70 src/ASF/sam0/drivers/system/clock/clock_samd20/gclk.o
 .debug_ranges  0x000002b0       0x28 src/ASF/sam0/drivers/system/pinmux/pinmux.o
 .debug_ranges  0x000002d8       0x18 src/ASF/sam0/drivers/system/system.o
 .debug_ranges  0x000002f0       0x18 src/ASF/sam0/utils/cmsis/samd20/source/gcc/startup_samd20.o
 .debug_ranges  0x00000308       0xf8 src/Calibration.o
 .debug_ranges  0x00000400       0xd0 src/CharLCD.o
 .debug_ranges  0x000004d0       0x40 src/Computations.o
 .debug_ranges  0x00000510       0x30 src/Delay.o
 .debug_ranges  0x00000540       0x68 src/EEProm.o
 .debug_ranges  0x000005a8       0x18 src/ExtADC.o
 .debug_ranges  0x000005c0       0x48 src/LCDAdvanced.o
 .debug_ranges  0x00000608       0x40 src/main.o

.debug_macro    0x00000000    0x13c94
 .debug_macro   0x00000000      0x48c src/ASF/sam0/drivers/sercom/i2c/i2c_samd20/i2c_master.o
 .debug_macro   0x0000048c      0x82c src/ASF/sam0/drivers/sercom/i2c/i2c_samd20/i2c_master.o
 .debug_macro   0x00000cb8      0x166 src/ASF/sam0/drivers/sercom/i2c/i2c_samd20/i2c_master.o
 .debug_macro   0x00000e1e      0x4d1 src/ASF/sam0/drivers/sercom/i2c/i2c_samd20/i2c_master.o
 .debug_macro   0x000012ef       0x16 src/ASF/sam0/drivers/sercom/i2c/i2c_samd20/i2c_master.o
 .debug_macro   0x00001305       0x44 src/ASF/sam0/drivers/sercom/i2c/i2c_samd20/i2c_master.o
 .debug_macro   0x00001349      0x209 src/ASF/sam0/drivers/sercom/i2c/i2c_samd20/i2c_master.o
 .debug_macro   0x00001552       0x10 src/ASF/sam0/drivers/sercom/i2c/i2c_samd20/i2c_master.o
 .debug_macro   0x00001562       0x76 src/ASF/sam0/drivers/sercom/i2c/i2c_samd20/i2c_master.o
 .debug_macro   0x000015d8       0x16 src/ASF/sam0/drivers/sercom/i2c/i2c_samd20/i2c_master.o
 .debug_macro   0x000015ee      0x6e5 src/ASF/sam0/drivers/sercom/i2c/i2c_samd20/i2c_master.o
 .debug_macro   0x00001cd3      0xde2 src/ASF/sam0/drivers/sercom/i2c/i2c_samd20/i2c_master.o
 .debug_macro   0x00002ab5       0x22 src/ASF/sam0/drivers/sercom/i2c/i2c_samd20/i2c_master.o
 .debug_macro   0x00002ad7       0x40 src/ASF/sam0/drivers/sercom/i2c/i2c_samd20/i2c_master.o
 .debug_macro   0x00002b17       0x3a src/ASF/sam0/drivers/sercom/i2c/i2c_samd20/i2c_master.o
 .debug_macro   0x00002b51      0x24f src/ASF/sam0/drivers/sercom/i2c/i2c_samd20/i2c_master.o
 .debug_macro   0x00002da0      0x682 src/ASF/sam0/drivers/sercom/i2c/i2c_samd20/i2c_master.o
 .debug_macro   0x00003422      0x8c1 src/ASF/sam0/drivers/sercom/i2c/i2c_samd20/i2c_master.o
 .debug_macro   0x00003ce3      0x229 src/ASF/sam0/drivers/sercom/i2c/i2c_samd20/i2c_master.o
 .debug_macro   0x00003f0c      0x5bf src/ASF/sam0/drivers/sercom/i2c/i2c_samd20/i2c_master.o
 .debug_macro   0x000044cb      0x9fb src/ASF/sam0/drivers/sercom/i2c/i2c_samd20/i2c_master.o
 .debug_macro   0x00004ec6      0x5b8 src/ASF/sam0/drivers/sercom/i2c/i2c_samd20/i2c_master.o
 .debug_macro   0x0000547e      0x4b6 src/ASF/sam0/drivers/sercom/i2c/i2c_samd20/i2c_master.o
 .debug_macro   0x00005934      0x74c src/ASF/sam0/drivers/sercom/i2c/i2c_samd20/i2c_master.o
 .debug_macro   0x00006080       0x5e src/ASF/sam0/drivers/sercom/i2c/i2c_samd20/i2c_master.o
 .debug_macro   0x000060de      0x5e2 src/ASF/sam0/drivers/sercom/i2c/i2c_samd20/i2c_master.o
 .debug_macro   0x000066c0      0x3b8 src/ASF/sam0/drivers/sercom/i2c/i2c_samd20/i2c_master.o
 .debug_macro   0x00006a78      0xc55 src/ASF/sam0/drivers/sercom/i2c/i2c_samd20/i2c_master.o
 .debug_macro   0x000076cd      0xd29 src/ASF/sam0/drivers/sercom/i2c/i2c_samd20/i2c_master.o
 .debug_macro   0x000083f6      0x7b8 src/ASF/sam0/drivers/sercom/i2c/i2c_samd20/i2c_master.o
 .debug_macro   0x00008bae      0x6c2 src/ASF/sam0/drivers/sercom/i2c/i2c_samd20/i2c_master.o
 .debug_macro   0x00009270      0x351 src/ASF/sam0/drivers/sercom/i2c/i2c_samd20/i2c_master.o
 .debug_macro   0x000095c1       0x7c src/ASF/sam0/drivers/sercom/i2c/i2c_samd20/i2c_master.o
 .debug_macro   0x0000963d       0x9a src/ASF/sam0/drivers/sercom/i2c/i2c_samd20/i2c_master.o
 .debug_macro   0x000096d7       0x46 src/ASF/sam0/drivers/sercom/i2c/i2c_samd20/i2c_master.o
 .debug_macro   0x0000971d       0xb2 src/ASF/sam0/drivers/sercom/i2c/i2c_samd20/i2c_master.o
 .debug_macro   0x000097cf       0x6a src/ASF/sam0/drivers/sercom/i2c/i2c_samd20/i2c_master.o
 .debug_macro   0x00009839      0x287 src/ASF/sam0/drivers/sercom/i2c/i2c_samd20/i2c_master.o
 .debug_macro   0x00009ac0       0x82 src/ASF/sam0/drivers/sercom/i2c/i2c_samd20/i2c_master.o
 .debug_macro   0x00009b42       0xb8 src/ASF/sam0/drivers/sercom/i2c/i2c_samd20/i2c_master.o
 .debug_macro   0x00009bfa       0x1c src/ASF/sam0/drivers/sercom/i2c/i2c_samd20/i2c_master.o
 .debug_macro   0x00009c16       0x1c src/ASF/sam0/drivers/sercom/i2c/i2c_samd20/i2c_master.o
 .debug_macro   0x00009c32       0x1c src/ASF/sam0/drivers/sercom/i2c/i2c_samd20/i2c_master.o
 .debug_macro   0x00009c4e       0x7c src/ASF/sam0/drivers/sercom/i2c/i2c_samd20/i2c_master.o
 .debug_macro   0x00009cca      0x164 src/ASF/sam0/drivers/sercom/i2c/i2c_samd20/i2c_master.o
 .debug_macro   0x00009e2e       0xdc src/ASF/sam0/drivers/sercom/i2c/i2c_samd20/i2c_master.o
 .debug_macro   0x00009f0a      0x104 src/ASF/sam0/drivers/sercom/i2c/i2c_samd20/i2c_master.o
 .debug_macro   0x0000a00e      0x104 src/ASF/sam0/drivers/sercom/i2c/i2c_samd20/i2c_master.o
 .debug_macro   0x0000a112      0x104 src/ASF/sam0/drivers/sercom/i2c/i2c_samd20/i2c_master.o
 .debug_macro   0x0000a216      0x104 src/ASF/sam0/drivers/sercom/i2c/i2c_samd20/i2c_master.o
 .debug_macro   0x0000a31a      0x104 src/ASF/sam0/drivers/sercom/i2c/i2c_samd20/i2c_master.o
 .debug_macro   0x0000a41e      0x104 src/ASF/sam0/drivers/sercom/i2c/i2c_samd20/i2c_master.o
 .debug_macro   0x0000a522       0xfa src/ASF/sam0/drivers/sercom/i2c/i2c_samd20/i2c_master.o
 .debug_macro   0x0000a61c       0xbe src/ASF/sam0/drivers/sercom/i2c/i2c_samd20/i2c_master.o
 .debug_macro   0x0000a6da       0xbe src/ASF/sam0/drivers/sercom/i2c/i2c_samd20/i2c_master.o
 .debug_macro   0x0000a798       0xbe src/ASF/sam0/drivers/sercom/i2c/i2c_samd20/i2c_master.o
 .debug_macro   0x0000a856       0xbe src/ASF/sam0/drivers/sercom/i2c/i2c_samd20/i2c_master.o
 .debug_macro   0x0000a914       0xbe src/ASF/sam0/drivers/sercom/i2c/i2c_samd20/i2c_master.o
 .debug_macro   0x0000a9d2       0xbe src/ASF/sam0/drivers/sercom/i2c/i2c_samd20/i2c_master.o
 .debug_macro   0x0000aa90       0xbe src/ASF/sam0/drivers/sercom/i2c/i2c_samd20/i2c_master.o
 .debug_macro   0x0000ab4e       0xbe src/ASF/sam0/drivers/sercom/i2c/i2c_samd20/i2c_master.o
 .debug_macro   0x0000ac0c       0x40 src/ASF/sam0/drivers/sercom/i2c/i2c_samd20/i2c_master.o
 .debug_macro   0x0000ac4c      0x2e3 src/ASF/sam0/drivers/sercom/i2c/i2c_samd20/i2c_master.o
 .debug_macro   0x0000af2f     0x19e0 src/ASF/sam0/drivers/sercom/i2c/i2c_samd20/i2c_master.o
 .debug_macro   0x0000c90f       0x4a src/ASF/sam0/drivers/sercom/i2c/i2c_samd20/i2c_master.o
 .debug_macro   0x0000c959       0x58 src/ASF/sam0/drivers/sercom/i2c/i2c_samd20/i2c_master.o
 .debug_macro   0x0000c9b1       0x35 src/ASF/sam0/drivers/sercom/i2c/i2c_samd20/i2c_master.o
 .debug_macro   0x0000c9e6       0xa3 src/ASF/sam0/drivers/sercom/i2c/i2c_samd20/i2c_master.o
 .debug_macro   0x0000ca89       0x16 src/ASF/sam0/drivers/sercom/i2c/i2c_samd20/i2c_master.o
 .debug_macro   0x0000ca9f       0x35 src/ASF/sam0/drivers/sercom/i2c/i2c_samd20/i2c_master.o
 .debug_macro   0x0000cad4       0x10 src/ASF/sam0/drivers/sercom/i2c/i2c_samd20/i2c_master.o
 .debug_macro   0x0000cae4       0x52 src/ASF/sam0/drivers/sercom/i2c/i2c_samd20/i2c_master.o
 .debug_macro   0x0000cb36       0x16 src/ASF/sam0/drivers/sercom/i2c/i2c_samd20/i2c_master.o
 .debug_macro   0x0000cb4c       0x43 src/ASF/sam0/drivers/sercom/i2c/i2c_samd20/i2c_master.o
 .debug_macro   0x0000cb8f      0x180 src/ASF/sam0/drivers/sercom/i2c/i2c_samd20/i2c_master.o
 .debug_macro   0x0000cd0f       0x10 src/ASF/sam0/drivers/sercom/i2c/i2c_samd20/i2c_master.o
 .debug_macro   0x0000cd1f       0x22 src/ASF/sam0/drivers/sercom/i2c/i2c_samd20/i2c_master.o
 .debug_macro   0x0000cd41       0xbd src/ASF/sam0/drivers/sercom/i2c/i2c_samd20/i2c_master.o
 .debug_macro   0x0000cdfe       0x16 src/ASF/sam0/drivers/sercom/i2c/i2c_samd20/i2c_master.o
 .debug_macro   0x0000ce14      0x16c src/ASF/sam0/drivers/sercom/i2c/i2c_samd20/i2c_master.o
 .debug_macro   0x0000cf80       0x16 src/ASF/sam0/drivers/sercom/i2c/i2c_samd20/i2c_master.o
 .debug_macro   0x0000cf96       0x16 src/ASF/sam0/drivers/sercom/i2c/i2c_samd20/i2c_master.o
 .debug_macro   0x0000cfac       0x29 src/ASF/sam0/drivers/sercom/i2c/i2c_samd20/i2c_master.o
 .debug_macro   0x0000cfd5       0x51 src/ASF/sam0/drivers/sercom/i2c/i2c_samd20/i2c_master.o
 .debug_macro   0x0000d026       0x3f src/ASF/sam0/drivers/sercom/i2c/i2c_samd20/i2c_master.o
 .debug_macro   0x0000d065      0x3df src/ASF/sam0/drivers/sercom/i2c/i2c_samd20/i2c_master.o
 .debug_macro   0x0000d444       0x11 src/ASF/sam0/drivers/sercom/i2c/i2c_samd20/i2c_master.o
 .debug_macro   0x0000d455       0x2e src/ASF/sam0/drivers/sercom/i2c/i2c_samd20/i2c_master.o
 .debug_macro   0x0000d483       0xb2 src/ASF/sam0/drivers/sercom/i2c/i2c_samd20/i2c_master.o
 .debug_macro   0x0000d535       0x10 src/ASF/sam0/drivers/sercom/i2c/i2c_samd20/i2c_master.o
 .debug_macro   0x0000d545      0x48b src/ASF/sam0/drivers/sercom/sercom.o
 .debug_macro   0x0000d9d0      0x42b src/MatrixKeypad.o
 .debug_macro   0x0000ddfb      0x422 src/MatrixKeypad.o
 .debug_macro   0x0000e21d       0x46 src/MatrixKeypad.o
 .debug_macro   0x0000e263       0x7c src/MatrixKeypad.o
 .debug_macro   0x0000e2df      0x40b src/S_GCLOCK.o
 .debug_macro   0x0000e6ea      0x148 src/S_GCLOCK.o
 .debug_macro   0x0000e832      0x405 src/S_PORT.o
 .debug_macro   0x0000ec37      0x417 src/S_SPI.o
 .debug_macro   0x0000f04e       0x28 src/S_SPI.o
 .debug_macro   0x0000f076      0x421 src/UserInterface.o
 .debug_macro   0x0000f497       0x28 src/UserInterface.o
 .debug_macro   0x0000f4bf      0x4bd src/ASF/common2/boards/user_board/init.o
 .debug_macro   0x0000f97c      0x248 src/ASF/common2/boards/user_board/init.o
 .debug_macro   0x0000fbc4      0x3fc src/ASF/common/utils/interrupt/interrupt_sam_nvic.o
 .debug_macro   0x0000ffc0      0x512 src/ASF/sam0/drivers/system/clock/clock_samd20/clock.o
 .debug_macro   0x000104d2      0x26b src/ASF/sam0/drivers/system/clock/clock_samd20/clock.o
 .debug_macro   0x0001073d      0x433 src/ASF/sam0/drivers/system/clock/clock_samd20/gclk.o
 .debug_macro   0x00010b70      0x40e src/ASF/sam0/drivers/system/pinmux/pinmux.o
 .debug_macro   0x00010f7e      0x441 src/ASF/sam0/drivers/system/system.o
 .debug_macro   0x000113bf      0x269 src/ASF/sam0/utils/cmsis/samd20/source/gcc/startup_samd20.o
 .debug_macro   0x00011628       0x3a src/ASF/sam0/utils/cmsis/samd20/source/gcc/startup_samd20.o
 .debug_macro   0x00011662      0x473 src/Calibration.o
 .debug_macro   0x00011ad5       0x16 src/Calibration.o
 .debug_macro   0x00011aeb      0x438 src/CharLCD.o
 .debug_macro   0x00011f23      0x423 src/Computations.o
 .debug_macro   0x00012346      0x1e1 src/Computations.o
 .debug_macro   0x00012527      0x406 src/Delay.o
 .debug_macro   0x0001292d      0x4ff src/EEProm.o
 .debug_macro   0x00012e2c       0x52 src/EEProm.o
 .debug_macro   0x00012e7e      0x489 src/ExtADC.o
 .debug_macro   0x00013307      0x427 src/LCDAdvanced.o
 .debug_macro   0x0001372e      0x566 src/main.o

.debug_line     0x00000000     0xd29b
 .debug_line    0x00000000      0xc2e src/ASF/sam0/drivers/sercom/i2c/i2c_samd20/i2c_master.o
 .debug_line    0x00000c2e      0xade src/ASF/sam0/drivers/sercom/sercom.o
 .debug_line    0x0000170c      0x8ce src/MatrixKeypad.o
 .debug_line    0x00001fda      0x7e9 src/S_GCLOCK.o
 .debug_line    0x000027c3      0x803 src/S_PORT.o
 .debug_line    0x00002fc6      0x80b src/S_SPI.o
 .debug_line    0x000037d1      0x8f9 src/UserInterface.o
 .debug_line    0x000040ca      0xa99 src/ASF/common2/boards/user_board/init.o
 .debug_line    0x00004b63      0x7f4 src/ASF/common/utils/interrupt/interrupt_sam_nvic.o
 .debug_line    0x00005357      0xb74 src/ASF/sam0/drivers/system/clock/clock_samd20/clock.o
 .debug_line    0x00005ecb      0xb94 src/ASF/sam0/drivers/system/clock/clock_samd20/gclk.o
 .debug_line    0x00006a5f      0x840 src/ASF/sam0/drivers/system/pinmux/pinmux.o
 .debug_line    0x0000729f      0x909 src/ASF/sam0/drivers/system/system.o
 .debug_line    0x00007ba8      0x5ef src/ASF/sam0/utils/cmsis/samd20/source/gcc/startup_samd20.o
 .debug_line    0x00008197      0xb7d src/Calibration.o
 .debug_line    0x00008d14      0xa5b src/CharLCD.o
 .debug_line    0x0000976f      0x86c src/Computations.o
 .debug_line    0x00009fdb      0x80a src/Delay.o
 .debug_line    0x0000a7e5      0xc9c src/EEProm.o
 .debug_line    0x0000b481      0x8e0 src/ExtADC.o
 .debug_line    0x0000bd61      0x8f7 src/LCDAdvanced.o
 .debug_line    0x0000c658      0xc43 src/main.o

.debug_str      0x00000000    0x5b900
 .debug_str     0x00000000    0x54fee src/ASF/sam0/drivers/sercom/i2c/i2c_samd20/i2c_master.o
                              0x55539 (size before relaxing)
 .debug_str     0x00054fee      0x521 src/ASF/sam0/drivers/sercom/sercom.o
                              0x54eca (size before relaxing)
 .debug_str     0x0005550f      0xce1 src/MatrixKeypad.o
                              0x54829 (size before relaxing)
 .debug_str     0x000561f0      0x426 src/S_GCLOCK.o
                              0x53e6a (size before relaxing)
 .debug_str     0x00056616       0x4a src/S_PORT.o
                              0x54596 (size before relaxing)
 .debug_str     0x00056660       0x7b src/S_SPI.o
                              0x549fc (size before relaxing)
 .debug_str     0x000566db      0x19f src/UserInterface.o
                              0x54848 (size before relaxing)
 .debug_str     0x0005687a      0x712 src/ASF/common2/boards/user_board/init.o
                              0x547dd (size before relaxing)
 .debug_str     0x00056f8c       0x9b src/ASF/common/utils/interrupt/interrupt_sam_nvic.o
                              0x53a01 (size before relaxing)
 .debug_str     0x00057027     0x291f src/ASF/sam0/drivers/system/clock/clock_samd20/clock.o
                              0x56dea (size before relaxing)
 .debug_str     0x00059946      0x2c9 src/ASF/sam0/drivers/system/clock/clock_samd20/gclk.o
                              0x5458f (size before relaxing)
 .debug_str     0x00059c0f      0x2d8 src/ASF/sam0/drivers/system/pinmux/pinmux.o
                              0x53df8 (size before relaxing)
 .debug_str     0x00059ee7       0x47 src/ASF/sam0/drivers/system/system.o
                              0x53a6b (size before relaxing)
 .debug_str     0x00059f2e      0x36a src/ASF/sam0/utils/cmsis/samd20/source/gcc/startup_samd20.o
                              0x41d4c (size before relaxing)
 .debug_str     0x0005a298      0x497 src/Calibration.o
                              0x5506a (size before relaxing)
 .debug_str     0x0005a72f      0x154 src/CharLCD.o
                              0x54860 (size before relaxing)
 .debug_str     0x0005a883      0xaba src/Computations.o
                              0x545c5 (size before relaxing)
 .debug_str     0x0005b33d       0x5b src/Delay.o
                              0x539e0 (size before relaxing)
 .debug_str     0x0005b398      0x277 src/EEProm.o
                              0x561b9 (size before relaxing)
 .debug_str     0x0005b60f       0xe7 src/ExtADC.o
                              0x54fda (size before relaxing)
 .debug_str     0x0005b6f6      0x160 src/LCDAdvanced.o
                              0x54888 (size before relaxing)
 .debug_str     0x0005b856       0xaa src/main.o
                              0x570b1 (size before relaxing)

.debug_frame    0x00000000     0x19d8
 .debug_frame   0x00000000      0x164 src/ASF/sam0/drivers/sercom/i2c/i2c_samd20/i2c_master.o
 .debug_frame   0x00000164       0xa0 src/ASF/sam0/drivers/sercom/sercom.o
 .debug_frame   0x00000204      0x104 src/MatrixKeypad.o
 .debug_frame   0x00000308       0x5c src/S_GCLOCK.o
 .debug_frame   0x00000364       0x64 src/S_PORT.o
 .debug_frame   0x000003c8       0x2c src/S_SPI.o
 .debug_frame   0x000003f4      0x108 src/UserInterface.o
 .debug_frame   0x000004fc       0x20 src/ASF/common2/boards/user_board/init.o
 .debug_frame   0x0000051c       0x30 src/ASF/common/utils/interrupt/interrupt_sam_nvic.o
 .debug_frame   0x0000054c      0x134 src/ASF/sam0/drivers/system/clock/clock_samd20/clock.o
 .debug_frame   0x00000680      0x14c src/ASF/sam0/drivers/system/clock/clock_samd20/gclk.o
 .debug_frame   0x000007cc       0x7c src/ASF/sam0/drivers/system/pinmux/pinmux.o
 .debug_frame   0x00000848       0x38 src/ASF/sam0/drivers/system/system.o
 .debug_frame   0x00000880       0x38 src/ASF/sam0/utils/cmsis/samd20/source/gcc/startup_samd20.o
 .debug_frame   0x000008b8      0x350 src/Calibration.o
 .debug_frame   0x00000c08      0x278 src/CharLCD.o
 .debug_frame   0x00000e80       0xe8 src/Computations.o
 .debug_frame   0x00000f68       0x94 src/Delay.o
 .debug_frame   0x00000ffc      0x150 src/EEProm.o
 .debug_frame   0x0000114c       0x4c src/ExtADC.o
 .debug_frame   0x00001198      0x10c src/LCDAdvanced.o
 .debug_frame   0x000012a4       0xc4 src/main.o
 .debug_frame   0x00001368       0x38 c:/program files (x86)/atmel/atmel toolchain/arm gcc/native/4.8.1443/arm-gnu-toolchain/bin/../lib/gcc/arm-none-eabi/4.8.4/../../../../arm-none-eabi/lib/armv6-m\libm.a(lib_a-w_sqrt.o)
 .debug_frame   0x000013a0       0x3c c:/program files (x86)/atmel/atmel toolchain/arm gcc/native/4.8.1443/arm-gnu-toolchain/bin/../lib/gcc/arm-none-eabi/4.8.4/../../../../arm-none-eabi/lib/armv6-m\libm.a(lib_a-e_sqrt.o)
 .debug_frame   0x000013dc       0x2c c:/program files (x86)/atmel/atmel toolchain/arm gcc/native/4.8.1443/arm-gnu-toolchain/bin/../lib/gcc/arm-none-eabi/4.8.4/../../../../arm-none-eabi/lib/armv6-m\libm.a(lib_a-s_fpclassify.o)
 .debug_frame   0x00001408       0x20 c:/program files (x86)/atmel/atmel toolchain/arm gcc/native/4.8.1443/arm-gnu-toolchain/bin/../lib/gcc/arm-none-eabi/4.8.4/../../../../arm-none-eabi/lib/armv6-m\libm.a(lib_a-s_matherr.o)
 .debug_frame   0x00001428       0x20 c:/program files (x86)/atmel/atmel toolchain/arm gcc/native/4.8.1443/arm-gnu-toolchain/bin/../lib/gcc/arm-none-eabi/4.8.4/armv6-m\libgcc.a(_udivsi3.o)
 .debug_frame   0x00001448       0x28 c:/program files (x86)/atmel/atmel toolchain/arm gcc/native/4.8.1443/arm-gnu-toolchain/bin/../lib/gcc/arm-none-eabi/4.8.4/armv6-m\libgcc.a(_fixunssfsi.o)
 .debug_frame   0x00001470       0x30 c:/program files (x86)/atmel/atmel toolchain/arm gcc/native/4.8.1443/arm-gnu-toolchain/bin/../lib/gcc/arm-none-eabi/4.8.4/armv6-m\libgcc.a(addsf3.o)
 .debug_frame   0x000014a0       0x3c c:/program files (x86)/atmel/atmel toolchain/arm gcc/native/4.8.1443/arm-gnu-toolchain/bin/../lib/gcc/arm-none-eabi/4.8.4/armv6-m\libgcc.a(divsf3.o)
 .debug_frame   0x000014dc       0x2c c:/program files (x86)/atmel/atmel toolchain/arm gcc/native/4.8.1443/arm-gnu-toolchain/bin/../lib/gcc/arm-none-eabi/4.8.4/armv6-m\libgcc.a(eqsf2.o)
 .debug_frame   0x00001508       0x30 c:/program files (x86)/atmel/atmel toolchain/arm gcc/native/4.8.1443/arm-gnu-toolchain/bin/../lib/gcc/arm-none-eabi/4.8.4/armv6-m\libgcc.a(gesf2.o)
 .debug_frame   0x00001538       0x30 c:/program files (x86)/atmel/atmel toolchain/arm gcc/native/4.8.1443/arm-gnu-toolchain/bin/../lib/gcc/arm-none-eabi/4.8.4/armv6-m\libgcc.a(lesf2.o)
 .debug_frame   0x00001568       0x3c c:/program files (x86)/atmel/atmel toolchain/arm gcc/native/4.8.1443/arm-gnu-toolchain/bin/../lib/gcc/arm-none-eabi/4.8.4/armv6-m\libgcc.a(mulsf3.o)
 .debug_frame   0x000015a4       0x30 c:/program files (x86)/atmel/atmel toolchain/arm gcc/native/4.8.1443/arm-gnu-toolchain/bin/../lib/gcc/arm-none-eabi/4.8.4/armv6-m\libgcc.a(subsf3.o)
 .debug_frame   0x000015d4       0x20 c:/program files (x86)/atmel/atmel toolchain/arm gcc/native/4.8.1443/arm-gnu-toolchain/bin/../lib/gcc/arm-none-eabi/4.8.4/armv6-m\libgcc.a(fixsfsi.o)
 .debug_frame   0x000015f4       0x2c c:/program files (x86)/atmel/atmel toolchain/arm gcc/native/4.8.1443/arm-gnu-toolchain/bin/../lib/gcc/arm-none-eabi/4.8.4/armv6-m\libgcc.a(floatsisf.o)
 .debug_frame   0x00001620       0x28 c:/program files (x86)/atmel/atmel toolchain/arm gcc/native/4.8.1443/arm-gnu-toolchain/bin/../lib/gcc/arm-none-eabi/4.8.4/armv6-m\libgcc.a(floatunsisf.o)
 .debug_frame   0x00001648       0x3c c:/program files (x86)/atmel/atmel toolchain/arm gcc/native/4.8.1443/arm-gnu-toolchain/bin/../lib/gcc/arm-none-eabi/4.8.4/armv6-m\libgcc.a(adddf3.o)
 .debug_frame   0x00001684       0x3c c:/program files (x86)/atmel/atmel toolchain/arm gcc/native/4.8.1443/arm-gnu-toolchain/bin/../lib/gcc/arm-none-eabi/4.8.4/armv6-m\libgcc.a(divdf3.o)
 .debug_frame   0x000016c0       0x3c c:/program files (x86)/atmel/atmel toolchain/arm gcc/native/4.8.1443/arm-gnu-toolchain/bin/../lib/gcc/arm-none-eabi/4.8.4/armv6-m\libgcc.a(eqdf2.o)
 .debug_frame   0x000016fc       0x38 c:/program files (x86)/atmel/atmel toolchain/arm gcc/native/4.8.1443/arm-gnu-toolchain/bin/../lib/gcc/arm-none-eabi/4.8.4/armv6-m\libgcc.a(gedf2.o)
 .debug_frame   0x00001734       0x3c c:/program files (x86)/atmel/atmel toolchain/arm gcc/native/4.8.1443/arm-gnu-toolchain/bin/../lib/gcc/arm-none-eabi/4.8.4/armv6-m\libgcc.a(ledf2.o)
 .debug_frame   0x00001770       0x3c c:/program files (x86)/atmel/atmel toolchain/arm gcc/native/4.8.1443/arm-gnu-toolchain/bin/../lib/gcc/arm-none-eabi/4.8.4/armv6-m\libgcc.a(muldf3.o)
 .debug_frame   0x000017ac       0x3c c:/program files (x86)/atmel/atmel toolchain/arm gcc/native/4.8.1443/arm-gnu-toolchain/bin/../lib/gcc/arm-none-eabi/4.8.4/armv6-m\libgcc.a(subdf3.o)
 .debug_frame   0x000017e8       0x2c c:/program files (x86)/atmel/atmel toolchain/arm gcc/native/4.8.1443/arm-gnu-toolchain/bin/../lib/gcc/arm-none-eabi/4.8.4/armv6-m\libgcc.a(extendsfdf2.o)
 .debug_frame   0x00001814       0x30 c:/program files (x86)/atmel/atmel toolchain/arm gcc/native/4.8.1443/arm-gnu-toolchain/bin/../lib/gcc/arm-none-eabi/4.8.4/armv6-m\libgcc.a(truncdfsf2.o)
 .debug_frame   0x00001844       0x20 c:/program files (x86)/atmel/atmel toolchain/arm gcc/native/4.8.1443/arm-gnu-toolchain/bin/../lib/gcc/arm-none-eabi/4.8.4/../../../../arm-none-eabi/lib/armv6-m\libc_s.a(lib_a-errno.o)
 .debug_frame   0x00001864       0x2c c:/program files (x86)/atmel/atmel toolchain/arm gcc/native/4.8.1443/arm-gnu-toolchain/bin/../lib/gcc/arm-none-eabi/4.8.4/../../../../arm-none-eabi/lib/armv6-m\libc_s.a(lib_a-init.o)
 .debug_frame   0x00001890      0x148 c:/program files (x86)/atmel/atmel toolchain/arm gcc/native/4.8.1443/arm-gnu-toolchain/bin/../lib/gcc/arm-none-eabi/4.8.4/../../../../arm-none-eabi/lib/armv6-m\libc_s.a(lib_a-findfp.o)

Cross Reference Table

Symbol                                            File
AC_Handler                                        src/ASF/sam0/utils/cmsis/samd20/source/gcc/startup_samd20.o
ADC_Handler                                       src/ASF/sam0/utils/cmsis/samd20/source/gcc/startup_samd20.o
Absolute_Pres                                     src/main.o
                                                  src/ExtADC.o
                                                  src/Computations.o
                                                  src/Calibration.o
Ambient_PT100                                     src/main.o
                                                  src/ExtADC.o
                                                  src/Computations.o
                                                  src/Calibration.o
AnykeyPulse                                       src/MatrixKeypad.o
                                                  src/Calibration.o
Aux_Temp                                          src/main.o
                                                  src/ExtADC.o
                                                  src/Computations.o
                                                  src/Calibration.o
CalEdit_AbsPres                                   src/Calibration.o
CalEdit_AmbTemp                                   src/Calibration.o
CalEdit_AuxPT100                                  src/Calibration.o
CalEdit_OrifGasDP                                 src/Calibration.o
CalEdit_OrifPartDP                                src/Calibration.o
CalEdit_OrificeTemp                               src/Calibration.o
CalEdit_PitotDP                                   src/Calibration.o
CalEdit_StackTC                                   src/Calibration.o
Cal_Disp1Point                                    src/Calibration.o
Cal_Disp2Point                                    src/Calibration.o
Cal_DispPT100Points                               src/Calibration.o
Calibrate_AbsPres                                 src/Calibration.o
Calibrate_AmbTemp                                 src/Calibration.o
Calibrate_AuxTemp                                 src/Calibration.o
Calibrate_OrifGasDP                               src/Calibration.o
Calibrate_OrifPartDP                              src/Calibration.o
Calibrate_OrifTemp                                src/Calibration.o
Calibrate_PitotDP                                 src/Calibration.o
Calibrate_StackTC                                 src/Calibration.o
CalibrationMenu                                   src/Calibration.o
CalibrationModeChk                                src/Calibration.o
                                                  src/main.o
CheckDigitBound                                   src/UserInterface.o
                                                  src/Calibration.o
CheckMenuIndexBounds                              src/LCDAdvanced.o
CheckVertPtrBounds                                src/LCDAdvanced.o
ClearKeys                                         src/MatrixKeypad.o
                                                  src/main.o
CombineDigitstoNumber                             src/UserInterface.o
                                                  src/Calibration.o
CombineDigitstoNumber1                            src/UserInterface.o
ComputeEquation_ofall_Sensors                     src/Computations.o
ComputeIntercept                                  src/Computations.o
ComputeSlopefrom1point                            src/Computations.o
ComputeSlopefrom2Point                            src/Computations.o
Compute_PT100Temp                                 src/Computations.o
                                                  src/Calibration.o
Compute_StackTCTemp                               src/Computations.o
                                                  src/Calibration.o
Config_Contrast_PWM                               src/main.o
Config_LCD                                        src/main.o
Config_MatrixKeypad                               src/MatrixKeypad.o
                                                  src/main.o
ConfigureGCLKGen                                  src/S_GCLOCK.o
ConfigureSpi                                      src/S_SPI.o
                                                  src/main.o
DAC_Handler                                       src/ASF/sam0/utils/cmsis/samd20/source/gcc/startup_samd20.o
DegreeSym                                         src/main.o
DispPt100TempWithSign                             src/Calibration.o
Disp_IntroLcdMsgs                                 src/main.o
DoAutoZero                                        src/main.o
DoCalibration                                     src/Calibration.o
Dummy_Handler                                     src/ASF/sam0/utils/cmsis/samd20/source/gcc/startup_samd20.o
EEP_NACK                                          src/EEProm.o
EEP_ReadBit                                       src/EEProm.o
EEP_ReadByte                                      src/EEProm.o
EEP_ReadInt                                       src/EEProm.o
EEP_Reset                                         src/EEProm.o
EEP_WriteBit                                      src/EEProm.o
EEP_WriteByte                                     src/EEProm.o
EEP_WriteInt                                      src/EEProm.o
EEP_timeout                                       src/EEProm.o
EIC_Handler                                       src/ASF/sam0/utils/cmsis/samd20/source/gcc/startup_samd20.o
EVSYS_Handler                                     src/ASF/sam0/utils/cmsis/samd20/source/gcc/startup_samd20.o
EnterKey                                          src/main.o
                                                  src/LCDAdvanced.o
                                                  src/ExtADC.o
                                                  src/Calibration.o
                                                  src/UserInterface.o
                                                  src/MatrixKeypad.o
ExtADC24bitData                                   src/main.o
                                                  src/ExtADC.o
                                                  src/Computations.o
                                                  src/Calibration.o
ExtADCHi                                          src/main.o
                                                  src/ExtADC.o
                                                  src/Computations.o
                                                  src/Calibration.o
ExtADCLo                                          src/main.o
                                                  src/ExtADC.o
                                                  src/Computations.o
                                                  src/Calibration.o
ExtADCMid                                         src/main.o
                                                  src/ExtADC.o
                                                  src/Computations.o
                                                  src/Calibration.o
ExtADCSign                                        src/main.o
                                                  src/ExtADC.o
                                                  src/Computations.o
                                                  src/Calibration.o
ExtADC_16bitMag                                   src/main.o
                                                  src/ExtADC.o
                                                  src/Computations.o
                                                  src/Calibration.o
ExtAnalogRead                                     src/main.o
ExtAnalogRead_SignInt                             src/ExtADC.o
GCLKGen_Divide                                    src/S_GCLOCK.o
GCLKGen_Peripheral                                src/S_GCLOCK.o
                                                  src/main.o
                                                  src/S_SPI.o
GCLKGen_Source                                    src/S_GCLOCK.o
GetNumDataFromUser                                src/UserInterface.o
GetNumDataFromUserWithESC                         src/UserInterface.o
                                                  src/Calibration.o
GetPT100STDfromUserWithTempDisplay                src/Calibration.o
GetTCSTDfromUserWithTempDisplay                   src/Calibration.o
HardFault_Handler                                 src/ASF/sam0/utils/cmsis/samd20/source/gcc/startup_samd20.o
I2C_State                                         src/EEProm.o
Initialize_Hardware                               src/main.o
KeyDetected                                       src/MatrixKeypad.o
                                                  src/LCDAdvanced.o
                                                  src/Calibration.o
                                                  src/UserInterface.o
Keyscan                                           src/MatrixKeypad.o
                                                  src/main.o
                                                  src/LCDAdvanced.o
                                                  src/Calibration.o
                                                  src/UserInterface.o
KeyscanWORelese                                   src/MatrixKeypad.o
                                                  src/Calibration.o
LCD_Clrscr                                        src/CharLCD.o
                                                  src/main.o
                                                  src/Calibration.o
LCD_CmdWrite                                      src/CharLCD.o
LCD_CursorBlink                                   src/CharLCD.o
LCD_CursorOff                                     src/CharLCD.o
                                                  src/main.o
                                                  src/LCDAdvanced.o
                                                  src/Calibration.o
LCD_CursorOn                                      src/CharLCD.o
                                                  src/LCDAdvanced.o
                                                  src/Calibration.o
                                                  src/UserInterface.o
LCD_DataWrite                                     src/CharLCD.o
                                                  src/main.o
                                                  src/LCDAdvanced.o
                                                  src/Calibration.o
                                                  src/UserInterface.o
LCD_DispAscii                                     src/CharLCD.o
                                                  src/Calibration.o
                                                  src/UserInterface.o
LCD_DispFourOptionsIncrementingFrom               src/LCDAdvanced.o
LCD_DispMenuArrow                                 src/LCDAdvanced.o
LCD_DispVariable                                  src/UserInterface.o