Archive member included because of file (symbol)

c:/program files (x86)/atmel/atmel toolchain/arm gcc/native/4.8.1443/arm-gnu-toolchain/bin/../lib/gcc/arm-none-eabi/4.8.4/../../../../arm-none-eabi/lib/armv6-m\libm.a(lib_a-w_sqrt.o)
                              src/Computations.o (sqrt)
c:/program files (x86)/atmel/atmel toolchain/arm gcc/native/4.8.1443/arm-gnu-toolchain/bin/../lib/gcc/arm-none-eabi/4.8.4/../../../../arm-none-eabi/lib/armv6-m\libm.a(lib_a-e_sqrt.o)
                              c:/program files (x86)/atmel/atmel toolchain/arm gcc/native/4.8.1443/arm-gnu-toolchain/bin/../lib/gcc/arm-none-eabi/4.8.4/../../../../arm-none-eabi/lib/armv6-m\libm.a(lib_a-w_sqrt.o) (__ieee754_sqrt)
c:/program files (x86)/atmel/atmel toolchain/arm gcc/native/4.8.1443/arm-gnu-toolchain/bin/../lib/gcc/arm-none-eabi/4.8.4/../../../../arm-none-eabi/lib/armv6-m\libm.a(lib_a-s_fpclassify.o)
                              c:/program files (x86)/atmel/atmel toolchain/arm gcc/native/4.8.1443/arm-gnu-toolchain/bin/../lib/gcc/arm-none-eabi/4.8.4/../../../../arm-none-eabi/lib/armv6-m\libm.a(lib_a-w_sqrt.o) (__fpclassifyd)
c:/program files (x86)/atmel/atmel toolchain/arm gcc/native/4.8.1443/arm-gnu-toolchain/bin/../lib/gcc/arm-none-eabi/4.8.4/../../../../arm-none-eabi/lib/armv6-m\libm.a(lib_a-s_lib_ver.o)
                              c:/program files (x86)/atmel/atmel toolchain/arm gcc/native/4.8.1443/arm-gnu-toolchain/bin/../lib/gcc/arm-none-eabi/4.8.4/../../../../arm-none-eabi/lib/armv6-m\libm.a(lib_a-w_sqrt.o) (__fdlib_version)
c:/program files (x86)/atmel/atmel toolchain/arm gcc/native/4.8.1443/arm-gnu-toolchain/bin/../lib/gcc/arm-none-eabi/4.8.4/../../../../arm-none-eabi/lib/armv6-m\libm.a(lib_a-s_matherr.o)
                              c:/program files (x86)/atmel/atmel toolchain/arm gcc/native/4.8.1443/arm-gnu-toolchain/bin/../lib/gcc/arm-none-eabi/4.8.4/../../../../arm-none-eabi/lib/armv6-m\libm.a(lib_a-w_sqrt.o) (matherr)
c:/program files (x86)/atmel/atmel toolchain/arm gcc/native/4.8.1443/arm-gnu-toolchain/bin/../lib/gcc/arm-none-eabi/4.8.4/armv6-m\libgcc.a(_thumb1_case_uqi.o)
                              src/ASF/sam0/drivers/sercom/sercom.o (__gnu_thumb1_case_uqi)
c:/program files (x86)/atmel/atmel toolchain/arm gcc/native/4.8.1443/arm-gnu-toolchain/bin/../lib/gcc/arm-none-eabi/4.8.4/armv6-m\libgcc.a(_udivsi3.o)
                              src/ASF/sam0/drivers/sercom/i2c/i2c_samd20/i2c_master.o (__aeabi_uidiv)
c:/program files (x86)/atmel/atmel toolchain/arm gcc/native/4.8.1443/arm-gnu-toolchain/bin/../lib/gcc/arm-none-eabi/4.8.4/armv6-m\libgcc.a(_dvmd_tls.o)
                              c:/program files (x86)/atmel/atmel toolchain/arm gcc/native/4.8.1443/arm-gnu-toolchain/bin/../lib/gcc/arm-none-eabi/4.8.4/armv6-m\libgcc.a(_udivsi3.o) (__aeabi_idiv0)
c:/program files (x86)/atmel/atmel toolchain/arm gcc/native/4.8.1443/arm-gnu-toolchain/bin/../lib/gcc/arm-none-eabi/4.8.4/armv6-m\libgcc.a(_ashldi3.o)
                              src/ASF/sam0/drivers/sercom/sercom.o (__aeabi_llsl)
c:/program files (x86)/atmel/atmel toolchain/arm gcc/native/4.8.1443/arm-gnu-toolchain/bin/../lib/gcc/arm-none-eabi/4.8.4/armv6-m\libgcc.a(_arm_cmpdf2.o)
                              c:/program files (x86)/atmel/atmel toolchain/arm gcc/native/4.8.1443/arm-gnu-toolchain/bin/../lib/gcc/arm-none-eabi/4.8.4/../../../../arm-none-eabi/lib/armv6-m\libm.a(lib_a-w_sqrt.o) (__aeabi_dcmplt)
c:/program files (x86)/atmel/atmel toolchain/arm gcc/native/4.8.1443/arm-gnu-toolchain/bin/../lib/gcc/arm-none-eabi/4.8.4/armv6-m\libgcc.a(_arm_cmpsf2.o)
                              src/Computations.o (__aeabi_fcmplt)
c:/program files (x86)/atmel/atmel toolchain/arm gcc/native/4.8.1443/arm-gnu-toolchain/bin/../lib/gcc/arm-none-eabi/4.8.4/armv6-m\libgcc.a(_muldi3.o)
                              src/ASF/sam0/drivers/sercom/sercom.o (__aeabi_lmul)
c:/program files (x86)/atmel/atmel toolchain/arm gcc/native/4.8.1443/arm-gnu-toolchain/bin/../lib/gcc/arm-none-eabi/4.8.4/armv6-m\libgcc.a(_fixunssfsi.o)
                              src/Computations.o (__aeabi_f2uiz)
c:/program files (x86)/atmel/atmel toolchain/arm gcc/native/4.8.1443/arm-gnu-toolchain/bin/../lib/gcc/arm-none-eabi/4.8.4/armv6-m\libgcc.a(addsf3.o)
                              src/Computations.o (__aeabi_fadd)
c:/program files (x86)/atmel/atmel toolchain/arm gcc/native/4.8.1443/arm-gnu-toolchain/bin/../lib/gcc/arm-none-eabi/4.8.4/armv6-m\libgcc.a(divsf3.o)
                              src/Computations.o (__aeabi_fdiv)
c:/program files (x86)/atmel/atmel toolchain/arm gcc/native/4.8.1443/arm-gnu-toolchain/bin/../lib/gcc/arm-none-eabi/4.8.4/armv6-m\libgcc.a(eqsf2.o)
                              c:/program files (x86)/atmel/atmel toolchain/arm gcc/native/4.8.1443/arm-gnu-toolchain/bin/../lib/gcc/arm-none-eabi/4.8.4/armv6-m\libgcc.a(_arm_cmpsf2.o) (__eqsf2)
[...]
Memory Configuration

Name             Origin             Length             Attributes
rom              0x00000000         0x00020000         xr
ram              0x20000000         0x00004000         xrw
*default*        0x00000000         0xffffffff

Linker script and memory map

LOAD c:/program files (x86)/atmel/atmel toolchain/arm gcc/native/4.8.1443/arm-gnu-toolchain/bin/../lib/gcc/arm-none-eabi/4.8.4/armv6-m/crti.o
LOAD c:/program files (x86)/atmel/atmel toolchain/arm gcc/native/4.8.1443/arm-gnu-toolchain/bin/../lib/gcc/arm-none-eabi/4.8.4/armv6-m/crtbegin.o
LOAD c:/program files (x86)/atmel/atmel toolchain/arm gcc/native/4.8.1443/arm-gnu-toolchain/bin/../lib/gcc/arm-none-eabi/4.8.4/../../../../arm-none-eabi/lib/armv6-m/crt0.o
LOAD src/ASF/sam0/drivers/sercom/i2c/i2c_samd20/i2c_master.o
LOAD src/ASF/sam0/drivers/sercom/sercom.o
LOAD src/MatrixKeypad.o
LOAD src/S_GCLOCK.o
LOAD src/S_PORT.o
LOAD src/S_SPI.o
LOAD src/S_TIMER.o
LOAD src/UserInterface.o
LOAD src/ASF/common2/boards/user_board/init.o
LOAD src/ASF/common/utils/interrupt/interrupt_sam_nvic.o
LOAD src/ASF/sam0/drivers/system/clock/clock_samd20/clock.o
LOAD src/ASF/sam0/drivers/system/clock/clock_samd20/gclk.o
LOAD src/ASF/sam0/drivers/system/interrupt/system_interrupt.o
LOAD src/ASF/sam0/drivers/system/pinmux/pinmux.o
LOAD src/ASF/sam0/drivers/system/system.o
LOAD src/ASF/sam0/utils/cmsis/samd20/source/gcc/startup_samd20.o
LOAD src/ASF/sam0/utils/cmsis/samd20/source/system_samd20.o
LOAD src/ASF/sam0/utils/syscalls/gcc/syscalls.o
LOAD src/Calibration.o
LOAD src/CharLCD.o
LOAD src/Computations.o
LOAD src/Delay.o
LOAD src/EEProm.o
LOAD src/ExtADC.o
LOAD src/LCDAdvanced.o
LOAD src/main.o
START GROUP
LOAD ../src/ASF/thirdparty/CMSIS/Lib/GCC\libarm_cortexM0l_math.a
LOAD c:/program files (x86)/atmel/atmel toolchain/arm gcc/native/4.8.1443/arm-gnu-toolchain/bin/../lib/gcc/arm-none-eabi/4.8.4/../../../../arm-none-eabi/lib/armv6-m\libm.a
END GROUP
START GROUP
LOAD c:/program files (x86)/atmel/atmel toolchain/arm gcc/native/4.8.1443/arm-gnu-toolchain/bin/../lib/gcc/arm-none-eabi/4.8.4/armv6-m\libgcc.a
LOAD c:/program files (x86)/atmel/atmel toolchain/arm gcc/native/4.8.1443/arm-gnu-toolchain/bin/../lib/gcc/arm-none-eabi/4.8.4/../../../../arm-none-eabi/lib/armv6-m\libc_s.a
END GROUP
START GROUP
LOAD c:/program files (x86)/atmel/atmel toolchain/arm gcc/native/4.8.1443/arm-gnu-toolchain/bin/../lib/gcc/arm-none-eabi/4.8.4/armv6-m\libgcc.a
LOAD c:/program files (x86)/atmel/atmel toolchain/arm gcc/native/4.8.1443/arm-gnu-toolchain/bin/../lib/gcc/arm-none-eabi/4.8.4/../../../../arm-none-eabi/lib/armv6-m\libc_s.a
END GROUP
LOAD c:/program files (x86)/atmel/atmel toolchain/arm gcc/native/4.8.1443/arm-gnu-toolchain/bin/../lib/gcc/arm-none-eabi/4.8.4/armv6-m/crtend.o
LOAD c:/program files (x86)/atmel/atmel toolchain/arm gcc/native/4.8.1443/arm-gnu-toolchain/bin/../lib/gcc/arm-none-eabi/4.8.4/armv6-m/crtn.o
                0x00001000                STACK_SIZE = DEFINED (STACK_SIZE)?STACK_SIZE:DEFINED (__stack_size__)?__stack_size__:0x1000

.text           0x00000000     0x692c
                0x00000000                . = ALIGN (0x4)
                0x00000000                _sfixed = .
 *(.vectors .vectors.*)
 .vectors       0x00000000       0xa4 src/ASF/sam0/utils/cmsis/samd20/source/gcc/startup_samd20.o
                0x00000000                exception_table
 *(.text .text.* .gnu.linkonce.t.*)
 .text          0x000000a4       0x60 c:/program files (x86)/atmel/atmel toolchain/arm gcc/native/4.8.1443/arm-gnu-toolchain/bin/../lib/gcc/arm-none-eabi/4.8.4/armv6-m/crtbegin.o
 .text.i2c_master_init
                0x00000104      0x154 src/ASF/sam0/drivers/sercom/i2c/i2c_samd20/i2c_master.o
                0x00000104                i2c_master_init
 .text.sercom_set_gclk_generator
                0x00000258       0x48 src/ASF/sam0/drivers/sercom/sercom.o
                0x00000258                sercom_set_gclk_generator
 .text._sercom_get_default_pad
                0x000002a0      0x160 src/ASF/sam0/drivers/sercom/sercom.o
                0x000002a0                _sercom_get_default_pad
 .text._sercom_get_sercom_inst_index
                0x00000400       0x30 src/ASF/sam0/drivers/sercom/sercom.o
                0x00000400                _sercom_get_sercom_inst_index
 .text.Config_MatrixKeypad
                0x00000430       0x28 src/MatrixKeypad.o
                0x00000430                Config_MatrixKeypad
 .text.ClearKeys
                0x00000458       0x34 src/MatrixKeypad.o
                0x00000458                ClearKeys
 .text.KeyDetected
                0x0000048c       0x38 src/MatrixKeypad.o
                0x0000048c                KeyDetected
 .text.Keyscan  0x000004c4       0xe4 src/MatrixKeypad.o
                0x000004c4                Keyscan
 .text.KeyscanWORelese
                0x000005a8       0xd4 src/MatrixKeypad.o
                0x000005a8                KeyscanWORelese
 .text.ReleaseKey
                0x0000067c       0x20 src/MatrixKeypad.o
                0x0000067c                ReleaseKey
 .text.WaitforAnyKey
                0x0000069c       0x20 src/MatrixKeypad.o
                0x0000069c                WaitforAnyKey
 .text.AnykeyPulse
                0x000006bc       0x14 src/MatrixKeypad.o
                0x000006bc                AnykeyPulse
 .text.GCLKGen_Peripheral
                0x000006d0       0x18 src/S_GCLOCK.o
                0x000006d0                GCLKGen_Peripheral
 .text.pinMode  0x000006e8       0xf4 src/S_PORT.o
                0x000006e8                pinMode
 .text.digitalWrite
                0x000007dc       0x24 src/S_PORT.o
                0x000007dc                digitalWrite
 .text.digitalRead
                0x00000800       0x24 src/S_PORT.o
                0x00000800                digitalRead
 .text.pinMux   0x00000824       0x68 src/S_PORT.o
                0x00000824                pinMux
 .text.ConfigureSpi
                0x0000088c      0x1cc src/S_SPI.o
                0x0000088c                ConfigureSpi
 .text.CheckDigitBound
                0x00000a58       0x18 src/UserInterface.o
                0x00000a58                CheckDigitBound
 .text.SplitNumbertoDigits
                0x00000a70       0x38 src/UserInterface.o
                0x00000a70                SplitNumbertoDigits
 .text.LCD_DispVariable
                0x00000aa8       0xc4 src/UserInterface.o
                0x00000aa8                LCD_DispVariable
 .text.CombineDigitstoNumber
                0x00000b6c       0x84 src/UserInterface.o
                0x00000b6c                CombineDigitstoNumber
 .text.GetNumDataFromUserWithESC
                0x00000bf0      0x164 src/UserInterface.o
                0x00000bf0                GetNumDataFromUserWithESC
 .text.system_board_init
                0x00000d54        0x2 src/ASF/common2/boards/user_board/init.o
                0x00000d54                board_init
                0x00000d54                system_board_init
 *fill*         0x00000d56        0x2 
 .text.cpu_irq_enter_critical
                0x00000d58       0x34 src/ASF/common/utils/interrupt/interrupt_sam_nvic.o
                0x00000d58                cpu_irq_enter_critical
 .text.cpu_irq_leave_critical
                0x00000d8c       0x30 src/ASF/common/utils/interrupt/interrupt_sam_nvic.o
                0x00000d8c                cpu_irq_leave_critical
 .text.system_clock_source_enable.part.0
                0x00000dbc       0x3c src/ASF/sam0/drivers/system/clock/clock_samd20/clock.o
 .text.system_clock_source_get_hz
                0x00000df8       0x78 src/ASF/sam0/drivers/system/clock/clock_samd20/clock.o
                0x00000df8                system_clock_source_get_hz
 .text.system_clock_source_osc8m_set_config
                0x00000e70       0x40 src/ASF/sam0/drivers/system/clock/clock_samd20/clock.o
                0x00000e70                system_clock_source_osc8m_set_config
 .text.system_clock_source_xosc32k_set_config
                0x00000eb0       0xa0 src/ASF/sam0/drivers/system/clock/clock_samd20/clock.o
                0x00000eb0                system_clock_source_xosc32k_set_config
 .text.system_clock_source_dfll_set_config
                0x00000f50       0x90 src/ASF/sam0/drivers/system/clock/clock_samd20/clock.o
                0x00000f50                system_clock_source_dfll_set_config
 .text.system_clock_source_enable
                0x00000fe0       0x58 src/ASF/sam0/drivers/system/clock/clock_samd20/clock.o
                0x00000fe0                system_clock_source_enable
 .text.system_clock_init
                0x00001038      0x140 src/ASF/sam0/drivers/system/clock/clock_samd20/clock.o
                0x00001038                system_clock_init
 .text.system_gclk_is_syncing
                0x00001178        0xc src/ASF/sam0/drivers/system/clock/clock_samd20/gclk.o
 .text.system_gclk_init
                0x00001184       0x20 src/ASF/sam0/drivers/system/clock/clock_samd20/gclk.o
                0x00001184                system_gclk_init
 .text.system_gclk_gen_set_config
                0x000011a4       0xa4 src/ASF/sam0/drivers/system/clock/clock_samd20/gclk.o
                0x000011a4                system_gclk_gen_set_config
 .text.system_gclk_gen_enable
                0x00001248       0x40 src/ASF/sam0/drivers/system/clock/clock_samd20/gclk.o
                0x00001248                system_gclk_gen_enable
 .text.system_gclk_gen_get_hz
                0x00001288       0x88 src/ASF/sam0/drivers/system/clock/clock_samd20/gclk.o
                0x00001288                system_gclk_gen_get_hz
 .text.system_gclk_chan_enable
                0x00001310       0x30 src/ASF/sam0/drivers/system/clock/clock_samd20/gclk.o
                0x00001310                system_gclk_chan_enable
 .text.system_gclk_chan_disable
                0x00001340       0x58 src/ASF/sam0/drivers/system/clock/clock_samd20/gclk.o
                0x00001340                system_gclk_chan_disable
 .text.system_gclk_chan_set_config
                0x00001398       0x1c src/ASF/sam0/drivers/system/clock/clock_samd20/gclk.o
                0x00001398                system_gclk_chan_set_config
 .text.system_gclk_chan_get_hz
                0x000013b4       0x34 src/ASF/sam0/drivers/system/clock/clock_samd20/gclk.o
                0x000013b4                system_gclk_chan_get_hz
 .text._system_pinmux_config
                0x000013e8       0x84 src/ASF/sam0/drivers/system/pinmux/pinmux.o
 .text.system_pinmux_pin_set_config
                0x0000146c       0x2c src/ASF/sam0/drivers/system/pinmux/pinmux.o
                0x0000146c                system_pinmux_pin_set_config
 .text._system_dummy_init
                0x00001498        0x2 src/ASF/sam0/drivers/system/system.o
                0x00001498                _system_events_init
                0x00001498                _system_dummy_init
                0x00001498                _system_extint_init
 *fill*         0x0000149a        0x2 
 .text.system_init
                0x0000149c       0x24 src/ASF/sam0/drivers/system/system.o
                0x0000149c                system_init
 .text.Dummy_Handler
                0x000014c0        0x2 src/ASF/sam0/utils/cmsis/samd20/source/gcc/startup_samd20.o
                0x000014c0                HardFault_Handler
                0x000014c0                TC2_Handler
                0x000014c0                AC_Handler
                0x000014c0                SysTick_Handler
                0x000014c0                PendSV_Handler
                0x000014c0                NMI_Handler
                0x000014c0                TC7_Handler
                0x000014c0                SERCOM1_Handler
                0x000014c0                ADC_Handler
                0x000014c0                SERCOM2_Handler
                0x000014c0                RTC_Handler
                0x000014c0                EIC_Handler
                0x000014c0                TC6_Handler
                0x000014c0                WDT_Handler
                0x000014c0                TC4_Handler
                0x000014c0                TC1_Handler
                0x000014c0                TC3_Handler
                0x000014c0                Dummy_Handler
                0x000014c0                PM_Handler
                0x000014c0                SERCOM5_Handler
                0x000014c0                SVC_Handler
                0x000014c0                EVSYS_Handler
                0x000014c0                SERCOM3_Handler
                0x000014c0                SERCOM4_Handler
                0x000014c0                NVMCTRL_Handler
                0x000014c0                SERCOM0_Handler
                0x000014c0                DAC_Handler
                0x000014c0                PTC_Handler
                0x000014c0                TC0_Handler
                0x000014c0                TC5_Handler
                0x000014c0                SYSCTRL_Handler
 *fill*         0x000014c2        0x2 
 .text.Reset_Handler
                0x000014c4       0x6c src/ASF/sam0/utils/cmsis/samd20/source/gcc/startup_samd20.o
                0x000014c4                Reset_Handler
 .text.Cal_Disp2Point
                0x00001530       0x48 src/Calibration.o
                0x00001530                Cal_Disp2Point
 .text.CalEdit_AbsPres
                0x00001578       0x74 src/Calibration.o
                0x00001578                CalEdit_AbsPres
 .text.Calibrate_AbsPres
                0x000015ec       0xbc src/Calibration.o
                0x000015ec                Calibrate_AbsPres
 .text.Cal_Disp1Point
                0x000016a8       0x30 src/Calibration.o
                0x000016a8                Cal_Disp1Point
 .text.CalEdit_OrifPartDP
                0x000016d8       0x50 src/Calibration.o
                0x000016d8                CalEdit_OrifPartDP
 .text.Calibrate_OrifPartDP
                0x00001728       0xbc src/Calibration.o
                0x00001728                Calibrate_OrifPartDP
 .text.CalEdit_OrifGasDP
                0x000017e4       0x58 src/Calibration.o
                0x000017e4                CalEdit_OrifGasDP
 .text.Calibrate_OrifGasDP
                0x0000183c       0xc0 src/Calibration.o
                0x0000183c                Calibrate_OrifGasDP
 .text.CalEdit_PitotDP
                0x000018fc       0x58 src/Calibration.o
                0x000018fc                CalEdit_PitotDP
 .text.Calibrate_PitotDP
                0x00001954       0xc0 src/Calibration.o
                0x00001954                Calibrate_PitotDP
 .text.GetTCSTDfromUserWithTempDisplay
                0x00001a14      0x164 src/Calibration.o
                0x00001a14                GetTCSTDfromUserWithTempDisplay
 .text.CalEdit_StackTC
                0x00001b78       0x7c src/Calibration.o
                0x00001b78                CalEdit_StackTC
 .text.Calibrate_StackTC
                0x00001bf4       0xf4 src/Calibration.o
                0x00001bf4                Calibrate_StackTC
 .text.DispPt100TempWithSign
                0x00001ce8       0x4c src/Calibration.o
                0x00001ce8                DispPt100TempWithSign
 .text.Cal_DispPT100Points
                0x00001d34       0x64 src/Calibration.o
                0x00001d34                Cal_DispPT100Points
 .text.GetPT100STDfromUserWithTempDisplay
                0x00001d98      0x15c src/Calibration.o
                0x00001d98                GetPT100STDfromUserWithTempDisplay
 .text.CalEdit_AmbTemp
                0x00001ef4       0x70 src/Calibration.o
                0x00001ef4                CalEdit_AmbTemp
 .text.Calibrate_AmbTemp
                0x00001f64       0xf4 src/Calibration.o
                0x00001f64                Calibrate_AmbTemp
 .text.CalEdit_OrificeTemp
                0x00002058       0x70 src/Calibration.o
                0x00002058                CalEdit_OrificeTemp
 .text.Calibrate_OrifTemp
                0x000020c8       0xf4 src/Calibration.o
                0x000020c8                Calibrate_OrifTemp
 .text.CalEdit_AuxPT100
                0x000021bc       0x70 src/Calibration.o
                0x000021bc                CalEdit_AuxPT100
 .text.Calibrate_AuxTemp
                0x0000222c       0xf4 src/Calibration.o
                0x0000222c                Calibrate_AuxTemp
 .text.DoCalibration
                0x00002320       0x8c src/Calibration.o
                0x00002320                DoCalibration
 .text.CalibrationModeChk
                0x000023ac       0xe8 src/Calibration.o
                0x000023ac                CalibrationModeChk
 .text.PulseLCD_EN
                0x00002494       0x24 src/CharLCD.o
                0x00002494                PulseLCD_EN
 .text.write4bits
                0x000024b8       0x48 src/CharLCD.o
                0x000024b8                write4bits
 .text.checkbusy
                0x00002500       0x78 src/CharLCD.o
                0x00002500                checkbusy
 .text.LCD_DataWrite
                0x00002578       0x34 src/CharLCD.o
                0x00002578                LCD_DataWrite
 .text.LCD_Print
                0x000025ac       0x18 src/CharLCD.o
                0x000025ac                LCD_Print
 .text.LCD_DispAscii
                0x000025c4       0x10 src/CharLCD.o
                0x000025c4                LCD_DispAscii
 .text.LCD_CmdWrite
                0x000025d4       0x34 src/CharLCD.o
                0x000025d4                LCD_CmdWrite
 .text.LCD_Setcursor
                0x00002608       0x2c src/CharLCD.o
                0x00002608                LCD_Setcursor
 .text.LCD_OneLine
                0x00002634       0x24 src/CharLCD.o
                0x00002634                LCD_OneLine
 .text.LCD_FullDisp
                0x00002658       0x38 src/CharLCD.o
                0x00002658                LCD_FullDisp
 .text.LCD_build
                0x00002690       0x2c src/CharLCD.o
                0x00002690                LCD_build
 .text.LCD_Frame1
                0x000026bc       0x64 src/CharLCD.o
                0x000026bc                LCD_Frame1
 .text.LCD_CursorOn
                0x00002720       0x10 src/CharLCD.o
                0x00002720                LCD_CursorOn
 .text.LCD_CursorOff
                0x00002730       0x10 src/CharLCD.o
                0x00002730                LCD_CursorOff
 .text.LCD_Clrscr
                0x00002740       0x14 src/CharLCD.o
                0x00002740                LCD_Clrscr
 .text.LCD_PowerOff
                0x00002754       0x18 src/CharLCD.o
                0x00002754                LCD_PowerOff
 .text.LCD_PowerOn
                0x0000276c       0x18 src/CharLCD.o
                0x0000276c                LCD_PowerOn
 .text.LCD_Init
                0x00002784       0xd8 src/CharLCD.o
                0x00002784                LCD_Init
 .text.Compute_StackTCTemp
                0x0000285c      0x204 src/Computations.o
                0x0000285c                Compute_StackTCTemp
 .text.Compute_PT100Temp
                0x00002a60       0xe0 src/Computations.o
                0x00002a60                Compute_PT100Temp
 .text.delay_1us
                0x00002b40       0x1a src/Delay.o
                0x00002b40                delay_1us
 *fill*         0x00002b5a        0x2 
 .text.delay_us
                0x00002b5c       0x1c src/Delay.o
                0x00002b5c                delay_us
 .text.delay_1ms
                0x00002b78       0x14 src/Delay.o
                0x00002b78                delay_1ms
 .text.delay_ms
                0x00002b8c       0x1c src/Delay.o
                0x00002b8c                delay_ms
 .text.delay_sec
                0x00002ba8       0x28 src/Delay.o
                0x00002ba8                delay_sec
 .text.i2c_master_enable.constprop.2
                0x00002bd0       0x34 src/EEProm.o
 .text.configure_EEPROM
                0x00002c04       0x7c src/EEProm.o
                0x00002c04                configure_EEPROM
 .text.LCD_DispFourOptionsIncrementingFrom
                0x00002c80       0x30 src/LCDAdvanced.o
                0x00002c80                LCD_DispFourOptionsIncrementingFrom
 .text.LCD_DispMenuArrow
                0x00002cb0       0x44 src/LCDAdvanced.o
                0x00002cb0                LCD_DispMenuArrow
 .text.LCD_MenuHandle
                0x00002cf4       0xfc src/LCDAdvanced.o
                0x00002cf4                LCD_MenuHandle
 .text.LCD_HorizCurPos
                0x00002df0       0x44 src/LCDAdvanced.o
                0x00002df0                LCD_HorizCurPos
 .text.LCD_HorizontalScroll
                0x00002e34       0xe8 src/LCDAdvanced.o
                0x00002e34                LCD_HorizontalScroll
 .text.Config_Contrast_PWM
                0x00002f1c       0x54 src/main.o
                0x00002f1c                Config_Contrast_PWM
 .text.Config_LCD
                0x00002f70       0x40 src/main.o
                0x00002f70                Config_LCD
 .text.Disp_IntroLcdMsgs
                0x00002fb0       0x8c src/main.o
                0x00002fb0                Disp_IntroLcdMsgs
 .text.Spi_Get3BytesfromExtADC
                0x0000303c      0x190 src/main.o
                0x0000303c                Spi_Get3BytesfromExtADC
 .text.Initialize_Hardware
                0x000031cc       0x50 src/main.o
                0x000031cc                Initialize_Hardware
 .text.startup.main
                0x0000321c       0x74 src/main.o
                0x0000321c                main
 .text.sqrt     0x00003290       0xc0 c:/program files (x86)/atmel/atmel toolchain/arm gcc/native/4.8.1443/arm-gnu-toolchain/bin/../lib/gcc/arm-none-eabi/4.8.4/../../../../arm-none-eabi/lib/armv6-m\libm.a(lib_a-w_sqrt.o)
                0x00003290                sqrt
 .text.__ieee754_sqrt
                0x00003350      0x1cc c:/program files (x86)/atmel/atmel toolchain/arm gcc/native/4.8.1443/arm-gnu-toolchain/bin/../lib/gcc/arm-none-eabi/4.8.4/../../../../arm-none-eabi/lib/armv6-m\libm.a(lib_a-e_sqrt.o)
                0x00003350                __ieee754_sqrt
 .text.__fpclassifyd
                0x0000351c       0x60 c:/program files (x86)/atmel/atmel toolchain/arm gcc/native/4.8.1443/arm-gnu-toolchain/bin/../lib/gcc/arm-none-eabi/4.8.4/../../../../arm-none-eabi/lib/armv6-m\libm.a(lib_a-s_fpclassify.o)
                0x0000351c                __fpclassifyd
 .text.matherr  0x0000357c        0x4 c:/program files (x86)/atmel/atmel toolchain/arm gcc/native/4.8.1443/arm-gnu-toolchain/bin/../lib/gcc/arm-none-eabi/4.8.4/../../../../arm-none-eabi/lib/armv6-m\libm.a(lib_a-s_matherr.o)
                0x0000357c                matherr
 .text          0x00003580       0x14 c:/program files (x86)/atmel/atmel toolchain/arm gcc/native/4.8.1443/arm-gnu-toolchain/bin/../lib/gcc/arm-none-eabi/4.8.4/armv6-m\libgcc.a(_thumb1_case_uqi.o)
                0x00003580                __gnu_thumb1_case_uqi
 .text          0x00003594       0x9c c:/program files (x86)/atmel/atmel toolchain/arm gcc/native/4.8.1443/arm-gnu-toolchain/bin/../lib/gcc/arm-none-eabi/4.8.4/armv6-m\libgcc.a(_udivsi3.o)
                0x00003594                __aeabi_uidiv
                0x00003594                __udivsi3
                0x0000361c                __aeabi_uidivmod
 .text          0x00003630        0x4 c:/program files (x86)/atmel/atmel toolchain/arm gcc/native/4.8.1443/arm-gnu-toolchain/bin/../lib/gcc/arm-none-eabi/4.8.4/armv6-m\libgcc.a(_dvmd_tls.o)
                0x00003630                __aeabi_idiv0
                0x00003630                __aeabi_ldiv0
 .text          0x00003634       0x7c c:/program files (x86)/atmel/atmel toolchain/arm gcc/native/4.8.1443/arm-gnu-toolchain/bin/../lib/gcc/arm-none-eabi/4.8.4/armv6-m\libgcc.a(_arm_cmpdf2.o)
                0x00003634                __aeabi_cdrcmple
                0x00003644                __aeabi_cdcmple
                0x00003644                __aeabi_cdcmpeq
                0x00003654                __aeabi_dcmpeq
                0x00003660                __aeabi_dcmplt
                0x00003674                __aeabi_dcmple
                0x00003688                __aeabi_dcmpgt
                0x0000369c                __aeabi_dcmpge
 .text          0x000036b0       0x74 c:/program files (x86)/atmel/atmel toolchain/arm gcc/native/4.8.1443/arm-gnu-toolchain/bin/../lib/gcc/arm-none-eabi/4.8.4/armv6-m\libgcc.a(_arm_cmpsf2.o)
                0x000036b0                __aeabi_cfrcmple
                0x000036b8                __aeabi_cfcmpeq
                0x000036b8                __aeabi_cfcmple
                0x000036c8                __aeabi_fcmpeq
                0x000036d4                __aeabi_fcmplt
                0x000036e8                __aeabi_fcmple
                0x000036fc                __aeabi_fcmpgt
                0x00003710                __aeabi_fcmpge
 .text          0x00003724       0x30 c:/program files (x86)/atmel/atmel toolchain/arm gcc/native/4.8.1443/arm-gnu-toolchain/bin/../lib/gcc/arm-none-eabi/4.8.4/armv6-m\libgcc.a(_fixunssfsi.o)
                0x00003724                __fixunssfsi
                0x00003724                __aeabi_f2uiz
 .text          0x00003754      0x2d8 c:/program files (x86)/atmel/atmel toolchain/arm gcc/native/4.8.1443/arm-gnu-toolchain/bin/../lib/gcc/arm-none-eabi/4.8.4/armv6-m\libgcc.a(addsf3.o)
                0x00003754                __aeabi_fadd
 .text          0x00003a2c      0x24c c:/program files (x86)/atmel/atmel toolchain/arm gcc/native/4.8.1443/arm-gnu-toolchain/bin/../lib/gcc/arm-none-eabi/4.8.4/armv6-m\libgcc.a(divsf3.o)
                0x00003a2c                __aeabi_fdiv
 .text          0x00003c78       0x54 c:/program files (x86)/atmel/atmel toolchain/arm gcc/native/4.8.1443/arm-gnu-toolchain/bin/../lib/gcc/arm-none-eabi/4.8.4/armv6-m\libgcc.a(eqsf2.o)
                0x00003c78                __eqsf2
                0x00003c78                __nesf2
 .text          0x00003ccc       0x90 c:/program files (x86)/atmel/atmel toolchain/arm gcc/native/4.8.1443/arm-gnu-toolchain/bin/../lib/gcc/arm-none-eabi/4.8.4/armv6-m\libgcc.a(gesf2.o)
                0x00003ccc                __gesf2
                0x00003ccc                __gtsf2
 .text          0x00003d5c       0x98 c:/program files (x86)/atmel/atmel toolchain/arm gcc/native/4.8.1443/arm-gnu-toolchain/bin/../lib/gcc/arm-none-eabi/4.8.4/armv6-m\libgcc.a(lesf2.o)
                0x00003d5c                __ltsf2
                0x00003d5c                __lesf2
 .text          0x00003df4      0x254 c:/program files (x86)/atmel/atmel toolchain/arm gcc/native/4.8.1443/arm-gnu-toolchain/bin/../lib/gcc/arm-none-eabi/4.8.4/armv6-m\libgcc.a(mulsf3.o)
                0x00003df4                __aeabi_fmul
 .text          0x00004048      0x2ec c:/program files (x86)/atmel/atmel toolchain/arm gcc/native/4.8.1443/arm-gnu-toolchain/bin/../lib/gcc/arm-none-eabi/4.8.4/armv6-m\libgcc.a(subsf3.o)
                0x00004048                __aeabi_fsub
 .text          0x00004334       0x40 c:/program files (x86)/atmel/atmel toolchain/arm gcc/native/4.8.1443/arm-gnu-toolchain/bin/../lib/gcc/arm-none-eabi/4.8.4/armv6-m\libgcc.a(fixsfsi.o)
                0x00004334                __aeabi_f2iz
 .text          0x00004374       0xb8 c:/program files (x86)/atmel/atmel toolchain/arm gcc/native/4.8.1443/arm-gnu-toolchain/bin/../lib/gcc/arm-none-eabi/4.8.4/armv6-m\libgcc.a(floatsisf.o)
                0x00004374                __aeabi_i2f
 .text          0x0000442c       0xa0 c:/program files (x86)/atmel/atmel toolchain/arm gcc/native/4.8.1443/arm-gnu-toolchain/bin/../lib/gcc/arm-none-eabi/4.8.4/armv6-m\libgcc.a(floatunsisf.o)
                0x0000442c                __aeabi_ui2f
 .text          0x000044cc      0x644 c:/program files (x86)/atmel/atmel toolchain/arm gcc/native/4.8.1443/arm-gnu-toolchain/bin/../lib/gcc/arm-none-eabi/4.8.4/armv6-m\libgcc.a(adddf3.o)
                0x000044cc                __aeabi_dadd
 .text          0x00004b10      0x648 c:/program files (x86)/atmel/atmel toolchain/arm gcc/native/4.8.1443/arm-gnu-toolchain/bin/../lib/gcc/arm-none-eabi/4.8.4/armv6-m\libgcc.a(divdf3.o)
                0x00004b10                __aeabi_ddiv
 .text          0x00005158       0x94 c:/program files (x86)/atmel/atmel toolchain/arm gcc/native/4.8.1443/arm-gnu-toolchain/bin/../lib/gcc/arm-none-eabi/4.8.4/armv6-m\libgcc.a(eqdf2.o)
                0x00005158                __nedf2
                0x00005158                __eqdf2
 .text          0x000051ec       0xfc c:/program files (x86)/atmel/atmel toolchain/arm gcc/native/4.8.1443/arm-gnu-toolchain/bin/../lib/gcc/arm-none-eabi/4.8.4/armv6-m\libgcc.a(gedf2.o)
                0x000051ec                __gedf2
                0x000051ec                __gtdf2
 .text          0x000052e8       0xfc c:/program files (x86)/atmel/atmel toolchain/arm gcc/native/4.8.1443/arm-gnu-toolchain/bin/../lib/gcc/arm-none-eabi/4.8.4/armv6-m\libgcc.a(ledf2.o)
                0x000052e8                __ledf2
                0x000052e8                __ltdf2
 .text          0x000053e4      0x520 c:/program files (x86)/atmel/atmel toolchain/arm gcc/native/4.8.1443/arm-gnu-toolchain/bin/../lib/gcc/arm-none-eabi/4.8.4/armv6-m\libgcc.a(muldf3.o)
                0x000053e4                __aeabi_dmul
 .text          0x00005904      0x668 c:/program files (x86)/atmel/atmel toolchain/arm gcc/native/4.8.1443/arm-gnu-toolchain/bin/../lib/gcc/arm-none-eabi/4.8.4/armv6-m\libgcc.a(subdf3.o)
                0x00005904                __aeabi_dsub
 .text          0x00005f6c       0xa4 c:/program files (x86)/atmel/atmel toolchain/arm gcc/native/4.8.1443/arm-gnu-toolchain/bin/../lib/gcc/arm-none-eabi/4.8.4/armv6-m\libgcc.a(extendsfdf2.o)
                0x00005f6c                __aeabi_f2d
 .text          0x00006010      0x118 c:/program files (x86)/atmel/atmel toolchain/arm gcc/native/4.8.1443/arm-gnu-toolchain/bin/../lib/gcc/arm-none-eabi/4.8.4/armv6-m\libgcc.a(truncdfsf2.o)
                0x00006010                __aeabi_d2f
 .text          0x00006128       0x3c c:/program files (x86)/atmel/atmel toolchain/arm gcc/native/4.8.1443/arm-gnu-toolchain/bin/../lib/gcc/arm-none-eabi/4.8.4/armv6-m\libgcc.a(_clzsi2.o)
                0x00006128                __clzsi2
 .text.__errno  0x00006164        0xc c:/program files (x86)/atmel/atmel toolchain/arm gcc/native/4.8.1443/arm-gnu-toolchain/bin/../lib/gcc/arm-none-eabi/4.8.4/../../../../arm-none-eabi/lib/armv6-m\libc_s.a(lib_a-errno.o)
                0x00006164                __errno
 .text.__libc_init_array
                0x00006170       0x4c c:/program files (x86)/atmel/atmel toolchain/arm gcc/native/4.8.1443/arm-gnu-toolchain/bin/../lib/gcc/arm-none-eabi/4.8.4/../../../../arm-none-eabi/lib/armv6-m\libc_s.a(lib_a-init.o)
                0x00006170                __libc_init_array
 *(.glue_7t)
 .glue_7t       0x00000000        0x0 linker stubs
 *(.glue_7)
 .glue_7        0x00000000        0x0 linker stubs
 *(.rodata .rodata* .gnu.linkonce.r.*)
 .rodata        0x000061bc       0x18 src/ASF/sam0/drivers/sercom/sercom.o
 .rodata.CalibrationMenu
                0x000061d4       0xc8 src/Calibration.o
                0x000061d4                CalibrationMenu
 .rodata.str1.1
                0x0000629c      0x3ee src/Calibration.o
 .rodata.str1.1
                0x0000668a       0x3d src/CharLCD.o
 .rodata.str1.1
                0x000066c7       0x12 src/LCDAdvanced.o
 .rodata.str1.1
                0x000066d9       0xca src/main.o
                                 0xea (size before relaxing)
 *fill*         0x000067a3        0x1 
 .rodata.str1.4
                0x000067a4        0x8 c:/program files (x86)/atmel/atmel toolchain/arm gcc/native/4.8.1443/arm-gnu-toolchain/bin/../lib/gcc/arm-none-eabi/4.8.4/../../../../arm-none-eabi/lib/armv6-m\libm.a(lib_a-w_sqrt.o)
 .rodata        0x000067ac       0x40 c:/program files (x86)/atmel/atmel toolchain/arm gcc/native/4.8.1443/arm-gnu-toolchain/bin/../lib/gcc/arm-none-eabi/4.8.4/armv6-m\libgcc.a(divsf3.o)
 .rodata        0x000067ec       0x40 c:/program files (x86)/atmel/atmel toolchain/arm gcc/native/4.8.1443/arm-gnu-toolchain/bin/../lib/gcc/arm-none-eabi/4.8.4/armv6-m\libgcc.a(mulsf3.o)
 .rodata        0x0000682c       0x40 c:/program files (x86)/atmel/atmel toolchain/arm gcc/native/4.8.1443/arm-gnu-toolchain/bin/../lib/gcc/arm-none-eabi/4.8.4/armv6-m\libgcc.a(divdf3.o)
 .rodata        0x0000686c       0x40 c:/program files (x86)/atmel/atmel toolchain/arm gcc/native/4.8.1443/arm-gnu-toolchain/bin/../lib/gcc/arm-none-eabi/4.8.4/armv6-m\libgcc.a(muldf3.o)
 .rodata.str1.1
                0x00000000       0xca c:/program files (x86)/atmel/atmel toolchain/arm gcc/native/4.8.1443/arm-gnu-toolchain/bin/../lib/gcc/arm-none-eabi/4.8.4/../../../../arm-none-eabi/lib/armv6-m\libc_s.a(lib_a-impure.o)
                                  0x2 (size before relaxing)
 .rodata.__sf_fake_stdin
                0x000068ac       0x20 c:/program files (x86)/atmel/atmel toolchain/arm gcc/native/4.8.1443/arm-gnu-toolchain/bin/../lib/gcc/arm-none-eabi/4.8.4/../../../../arm-none-eabi/lib/armv6-m\libc_s.a(lib_a-findfp.o)
                0x000068ac                __sf_fake_stdin
 .rodata.__sf_fake_stdout
                0x000068cc       0x20 c:/program files (x86)/atmel/atmel toolchain/arm gcc/native/4.8.1443/arm-gnu-toolchain/bin/../lib/gcc/arm-none-eabi/4.8.4/../../../../arm-none-eabi/lib/armv6-m\libc_s.a(lib_a-findfp.o)
                0x000068cc                __sf_fake_stdout
 .rodata.__sf_fake_stderr
                0x000068ec       0x20 c:/program files (x86)/atmel/atmel toolchain/arm gcc/native/4.8.1443/arm-gnu-toolchain/bin/../lib/gcc/arm-none-eabi/4.8.4/../../../../arm-none-eabi/lib/armv6-m\libc_s.a(lib_a-findfp.o)
                0x000068ec                __sf_fake_stderr
 *(.ARM.extab* .gnu.linkonce.armextab.*)
                0x0000690c                . = ALIGN (0x4)
 *(.init)
 .init          0x0000690c        0x4 c:/program files (x86)/atmel/atmel toolchain/arm gcc/native/4.8.1443/arm-gnu-toolchain/bin/../lib/gcc/arm-none-eabi/4.8.4/armv6-m/crti.o
                0x0000690c                _init
 .init          0x00006910        0x8 c:/program files (x86)/atmel/atmel toolchain/arm gcc/native/4.8.1443/arm-gnu-toolchain/bin/../lib/gcc/arm-none-eabi/4.8.4/armv6-m/crtn.o
                0x00006918                . = ALIGN (0x4)
                0x00006918                __preinit_array_start = .
 *(.preinit_array)
                0x00006918                __preinit_array_end = .
                0x00006918                . = ALIGN (0x4)
                0x00006918                __init_array_start = .
 *(SORT(.init_array.*))
 *(.init_array)
 .init_array    0x00006918        0x4 c:/program files (x86)/atmel/atmel toolchain/arm gcc/native/4.8.1443/arm-gnu-toolchain/bin/../lib/gcc/arm-none-eabi/4.8.4/armv6-m/crtbegin.o
                0x0000691c                __init_array_end = .
                0x0000691c                . = ALIGN (0x4)
 *crtbegin.o(.ctors)
 *(EXCLUDE_FILE(*crtend.o) .ctors)
 *(SORT(.ctors.*))
 *crtend.o(.ctors)
                0x0000691c                . = ALIGN (0x4)
 *(.fini)
 .fini          0x0000691c        0x4 c:/program files (x86)/atmel/atmel toolchain/arm gcc/native/4.8.1443/arm-gnu-toolchain/bin/../lib/gcc/arm-none-eabi/4.8.4/armv6-m/crti.o
                0x0000691c                _fini
 .fini          0x00006920        0x8 c:/program files (x86)/atmel/atmel toolchain/arm gcc/native/4.8.1443/arm-gnu-toolchain/bin/../lib/gcc/arm-none-eabi/4.8.4/armv6-m/crtn.o
                0x00006928                . = ALIGN (0x4)
                0x00006928                __fini_array_start = .
 *(.fini_array)
 .fini_array    0x00006928        0x4 c:/program files (x86)/atmel/atmel toolchain/arm gcc/native/4.8.1443/arm-gnu-toolchain/bin/../lib/gcc/arm-none-eabi/4.8.4/armv6-m/crtbegin.o
 *(SORT(.fini_array.*))
                0x0000692c                __fini_array_end = .
 *crtbegin.o(.dtors)
 *(EXCLUDE_FILE(*crtend.o) .dtors)
 *(SORT(.dtors.*))
 *crtend.o(.dtors)
                0x0000692c                . = ALIGN (0x4)
                0x0000692c                _efixed = .
                0x0000692c                PROVIDE (__exidx_start, .)

.vfp11_veneer   0x0000692c        0x0
 .vfp11_veneer  0x00000000        0x0 linker stubs

.v4_bx          0x0000692c        0x0
 .v4_bx         0x00000000        0x0 linker stubs

.iplt           0x0000692c        0x0
 .iplt          0x00000000        0x0 c:/program files (x86)/atmel/atmel toolchain/arm gcc/native/4.8.1443/arm-gnu-toolchain/bin/../lib/gcc/arm-none-eabi/4.8.4/armv6-m/crtbegin.o

.eh_frame       0x0000692c        0x0
 .eh_frame      0x0000692c        0x0 c:/program files (x86)/atmel/atmel toolchain/arm gcc/native/4.8.1443/arm-gnu-toolchain/bin/../lib/gcc/arm-none-eabi/4.8.4/armv6-m/crtbegin.o

.rel.dyn        0x0000692c        0x0
 .rel.iplt      0x00000000        0x0 c:/program files (x86)/atmel/atmel toolchain/arm gcc/native/4.8.1443/arm-gnu-toolchain/bin/../lib/gcc/arm-none-eabi/4.8.4/armv6-m/crtbegin.o

.jcr            0x0000692c        0x0
 .jcr           0x0000692c        0x0 c:/program files (x86)/atmel/atmel toolchain/arm gcc/native/4.8.1443/arm-gnu-toolchain/bin/../lib/gcc/arm-none-eabi/4.8.4/armv6-m/crtbegin.o

.igot.plt       0x0000692c        0x0
 .igot.plt      0x00000000        0x0 c:/program files (x86)/atmel/atmel toolchain/arm gcc/native/4.8.1443/arm-gnu-toolchain/bin/../lib/gcc/arm-none-eabi/4.8.4/armv6-m/crtbegin.o

.ARM.exidx
 *(.ARM.exidx* .gnu.linkonce.armexidx.*)
                0x0000692c                PROVIDE (__exidx_end, .)
                0x0000692c                . = ALIGN (0x4)
                0x0000692c                _etext = .

.relocate       0x20000000       0x80 load address 0x0000692c
                0x20000000                . = ALIGN (0x4)
                0x20000000                _srelocate = .
 *(.ramfunc .ramfunc.*)
 *(.data .data.*)
 .data.g_interrupt_enabled
                0x20000000        0x1 src/ASF/common/utils/interrupt/interrupt_sam_nvic.o
                0x20000000                g_interrupt_enabled
 .data.framelement
                0x20000001        0x8 src/main.o
                0x20000001                framelement
 .data.PILOGO   0x20000009        0x8 src/main.o
                0x20000009                PILOGO
 .data.DegreeSym
                0x20000011        0x8 src/main.o
                0x20000011                DegreeSym
 .data.__fdlib_version
                0x20000019        0x1 c:/program files (x86)/atmel/atmel toolchain/arm gcc/native/4.8.1443/arm-gnu-toolchain/bin/../lib/gcc/arm-none-eabi/4.8.4/../../../../arm-none-eabi/lib/armv6-m\libm.a(lib_a-s_lib_ver.o)
                0x20000019                __fdlib_version
 *fill*         0x2000001a        0x2 
 .data.impure_data
                0x2000001c       0x60 c:/program files (x86)/atmel/atmel toolchain/arm gcc/native/4.8.1443/arm-gnu-toolchain/bin/../lib/gcc/arm-none-eabi/4.8.4/../../../../arm-none-eabi/lib/armv6-m\libc_s.a(lib_a-impure.o)
 .data._impure_ptr
                0x2000007c        0x4 c:/program files (x86)/atmel/atmel toolchain/arm gcc/native/4.8.1443/arm-gnu-toolchain/bin/../lib/gcc/arm-none-eabi/4.8.4/../../../../arm-none-eabi/lib/armv6-m\libc_s.a(lib_a-impure.o)
                0x2000007c                _impure_ptr
                0x20000080                . = ALIGN (0x4)
                0x20000080                _erelocate = .

.bss            0x20000080      0x128 load address 0x000069ac
                0x20000080                . = ALIGN (0x4)
                0x20000080                _sbss = .
                0x20000080                _szero = .
 *(.bss .bss.*)
 .bss           0x20000080       0x1c c:/program files (x86)/atmel/atmel toolchain/arm gcc/native/4.8.1443/arm-gnu-toolchain/bin/../lib/gcc/arm-none-eabi/4.8.4/armv6-m/crtbegin.o
 .bss._sercom_config
                0x2000009c        0x2 src/ASF/sam0/drivers/sercom/sercom.o
 *fill*         0x2000009e        0x2 
 .bss.cpu_irq_critical_section_counter
                0x200000a0        0x4 src/ASF/common/utils/interrupt/interrupt_sam_nvic.o
 .bss.cpu_irq_prev_interrupt_state
                0x200000a4        0x1 src/ASF/common/utils/interrupt/interrupt_sam_nvic.o
 *fill*         0x200000a5        0x3 
 .bss._system_clock_inst
                0x200000a8       0x14 src/ASF/sam0/drivers/system/clock/clock_samd20/clock.o
 *(COMMON)
 COMMON         0x200000bc        0x6 src/MatrixKeypad.o
                0x200000bc                UpdateKey
                0x200000bd                ParaKey
                0x200000be                RunKey
                0x200000bf                EnterKey
                0x200000c0                StartKey
                0x200000c1                StopKey
 COMMON         0x200000c2        0x4 src/UserInterface.o
                0x200000c2                _data_pins
 *fill*         0x200000c6        0x2 
 COMMON         0x200000c8       0xd4 src/Calibration.o
                0x200000c8                Orifice_PT100
                0x200000e4                Ambient_PT100
                0x20000100                SPIMid
                0x20000104                Stack_TC
                0x20000118                SPIHi
                0x2000011c                Aux_Temp
                0x20000138                OrifPart_DP
                0x2000014c                Pt100TempSign
                0x20000150                Absolute_Pres
                0x2000016c                SPILo
                0x20000170                Pitot_DP
                0x20000184                ExtADCData
                0x20000188                OrifGas_DP
 COMMON         0x2000019c        0xc src/EEProm.o
                0x2000019c                i2c_master_instance
                0x200001a8                . = ALIGN (0x4)
                0x200001a8                _ebss = .
                0x200001a8                _ezero = .

.stack          0x200001a8     0x1000 load address 0x00006ad4
                0x200001a8                . = ALIGN (0x8)
                0x200001a8                _sstack = .
                0x200011a8                . = (. + STACK_SIZE)
 *fill*         0x200001a8     0x1000 
                0x200011a8                . = ALIGN (0x8)
                0x200011a8                _estack = .
                0x200011a8                . = ALIGN (0x4)
                0x200011a8                _end = .
OUTPUT(SAMD.elf elf32-littlearm)

.ARM.attributes
                0x00000000       0x28
 .ARM.attributes
                0x00000000       0x1e c:/program files (x86)/atmel/atmel toolchain/arm gcc/native/4.8.1443/arm-gnu-toolchain/bin/../lib/gcc/arm-none-eabi/4.8.4/armv6-m/crti.o
 .ARM.attributes
                0x0000001e       0x2c c:/program files (x86)/atmel/atmel toolchain/arm gcc/native/4.8.1443/arm-gnu-toolchain/bin/../lib/gcc/arm-none-eabi/4.8.4/armv6-m/crtbegin.o
 .ARM.attributes
                0x0000004a       0x32 src/ASF/sam0/drivers/sercom/i2c/i2c_samd20/i2c_master.o
 .ARM.attributes
                0x0000007c       0x32 src/ASF/sam0/drivers/sercom/sercom.o
 .ARM.attributes
                0x000000ae       0x32 src/MatrixKeypad.o
 .ARM.attributes
                0x000000e0       0x32 src/S_GCLOCK.o
 .ARM.attributes
                0x00000112       0x32 src/S_PORT.o
 .ARM.attributes
                0x00000144       0x32 src/S_SPI.o
 .ARM.attributes
                0x00000176       0x32 src/UserInterface.o
 .ARM.attributes
                0x000001a8       0x32 src/ASF/common2/boards/user_board/init.o
 .ARM.attributes
                0x000001da       0x32 src/ASF/common/utils/interrupt/interrupt_sam_nvic.o
 .ARM.attributes
                0x0000020c       0x32 src/ASF/sam0/drivers/system/clock/clock_samd20/clock.o
 .ARM.attributes
                0x0000023e       0x32 src/ASF/sam0/drivers/system/clock/clock_samd20/gclk.o
 .ARM.attributes
                0x00000270       0x32 src/ASF/sam0/drivers/system/pinmux/pinmux.o
 .ARM.attributes
                0x000002a2       0x32 src/ASF/sam0/drivers/system/system.o
 .ARM.attributes
                0x000002d4       0x32 src/ASF/sam0/utils/cmsis/samd20/source/gcc/startup_samd20.o
 .ARM.attributes
                0x00000306       0x32 src/Calibration.o
 .ARM.attributes
                0x00000338       0x32 src/CharLCD.o
 .ARM.attributes
                0x0000036a       0x32 src/Computations.o
 .ARM.attributes
                0x0000039c       0x32 src/Delay.o
 .ARM.attributes
                0x000003ce       0x32 src/EEProm.o
 .ARM.attributes
                0x00000400       0x32 src/LCDAdvanced.o
 .ARM.attributes
                0x00000432       0x32 src/main.o
 .ARM.attributes
                0x00000464       0x2c c:/program files (x86)/atmel/atmel toolchain/arm gcc/native/4.8.1443/arm-gnu-toolchain/bin/../lib/gcc/arm-none-eabi/4.8.4/../../../../arm-none-eabi/lib/armv6-m\libm.a(lib_a-w_sqrt.o)
 .ARM.attributes
                0x00000490       0x2c c:/program files (x86)/atmel/atmel toolchain/arm gcc/native/4.8.1443/arm-gnu-toolchain/bin/../lib/gcc/arm-none-eabi/4.8.4/../../../../arm-none-eabi/lib/armv6-m\libm.a(lib_a-e_sqrt.o)
 .ARM.attributes
                0x000004bc       0x2c c:/program files (x86)/atmel/atmel toolchain/arm gcc/native/4.8.1443/arm-gnu-toolchain/bin/../lib/gcc/arm-none-eabi/4.8.4/../../../../arm-none-eabi/lib/armv6-m\libm.a(lib_a-s_fpclassify.o)
 .ARM.attributes
                0x000004e8       0x2c c:/program files (x86)/atmel/atmel toolchain/arm gcc/native/4.8.1443/arm-gnu-toolchain/bin/../lib/gcc/arm-none-eabi/4.8.4/../../../../arm-none-eabi/lib/armv6-m\libm.a(lib_a-s_lib_ver.o)
 .ARM.attributes
                0x00000514       0x2c c:/program files (x86)/atmel/atmel toolchain/arm gcc/native/4.8.1443/arm-gnu-toolchain/bin/../lib/gcc/arm-none-eabi/4.8.4/../../../../arm-none-eabi/lib/armv6-m\libm.a(lib_a-s_matherr.o)
 .ARM.attributes
                0x00000540       0x1e c:/program files (x86)/atmel/atmel toolchain/arm gcc/native/4.8.1443/arm-gnu-toolchain/bin/../lib/gcc/arm-none-eabi/4.8.4/armv6-m\libgcc.a(_thumb1_case_uqi.o)
 .ARM.attributes
                0x0000055e       0x1e c:/program files (x86)/atmel/atmel toolchain/arm gcc/native/4.8.1443/arm-gnu-toolchain/bin/../lib/gcc/arm-none-eabi/4.8.4/armv6-m\libgcc.a(_udivsi3.o)
 .ARM.attributes
                0x0000057c       0x1e c:/program files (x86)/atmel/atmel toolchain/arm gcc/native/4.8.1443/arm-gnu-toolchain/bin/../lib/gcc/arm-none-eabi/4.8.4/armv6-m\libgcc.a(_dvmd_tls.o)
 .ARM.attributes
                0x0000059a       0x1e c:/program files (x86)/atmel/atmel toolchain/arm gcc/native/4.8.1443/arm-gnu-toolchain/bin/../lib/gcc/arm-none-eabi/4.8.4/armv6-m\libgcc.a(_arm_cmpdf2.o)
 .ARM.attributes
                0x000005b8       0x1e c:/program files (x86)/atmel/atmel toolchain/arm gcc/native/4.8.1443/arm-gnu-toolchain/bin/../lib/gcc/arm-none-eabi/4.8.4/armv6-m\libgcc.a(_arm_cmpsf2.o)
 .ARM.attributes
                0x000005d6       0x2c c:/program files (x86)/atmel/atmel toolchain/arm gcc/native/4.8.1443/arm-gnu-toolchain/bin/../lib/gcc/arm-none-eabi/4.8.4/armv6-m\libgcc.a(_fixunssfsi.o)
 .ARM.attributes
                0x00000602       0x2c c:/program files (x86)/atmel/atmel toolchain/arm gcc/native/4.8.1443/arm-gnu-toolchain/bin/../lib/gcc/arm-none-eabi/4.8.4/armv6-m\libgcc.a(addsf3.o)
 .ARM.attributes
                0x0000062e       0x2c c:/program files (x86)/atmel/atmel toolchain/arm gcc/native/4.8.1443/arm-gnu-toolchain/bin/../lib/gcc/arm-none-eabi/4.8.4/armv6-m\libgcc.a(divsf3.o)
 .ARM.attributes
                0x0000065a       0x2c c:/program files (x86)/atmel/atmel toolchain/arm gcc/native/4.8.1443/arm-gnu-toolchain/bin/../lib/gcc/arm-none-eabi/4.8.4/armv6-m\libgcc.a(eqsf2.o)
 .ARM.attributes
                0x00000686       0x2c c:/program files (x86)/atmel/atmel toolchain/arm gcc/native/4.8.1443/arm-gnu-toolchain/bin/../lib/gcc/arm-none-eabi/4.8.4/armv6-m\libgcc.a(gesf2.o)
 .ARM.attributes
                0x000006b2       0x2c c:/program files (x86)/atmel/atmel toolchain/arm gcc/native/4.8.1443/arm-gnu-toolchain/bin/../lib/gcc/arm-none-eabi/4.8.4/armv6-m\libgcc.a(lesf2.o)
 .ARM.attributes
                0x000006de       0x2c c:/program files (x86)/atmel/atmel toolchain/arm gcc/native/4.8.1443/arm-gnu-toolchain/bin/../lib/gcc/arm-none-eabi/4.8.4/armv6-m\libgcc.a(mulsf3.o)
 .ARM.attributes
                0x0000070a       0x2c c:/program files (x86)/atmel/atmel toolchain/arm gcc/native/4.8.1443/arm-gnu-toolchain/bin/../lib/gcc/arm-none-eabi/4.8.4/armv6-m\libgcc.a(subsf3.o)
 .ARM.attributes
                0x00000736       0x2c c:/program files (x86)/atmel/atmel toolchain/arm gcc/native/4.8.1443/arm-gnu-toolchain/bin/../lib/gcc/arm-none-eabi/4.8.4/armv6-m\libgcc.a(fixsfsi.o)
 .ARM.attributes
                0x00000762       0x2c c:/program files (x86)/atmel/atmel toolchain/arm gcc/native/4.8.1443/arm-gnu-toolchain/bin/../lib/gcc/arm-none-eabi/4.8.4/armv6-m\libgcc.a(floatsisf.o)
 .ARM.attributes
                0x0000078e       0x2c c:/program files (x86)/atmel/atmel toolchain/arm gcc/native/4.8.1443/arm-gnu-toolchain/bin/../lib/gcc/arm-none-eabi/4.8.4/armv6-m\libgcc.a(floatunsisf.o)
 .ARM.attributes
                0x000007ba       0x2c c:/program files (x86)/atmel/atmel toolchain/arm gcc/native/4.8.1443/arm-gnu-toolchain/bin/../lib/gcc/arm-none-eabi/4.8.4/armv6-m\libgcc.a(adddf3.o)
 .ARM.attributes
                0x000007e6       0x2c c:/program files (x86)/atmel/atmel toolchain/arm gcc/native/4.8.1443/arm-gnu-toolchain/bin/../lib/gcc/arm-none-eabi/4.8.4/armv6-m\libgcc.a(divdf3.o)
 .ARM.attributes
                0x00000812       0x2c c:/program files (x86)/atmel/atmel toolchain/arm gcc/native/4.8.1443/arm-gnu-toolchain/bin/../lib/gcc/arm-none-eabi/4.8.4/armv6-m\libgcc.a(eqdf2.o)
 .ARM.attributes
                0x0000083e       0x2c c:/program files (x86)/atmel/atmel toolchain/arm gcc/native/4.8.1443/arm-gnu-toolchain/bin/../lib/gcc/arm-none-eabi/4.8.4/armv6-m\libgcc.a(gedf2.o)
 .ARM.attributes
                0x0000086a       0x2c c:/program files (x86)/atmel/atmel toolchain/arm gcc/native/4.8.1443/arm-gnu-toolchain/bin/../lib/gcc/arm-none-eabi/4.8.4/armv6-m\libgcc.a(ledf2.o)
 .ARM.attributes
                0x00000896       0x2c c:/program files (x86)/atmel/atmel toolchain/arm gcc/native/4.8.1443/arm-gnu-toolchain/bin/../lib/gcc/arm-none-eabi/4.8.4/armv6-m\libgcc.a(muldf3.o)
 .ARM.attributes
                0x000008c2       0x2c c:/program files (x86)/atmel/atmel toolchain/arm gcc/native/4.8.1443/arm-gnu-toolchain/bin/../lib/gcc/arm-none-eabi/4.8.4/armv6-m\libgcc.a(subdf3.o)
 .ARM.attributes
                0x000008ee       0x2c c:/program files (x86)/atmel/atmel toolchain/arm gcc/native/4.8.1443/arm-gnu-toolchain/bin/../lib/gcc/arm-none-eabi/4.8.4/armv6-m\libgcc.a(extendsfdf2.o)
 .ARM.attributes
                0x0000091a       0x2c c:/program files (x86)/atmel/atmel toolchain/arm gcc/native/4.8.1443/arm-gnu-toolchain/bin/../lib/gcc/arm-none-eabi/4.8.4/armv6-m\libgcc.a(truncdfsf2.o)
 .ARM.attributes
                0x00000946       0x1e c:/program files (x86)/atmel/atmel toolchain/arm gcc/native/4.8.1443/arm-gnu-toolchain/bin/../lib/gcc/arm-none-eabi/4.8.4/armv6-m\libgcc.a(_clzsi2.o)
 .ARM.attributes
                0x00000964       0x2c c:/program files (x86)/atmel/atmel toolchain/arm gcc/native/4.8.1443/arm-gnu-toolchain/bin/../lib/gcc/arm-none-eabi/4.8.4/../../../../arm-none-eabi/lib/armv6-m\libc_s.a(lib_a-errno.o)
 .ARM.attributes
                0x00000990       0x2c c:/program files (x86)/atmel/atmel toolchain/arm gcc/native/4.8.1443/arm-gnu-toolchain/bin/../lib/gcc/arm-none-eabi/4.8.4/../../../../arm-none-eabi/lib/armv6-m\libc_s.a(lib_a-impure.o)
 .ARM.attributes
                0x000009bc       0x2c c:/program files (x86)/atmel/atmel toolchain/arm gcc/native/4.8.1443/arm-gnu-toolchain/bin/../lib/gcc/arm-none-eabi/4.8.4/../../../../arm-none-eabi/lib/armv6-m\libc_s.a(lib_a-init.o)
 .ARM.attributes
                0x000009e8       0x2c c:/program files (x86)/atmel/atmel toolchain/arm gcc/native/4.8.1443/arm-gnu-toolchain/bin/../lib/gcc/arm-none-eabi/4.8.4/../../../../arm-none-eabi/lib/armv6-m\libc_s.a(lib_a-findfp.o)
 .ARM.attributes
                0x00000a14       0x1e c:/program files (x86)/atmel/atmel toolchain/arm gcc/native/4.8.1443/arm-gnu-toolchain/bin/../lib/gcc/arm-none-eabi/4.8.4/armv6-m/crtn.o

.comment        0x00000000       0x5b
 .comment       0x00000000       0x5b src/ASF/sam0/drivers/sercom/i2c/i2c_samd20/i2c_master.o
                                 0x5c (size before relaxing)
 .comment       0x00000000       0x5c src/ASF/sam0/drivers/sercom/sercom.o
 .comment       0x00000000       0x5c src/MatrixKeypad.o
 .comment       0x00000000       0x5c src/S_GCLOCK.o
 .comment       0x00000000       0x5c src/S_PORT.o
 .comment       0x00000000       0x5c src/S_SPI.o
 .comment       0x00000000       0x5c src/UserInterface.o
 .comment       0x00000000       0x5c src/ASF/common2/boards/user_board/init.o
 .comment       0x00000000       0x5c src/ASF/common/utils/interrupt/interrupt_sam_nvic.o
 .comment       0x00000000       0x5c src/ASF/sam0/drivers/system/clock/clock_samd20/clock.o
 .comment       0x00000000       0x5c src/ASF/sam0/drivers/system/clock/clock_samd20/gclk.o
 .comment       0x00000000       0x5c src/ASF/sam0/drivers/system/pinmux/pinmux.o
 .comment       0x00000000       0x5c src/ASF/sam0/drivers/system/system.o
 .comment       0x00000000       0x5c src/ASF/sam0/utils/cmsis/samd20/source/gcc/startup_samd20.o
 .comment       0x00000000       0x5c src/Calibration.o
 .comment       0x00000000       0x5c src/CharLCD.o
 .comment       0x00000000       0x5c src/Computations.o
 .comment       0x00000000       0x5c src/Delay.o
 .comment       0x00000000       0x5c src/EEProm.o
 .comment       0x00000000       0x5c src/LCDAdvanced.o
 .comment       0x00000000       0x5c src/main.o

.debug_frame    0x00000000      0x670
 .debug_frame   0x00000000       0x38 c:/program files (x86)/atmel/atmel toolchain/arm gcc/native/4.8.1443/arm-gnu-toolchain/bin/../lib/gcc/arm-none-eabi/4.8.4/../../../../arm-none-eabi/lib/armv6-m\libm.a(lib_a-w_sqrt.o)
 .debug_frame   0x00000038       0x3c c:/program files (x86)/atmel/atmel toolchain/arm gcc/native/4.8.1443/arm-gnu-toolchain/bin/../lib/gcc/arm-none-eabi/4.8.4/../../../../arm-none-eabi/lib/armv6-m\libm.a(lib_a-e_sqrt.o)
 .debug_frame   0x00000074       0x2c c:/program files (x86)/atmel/atmel toolchain/arm gcc/native/4.8.1443/arm-gnu-toolchain/bin/../lib/gcc/arm-none-eabi/4.8.4/../../../../arm-none-eabi/lib/armv6-m\libm.a(lib_a-s_fpclassify.o)
 .debug_frame   0x000000a0       0x20 c:/program files (x86)/atmel/atmel toolchain/arm gcc/native/4.8.1443/arm-gnu-toolchain/bin/../lib/gcc/arm-none-eabi/4.8.4/../../../../arm-none-eabi/lib/armv6-m\libm.a(lib_a-s_matherr.o)
 .debug_frame   0x000000c0       0x20 c:/program files (x86)/atmel/atmel toolchain/arm gcc/native/4.8.1443/arm-gnu-toolchain/bin/../lib/gcc/arm-none-eabi/4.8.4/armv6-m\libgcc.a(_udivsi3.o)
 .debug_frame   0x000000e0       0x28 c:/program files (x86)/atmel/atmel toolchain/arm gcc/native/4.8.1443/arm-gnu-toolchain/bin/../lib/gcc/arm-none-eabi/4.8.4/armv6-m\libgcc.a(_fixunssfsi.o)
 .debug_frame   0x00000108       0x30 c:/program files (x86)/atmel/atmel toolchain/arm gcc/native/4.8.1443/arm-gnu-toolchain/bin/../lib/gcc/arm-none-eabi/4.8.4/armv6-m\libgcc.a(addsf3.o)
 .debug_frame   0x00000138       0x3c c:/program files (x86)/atmel/atmel toolchain/arm gcc/native/4.8.1443/arm-gnu-toolchain/bin/../lib/gcc/arm-none-eabi/4.8.4/armv6-m\libgcc.a(divsf3.o)
 .debug_frame   0x00000174       0x2c c:/program files (x86)/atmel/atmel toolchain/arm gcc/native/4.8.1443/arm-gnu-toolchain/bin/../lib/gcc/arm-none-eabi/4.8.4/armv6-m\libgcc.a(eqsf2.o)
 .debug_frame   0x000001a0       0x30 c:/program files (x86)/atmel/atmel toolchain/arm gcc/native/4.8.1443/arm-gnu-toolchain/bin/../lib/gcc/arm-none-eabi/4.8.4/armv6-m\libgcc.a(gesf2.o)
 .debug_frame   0x000001d0       0x30 c:/program files (x86)/atmel/atmel toolchain/arm gcc/native/4.8.1443/arm-gnu-toolchain/bin/../lib/gcc/arm-none-eabi/4.8.4/armv6-m\libgcc.a(lesf2.o)
 .debug_frame   0x00000200       0x3c c:/program files (x86)/atmel/atmel toolchain/arm gcc/native/4.8.1443/arm-gnu-toolchain/bin/../lib/gcc/arm-none-eabi/4.8.4/armv6-m\libgcc.a(mulsf3.o)
 .debug_frame   0x0000023c       0x30 c:/program files (x86)/atmel/atmel toolchain/arm gcc/native/4.8.1443/arm-gnu-toolchain/bin/../lib/gcc/arm-none-eabi/4.8.4/armv6-m\libgcc.a(subsf3.o)
 .debug_frame   0x0000026c       0x20 c:/program files (x86)/atmel/atmel toolchain/arm gcc/native/4.8.1443/arm-gnu-toolchain/bin/../lib/gcc/arm-none-eabi/4.8.4/armv6-m\libgcc.a(fixsfsi.o)
 .debug_frame   0x0000028c       0x2c c:/program files (x86)/atmel/atmel toolchain/arm gcc/native/4.8.1443/arm-gnu-toolchain/bin/../lib/gcc/arm-none-eabi/4.8.4/armv6-m\libgcc.a(floatsisf.o)
 .debug_frame   0x000002b8       0x28 c:/program files (x86)/atmel/atmel toolchain/arm gcc/native/4.8.1443/arm-gnu-toolchain/bin/../lib/gcc/arm-none-eabi/4.8.4/armv6-m\libgcc.a(floatunsisf.o)
 .debug_frame   0x000002e0       0x3c c:/program files (x86)/atmel/atmel toolchain/arm gcc/native/4.8.1443/arm-gnu-toolchain/bin/../lib/gcc/arm-none-eabi/4.8.4/armv6-m\libgcc.a(adddf3.o)
 .debug_frame   0x0000031c       0x3c c:/program files (x86)/atmel/atmel toolchain/arm gcc/native/4.8.1443/arm-gnu-toolchain/bin/../lib/gcc/arm-none-eabi/4.8.4/armv6-m\libgcc.a(divdf3.o)
 .debug_frame   0x00000358       0x3c c:/program files (x86)/atmel/atmel toolchain/arm gcc/native/4.8.1443/arm-gnu-toolchain/bin/../lib/gcc/arm-none-eabi/4.8.4/armv6-m\libgcc.a(eqdf2.o)
 .debug_frame   0x00000394       0x38 c:/program files (x86)/atmel/atmel toolchain/arm gcc/native/4.8.1443/arm-gnu-toolchain/bin/../lib/gcc/arm-none-eabi/4.8.4/armv6-m\libgcc.a(gedf2.o)
 .debug_frame   0x000003cc       0x3c c:/program files (x86)/atmel/atmel toolchain/arm gcc/native/4.8.1443/arm-gnu-toolchain/bin/../lib/gcc/arm-none-eabi/4.8.4/armv6-m\libgcc.a(ledf2.o)
 .debug_frame   0x00000408       0x3c c:/program files (x86)/atmel/atmel toolchain/arm gcc/native/4.8.1443/arm-gnu-toolchain/bin/../lib/gcc/arm-none-eabi/4.8.4/armv6-m\libgcc.a(muldf3.o)
 .debug_frame   0x00000444       0x3c c:/program files (x86)/atmel/atmel toolchain/arm gcc/native/4.8.1443/arm-gnu-toolchain/bin/../lib/gcc/arm-none-eabi/4.8.4/armv6-m\libgcc.a(subdf3.o)
 .debug_frame   0x00000480       0x2c c:/program files (x86)/atmel/atmel toolchain/arm gcc/native/4.8.1443/arm-gnu-toolchain/bin/../lib/gcc/arm-none-eabi/4.8.4/armv6-m\libgcc.a(extendsfdf2.o)
 .debug_frame   0x000004ac       0x30 c:/program files (x86)/atmel/atmel toolchain/arm gcc/native/4.8.1443/arm-gnu-toolchain/bin/../lib/gcc/arm-none-eabi/4.8.4/armv6-m\libgcc.a(truncdfsf2.o)
 .debug_frame   0x000004dc       0x20 c:/program files (x86)/atmel/atmel toolchain/arm gcc/native/4.8.1443/arm-gnu-toolchain/bin/../lib/gcc/arm-none-eabi/4.8.4/../../../../arm-none-eabi/lib/armv6-m\libc_s.a(lib_a-errno.o)
 .debug_frame   0x000004fc       0x2c c:/program files (x86)/atmel/atmel toolchain/arm gcc/native/4.8.1443/arm-gnu-toolchain/bin/../lib/gcc/arm-none-eabi/4.8.4/../../../../arm-none-eabi/lib/armv6-m\libc_s.a(lib_a-init.o)
 .debug_frame   0x00000528      0x148 c:/program files (x86)/atmel/atmel toolchain/arm gcc/native/4.8.1443/arm-gnu-toolchain/bin/../lib/gcc/arm-none-eabi/4.8.4/../../../../arm-none-eabi/lib/armv6-m\libc_s.a(lib_a-findfp.o)

Cross Reference Table

Symbol                                            File
AC_Handler                                        src/ASF/sam0/utils/cmsis/samd20/source/gcc/startup_samd20.o
ADC_Handler                                       src/ASF/sam0/utils/cmsis/samd20/source/gcc/startup_samd20.o
Absolute_Pres                                     src/main.o
                                                  src/Computations.o
                                                  src/Calibration.o
Ambient_PT100                                     src/main.o
                                                  src/Computations.o
                                                  src/Calibration.o
AnykeyPulse                                       src/MatrixKeypad.o
                                                  src/Calibration.o
Aux_Temp                                          src/main.o
                                                  src/Computations.o
                                                  src/Calibration.o
CalEdit_AbsPres                                   src/Calibration.o
CalEdit_AmbTemp                                   src/Calibration.o
CalEdit_AuxPT100                                  src/Calibration.o
CalEdit_OrifGasDP                                 src/Calibration.o
CalEdit_OrifPartDP                                src/Calibration.o
CalEdit_OrificeTemp                               src/Calibration.o
CalEdit_PitotDP                                   src/Calibration.o
CalEdit_StackTC                                   src/Calibration.o
Cal_Disp1Point                                    src/Calibration.o
Cal_Disp2Point                                    src/Calibration.o
Cal_DispPT100Points                               src/Calibration.o
Calibrate_AbsPres                                 src/Calibration.o
Calibrate_AmbTemp                                 src/Calibration.o
Calibrate_AuxTemp                                 src/Calibration.o
Calibrate_OrifGasDP                               src/Calibration.o
Calibrate_OrifPartDP                              src/Calibration.o
Calibrate_OrifTemp                                src/Calibration.o
Calibrate_PitotDP                                 src/Calibration.o
Calibrate_StackTC                                 src/Calibration.o
CalibrationMenu                                   src/Calibration.o
CalibrationModeChk                                src/Calibration.o
                                                  src/main.o
CheckDigitBound                                   src/UserInterface.o
                                                  src/Calibration.o
CheckMenuIndexBounds                              src/LCDAdvanced.o
CheckVertPtrBounds                                src/LCDAdvanced.o
ClearKeys                                         src/MatrixKeypad.o
                                                  src/main.o
CombineDigitstoNumber                             src/UserInterface.o
                                                  src/Calibration.o
CombineDigitstoNumber1                            src/UserInterface.o
ComputeEquation_ofall_Sensors                     src/Computations.o
ComputeIntercept                                  src/Computations.o
ComputeSlopefrom1point                            src/Computations.o
ComputeSlopefrom2Point                            src/Computations.o
Compute_PT100Temp                                 src/Computations.o
                                                  src/Calibration.o
Compute_StackTCTemp                               src/Computations.o
                                                  src/Calibration.o
Config_Contrast_PWM                               src/main.o
Config_LCD                                        src/main.o
Config_MatrixKeypad                               src/MatrixKeypad.o
                                                  src/main.o
ConfigureGCLKGen                                  src/S_GCLOCK.o
ConfigureSpi                                      src/S_SPI.o
                                                  src/main.o
DAC_Handler                                       src/ASF/sam0/utils/cmsis/samd20/source/gcc/startup_samd20.o
DegreeSym                                         src/main.o
DispPt100TempWithSign                             src/Calibration.o
Disp_IntroLcdMsgs                                 src/main.o
DoAutoZero                                        src/main.o
DoCalibration                                     src/Calibration.o
Dummy_Handler                                     src/ASF/sam0/utils/cmsis/samd20/source/gcc/startup_samd20.o
EEP_NACK                                          src/EEProm.o
EEP_ReadBit                                       src/EEProm.o
EEP_ReadByte                                      src/EEProm.o
EEP_ReadInt                                       src/EEProm.o
EEP_Reset                                         src/EEProm.o
EEP_WriteBit                                      src/EEProm.o
EEP_WriteByte                                     src/EEProm.o
EEP_WriteInt                                      src/EEProm.o
EEP_timeout                                       src/EEProm.o
EIC_Handler                                       src/ASF/sam0/utils/cmsis/samd20/source/gcc/startup_samd20.o
EVSYS_Handler                                     src/ASF/sam0/utils/cmsis/samd20/source/gcc/startup_samd20.o
EnterKey                                          src/main.o
                                                  src/LCDAdvanced.o
                                                  src/Calibration.o
                                                  src/UserInterface.o
                                                  src/MatrixKeypad.o
ExtADCData                                        src/main.o
                                                  src/Computations.o
                                                  src/Calibration.o
ExtAnalogRead                                     src/ExtADC.o
                                                  src/main.o
GCLKGen_Divide                                    src/S_GCLOCK.o
GCLKGen_Peripheral                                src/S_GCLOCK.o
                                                  src/main.o
                                                  src/S_SPI.o
GCLKGen_Source                                    src/S_GCLOCK.o
GetNumDataFromUser                                src/UserInterface.o
GetNumDataFromUserWithESC                         src/UserInterface.o
                                                  src/Calibration.o
GetPT100STDfromUserWithTempDisplay                src/Calibration.o
GetTCSTDfromUserWithTempDisplay                   src/Calibration.o
HardFault_Handler                                 src/ASF/sam0/utils/cmsis/samd20/source/gcc/startup_samd20.o
I2C_State                                         src/EEProm.o
Initialize_Hardware                               src/main.o
KeyDetected                                       src/MatrixKeypad.o
                                                  src/LCDAdvanced.o
                                                  src/Calibration.o
                                                  src/UserInterface.o
Keyscan                                           src/MatrixKeypad.o
                                                  src/main.o
                                                  src/LCDAdvanced.o
                                                  src/Calibration.o
                                                  src/UserInterface.o
KeyscanWORelese                                   src/MatrixKeypad.o
                                                  src/Calibration.o
LCD_Clrscr                                        src/CharLCD.o
                                                  src/main.o
                                                  src/Calibration.o
LCD_CmdWrite                                      src/CharLCD.o
LCD_CursorBlink                                   src/CharLCD.o
LCD_CursorOff                                     src/CharLCD.o
                                                  src/main.o
                                                  src/LCDAdvanced.o
                                                  src/Calibration.o
LCD_CursorOn                                      src/CharLCD.o
                                                  src/LCDAdvanced.o
                                                  src/Calibration.o
                                                  src/UserInterface.o
LCD_DataWrite                                     src/CharLCD.o
                                                  src/main.o
                                                  src/LCDAdvanced.o
                                                  src/Calibration.o
                                                  src/UserInterface.o
LCD_DispAscii                                     src/CharLCD.o
                                                  src/Calibration.o
                                                  src/UserInterface.o
LCD_DispFourOptionsIncrementingFrom               src/LCDAdvanced.o
LCD_DispMenuArrow                                 src/LCDAdvanced.o
LCD_DispVariable                                  src/UserInterface.o
                                                  src/main.o
                                                  src/Calibration.o
LCD_Frame1                                        src/CharLCD.o
                                                  src/main.o
LCD_Frame2                                        src/CharLCD.o
LCD_FullDisp                                      src/CharLCD.o
                                                  src/main.o
                                                  src/Calibration.o
LCD_HorizCurPos                                   src/LCDAdvanced.o
LCD_HorizontalScroll                              src/LCDAdvanced.o
                                                  src/Calibration.o
LCD_Init                                          src/CharLCD.o
                                                  src/main.o
LCD_MenuHandle                                    src/LCDAdvanced.o
                                                  src/Calibration.o
LCD_OneLine                                       src/CharLCD.o
                                                  src/LCDAdvanced.o
                                                  src/Calibration.o
LCD_PowerOff                                      src/CharLCD.o
                                                  src/main.o
LCD_PowerOn                                       src/CharLCD.o
                                                  src/main.o
LCD_Print                                         src/CharLCD.o
                                                  src/main.o
                                                  src/LCDAdvanced.o
                                                  src/EEProm.o
LCD_Putchar                                       src/CharLCD.o
LCD_Setcursor                                     src/CharLCD.o
                                                  src/main.o
                                                  src/LCDAdvanced.o
                                                  src/EEProm.o
                                                  src/Calibration.o
                                                  src/UserInterface.o
LCD_VerticalScroll                                src/LCDAdvanced.o
LCD_build                                         src/CharLCD.o
                                                  src/main.o
LCD_build2                                        src/CharLCD.o
LoopUntilEnterPressed                             src/MatrixKeypad.o
MSG                                               src/main.o
NMI_Handler                                       src/ASF/sam0/utils/cmsis/samd20/source/gcc/startup_samd20.o
NVMCTRL_Handler                                   src/ASF/sam0/utils/cmsis/samd20/source/gcc/startup_samd20.o
OrifGas_DP                                        src/main.o
                                                  src/Computations.o
                                                  src/Calibration.o
OrifPart_DP                                       src/main.o
                                                  src/Computations.o
                                                  src/Calibration.o
Orifice_PT100                                     src/main.o
                                                  src/Computations.o
                                                  src/Calibration.o
PILOGO                                            src/main.o
PM_Handler                                        src/ASF/sam0/utils/cmsis/samd20/source/gcc/startup_samd20.o
PTC_Handler                                       src/ASF/sam0/utils/cmsis/samd20/source/gcc/startup_samd20.o
ParaKey                                           src/main.o
                                                  src/LCDAdvanced.o
                                                  src/Calibration.o
                                                  src/UserInterface.o
                                                  src/MatrixKeypad.o
PendSV_Handler                                    src/ASF/sam0/utils/cmsis/samd20/source/gcc/startup_samd20.o
Pitot_DP                                          src/main.o
                                                  src/Computations.o
                                                  src/Calibration.o
Pt100TempSign                                     src/main.o
                                                  src/Computations.o
                                                  src/Calibration.o
PulseLCD_EN                                       src/CharLCD.o
RTC_Handler                                       src/ASF/sam0/utils/cmsis/samd20/source/gcc/startup_samd20.o
ReleaseKey                                        src/MatrixKeypad.o
                                                  src/LCDAdvanced.o
                                                  src/Calibration.o
                                                  src/UserInterface.o
Reset_Handler                                     src/ASF/sam0/utils/cmsis/samd20/source/gcc/startup_samd20.o
RunKey                                            src/main.o
                                                  src/LCDAdvanced.o
                                                  src/Calibration.o
                                                  src/UserInterface.o
                                                  src/MatrixKeypad.o
SERCOM0_Handler                                   src/ASF/sam0/utils/cmsis/samd20/source/gcc/startup_samd20.o
SERCOM1_Handler                                   src/ASF/sam0/utils/cmsis/samd20/source/gcc/startup_samd20.o
SERCOM2_Handler                                   src/ASF/sam0/utils/cmsis/samd20/source/gcc/startup_samd20.o
SERCOM3_Handler                                   src/ASF/sam0/utils/cmsis/samd20/source/gcc/startup_samd20.o
SERCOM4_Handler                                   src/ASF/sam0/utils/cmsis/samd20/source/gcc/startup_samd20.o
SERCOM5_Handler                                   src/ASF/sam0/utils/cmsis/samd20/source/gcc/startup_samd20.o
SPIHi                                             src/main.o
                                                  src/Computations.o
                                                  src/Calibration.o
SPILo                                             src/main.o
                                                  src/Computations.o
                                                  src/Calibration.o
SPIMid                                            src/main.o
                                                  src/Computations.o
                                                  src/Calibration.o
SVC_Handler                                       src/ASF/sam0/utils/cmsis/samd20/source/gcc/startup_samd20.o
SYSCTRL_Handler                                   src/ASF/sam0/utils/cmsis/samd20/source/gcc/startup_samd20.o
Set_LcdContrast                                   src/main.o
Spi_Get3BytesfromExtADC                           src/main.o
SplitNumbertoDigits                               src/UserInterface.o
                                                  src/Calibration.o
Stack_TC                                          src/main.o
                                                  src/Computations.o
                                                  src/Calibration.o
StartKey                                          src/main.o
                                                  src/LCDAdvanced.o
                                                  src/Calibration.o
                                                  src/UserInterface.o
                                                  src/MatrixKeypad.o
StopKey                                           src/main.o
                                                  src/LCDAdvanced.o
                                                  src/Calibration.o
                                                  src/UserInterface.o
                                                  src/MatrixKeypad.o
SysTick_Handler                                   src/ASF/sam0/utils/cmsis/samd20/source/gcc/startup_samd20.o
SystemCoreClock                                   src/ASF/sam0/utils/cmsis/samd20/source/system_samd20.o
SystemCoreClockUpdate                             src/ASF/sam0/utils/cmsis/samd20/source/system_samd20.o
SystemInit                                        src/ASF/sam0/utils/cmsis/samd20/source/system_samd20.o
TC0_Handler                                       src/ASF/sam0/utils/cmsis/samd20/source/gcc/startup_samd20.o
TC1_Handler                                       src/ASF/sam0/utils/cmsis/samd20/source/gcc/startup_samd20.o
TC2_Handler                                       src/ASF/sam0/utils/cmsis/samd20/source/gcc/startup_samd20.o
TC3_Handler                                       src/ASF/sam0/utils/cmsis/samd20/source/gcc/startup_samd20.o
TC4_Handler                                       src/ASF/sam0/utils/cmsis/samd20/source/gcc/startup_samd20.o
TC5_Handler                                       src/ASF/sam0/utils/cmsis/samd20/source/gcc/startup_samd20.o
TC6_Handler                                       src/ASF/sam0/utils/cmsis/samd20/source/gcc/startup_samd20.o
TC7_Handler                                       src/ASF/sam0/utils/cmsis/samd20/source/gcc/startup_samd20.o
UpdateKey                                         src/main.o
                                                  src/LCDAdvanced.o
                                                  src/Calibration.o
                                                  src/UserInterface.o
                                                  src/MatrixKeypad.o
WDT_Handler                                       src/ASF/sam0/utils/cmsis/samd20/source/gcc/startup_samd20.o
WaitforAnyKey                                     src/MatrixKeypad.o
Zero_Correction                                   src/Computations.o
_Jv_RegisterClasses                               c:/program files (x86)/atmel/atmel toolchain/arm gcc/native/4.8.1443/arm-gnu-toolchain/bin/../lib/gcc/arm-none-eabi/4.8.4/armv6-m/crtbegin.o
__aeabi_cdcmpeq                                   c:/program files (x86)/atmel/atmel toolchain/arm gcc/native/4.8.1443/arm-gnu-toolchain/bin/../lib/gcc/arm-none-eabi/4.8.4/armv6-m\libgcc.a(_arm_cmpdf2.o)
__aeabi_cdcmple                                   c:/program files (x86)/atmel/atmel toolchain/arm gcc/native/4.8.1443/arm-gnu-toolchain/bin/../lib/gcc/arm-none-eabi/4.8.4/armv6-m\libgcc.a(_arm_cmpdf2.o)
__aeabi_cdrcmple                                  c:/program files (x86)/atmel/atmel toolchain/arm gcc/native/4.8.1443/arm-gnu-toolchain/bin/../lib/gcc/arm-none-eabi/4.8.4/armv6-m\libgcc.a(_arm_cmpdf2.o)
__aeabi_cfcmpeq                                   c:/program files (x86)/atmel/atmel toolchain/arm gcc/native/4.8.1443/arm-gnu-toolchain/bin/../lib/gcc/arm-none-eabi/4.8.4/armv6-m\libgcc.a(_arm_cmpsf2.o)
__aeabi_cfcmple                                   c:/program files (x86)/atmel/atmel toolchain/arm gcc/native/4.8.1443/arm-gnu-toolchain/bin/../lib/gcc/arm-none-eabi/4.8.4/armv6-m\libgcc.a(_arm_cmpsf2.o)
__aeabi_cfrcmple                                  c:/program files (x86)/atmel/atmel toolchain/arm gcc/native/4.8.1443/arm-gnu-toolchain/bin/../lib/gcc/arm-none-eabi/4.8.4/armv6-m\libgcc.a(_arm_cmpsf2.o)
__aeabi_d2f                                       c:/program files (x86)/atmel/atmel toolchain/arm gcc/native/4.8.1443/arm-gnu-toolchain/bin/../lib/gcc/arm-none-eabi/4.8.4/armv6-m\libgcc.a(truncdfsf2.o)
                                                  src/Computations.o
__aeabi_dadd                                      c:/program files (x86)/atmel/atmel toolchain/arm gcc/native/4.8.1443/arm-gnu-toolchain/bin/../lib/gcc/arm-none-eabi/4.8.4/armv6-m\libgcc.a(adddf3.o)
                                                  c:/program files (x86)/atmel/atmel toolchain/arm gcc/native/4.8.1443/arm-gnu-toolchain/bin/../lib/gcc/arm-none-eabi/4.8.4/../../../../arm-none-eabi/lib/armv6-m\libm.a(lib_a-e_sqrt.o)
                                                  src/Computations.o
__aeabi_dcmpeq                                    c:/program files (x86)/atmel/atmel toolchain/arm gcc/native/4.8.1443/arm-gnu-toolchain/bin/../lib/gcc/arm-none-eabi/4.8.4/armv6-m\libgcc.a(_arm_cmpdf2.o)
__aeabi_dcmpge                                    c:/program files (x86)/atmel/atmel toolchain/arm gcc/native/4.8.1443/arm-gnu-toolchain/bin/../lib/gcc/arm-none-eabi/4.8.4/armv6-m\libgcc.a(_arm_cmpdf2.o)
__aeabi_dcmpgt                                    c:/program files (x86)/atmel/atmel toolchain/arm gcc/native/4.8.1443/arm-gnu-toolchain/bin/../lib/gcc/arm-none-eabi/4.8.4/armv6-m\libgcc.a(_arm_cmpdf2.o)
__aeabi_dcmple                                    c:/program files (x86)/atmel/atmel toolchain/arm gcc/native/4.8.1443/arm-gnu-toolchain/bin/../lib/gcc/arm-none-eabi/4.8.4/armv6-m\libgcc.a(_arm_cmpdf2.o)
__aeabi_dcmplt                                    c:/program files (x86)/atmel/atmel toolchain/arm gcc/native/4.8.1443/arm-gnu-toolchain/bin/../lib/gcc/arm-none-eabi/4.8.4/armv6-m\libgcc.a(_arm_cmpdf2.o)
                                                  c:/program files (x86)/atmel/atmel toolchain/arm gcc/native/4.8.1443/arm-gnu-toolchain/bin/../lib/gcc/arm-none-eabi/4.8.4/../../../../arm-none-eabi/lib/armv6-m\libm.a(lib_a-w_sqrt.o)
__aeabi_ddiv                                      c:/program files (x86)/atmel/atmel toolchain/arm gcc/native/4.8.1443/arm-gnu-toolchain/bin/../lib/gcc/arm-none-eabi/4.8.4/armv6-m\libgcc.a(divdf3.o)
                                                  c:/program files (x86)/atmel/atmel toolchain/arm gcc/native/4.8.1443/arm-gnu-toolchain/bin/../lib/gcc/arm-none-eabi/4.8.4/../../../../arm-none-eabi/lib/armv6-m\libm.a(lib_a-e_sqrt.o)
                                                  c:/program files (x86)/atmel/atmel toolchain/arm gcc/native/4.8.1443/arm-gnu-toolchain/bin/../lib/gcc/arm-none-eabi/4.8.4/../../../../arm-none-eabi/lib/armv6-m\libm.a(lib_a-w_sqrt.o)
__aeabi_dmul                                      c:/program files (x86)/atmel/atmel toolchain/arm gcc/native/4.8.1443/arm-gnu-toolchain/bin/../lib/gcc/arm-none-eabi/4.8.4/armv6-m\libgcc.a(muldf3.o)
                                                  c:/program files (x86)/atmel/atmel toolchain/arm gcc/native/4.8.1443/arm-gnu-toolchain/bin/../lib/gcc/arm-none-eabi/4.8.4/../../../../arm-none-eabi/lib/armv6-m\libm.a(lib_a-e_sqrt.o)
                                                  src/Computations.o
__aeabi_dsub                                      c:/program files (x86)/atmel/atmel toolchain/arm gcc/native/4.8.1443/arm-gnu-toolchain/bin/../lib/gcc/arm-none-eabi/4.8.4/armv6-m\libgcc.a(subdf3.o)
                                                  c:/program files (x86)/atmel/atmel toolchain/arm gcc/native/4.8.1443/arm-gnu-toolchain/bin/../lib/gcc/arm-none-eabi/4.8.4/../../../../arm-none-eabi/lib/armv6-m\libm.a(lib_a-e_sqrt.o)
                                                  src/Computations.o
__aeabi_f2d                                       c:/program files (x86)/atmel/atmel toolchain/arm gcc/native/4.8.1443/arm-gnu-toolchain/bin/../lib/gcc/arm-none-eabi/4.8.4/armv6-m\libgcc.a(extendsfdf2.o)
                                                  src/Computations.o
__aeabi_f2iz                                      c:/program files (x86)/atmel/atmel toolchain/arm gcc/native/4.8.1443/arm-gnu-toolchain/bin/../lib/gcc/arm-none-eabi/4.8.4/armv6-m\libgcc.a(fixsfsi.o)
                                                  c:/program files (x86)/atmel/atmel toolchain/arm gcc/native/4.8.1443/arm-gnu-toolchain/bin/../lib/gcc/arm-none-eabi/4.8.4/armv6-m\libgcc.a(_fixunssfsi.o)
__aeabi_f2uiz                                     c:/program files (x86)/atmel/atmel toolchain/arm gcc/native/4.8.1443/arm-gnu-toolchain/bin/../lib/gcc/arm-none-eabi/4.8.4/armv6-m\libgcc.a(_fixunssfsi.o)
                                                  src/Computations.o
__aeabi_fadd                                      c:/program files (x86)/atmel/atmel toolchain/arm gcc/native/4.8.1443/arm-gnu-toolchain/bin/../lib/gcc/arm-none-eabi/4.8.4/armv6-m\libgcc.a(addsf3.o)
                                                  src/Computations.o
__aeabi_fcmpeq                                    c:/program files (x86)/atmel/atmel toolchain/arm gcc/native/4.8.1443/arm-gnu-toolchain/bin/../lib/gcc/arm-none-eabi/4.8.4/armv6-m\libgcc.a(_arm_cmpsf2.o)
__aeabi_fcmpge                                    c:/program files (x86)/atmel/atmel toolchain/arm gcc/native/4.8.1443/arm-gnu-toolchain/bin/../lib/gcc/arm-none-eabi/4.8.4/armv6-m\libgcc.a(_arm_cmpsf2.o)
                                                  c:/program files (x86)/atmel/atmel toolchain/arm gcc/native/4.8.1443/arm-gnu-toolchain/bin/../lib/gcc/arm-none-eabi/4.8.4/armv6-m\libgcc.a(_fixunssfsi.o)
                                                  src/Computations.o
__aeabi_fcmpgt                                    c:/program files (x86)/atmel/atmel toolchain/arm gcc/native/4.8.1443/arm-gnu-toolchain/bin/../lib/gcc/arm-none-eabi/4.8.4/armv6-m\libgcc.a(_arm_cmpsf2.o)
__aeabi_fcmple                                    c:/program files (x86)/atmel/atmel toolchain/arm gcc/native/4.8.1443/arm-gnu-toolchain/bin/../lib/gcc/arm-none-eabi/4.8.4/armv6-m\libgcc.a(_arm_cmpsf2.o)
__aeabi_fcmplt                                    c:/program files (x86)/atmel/atmel toolchain/arm gcc/native/4.8.1443/arm-gnu-toolchain/bin/../lib/gcc/arm-none-eabi/4.8.4/armv6-m\libgcc.a(_arm_cmpsf2.o)
                                                  src/Computations.o
__aeabi_fdiv                                      c:/program files (x86)/atmel/atmel toolchain/arm gcc/native/4.8.1443/arm-gnu-toolchain/bin/../lib/gcc/arm-none-eabi/4.8.4/armv6-m\libgcc.a(divsf3.o)
                                                  src/Computations.o
__aeabi_fmul                                      c:/program files (x86)/atmel/atmel toolchain/arm gcc/native/4.8.1443/arm-gnu-toolchain/bin/../lib/gcc/arm-none-eabi/4.8.4/armv6-m\libgcc.a(mulsf3.o)
                                                  src/Computations.o
__aeabi_fsub                                      c:/program files (x86)/atmel/atmel toolchain/arm gcc/native/4.8.1443/arm-gnu-toolchain/bin/../lib/gcc/arm-none-eabi/4.8.4/armv6-m\libgcc.a(subsf3.o)
                                                  c:/program files (x86)/atmel/atmel toolchain/arm gcc/native/4.8.1443/arm-gnu-toolchain/bin/../lib/gcc/arm-none-eabi/4.8.4/armv6-m\libgcc.a(_fixunssfsi.o)
                                                  src/Computations.o
__aeabi_i2f                                       c:/program files (x86)/atmel/atmel toolchain/arm gcc/native/4.8.1443/arm-gnu-toolchain/bin/../lib/gcc/arm-none-eabi/4.8.4/armv6-m\libgcc.a(floatsisf.o)
                                                  src/Computations.o
__aeabi_idiv                                      c:/program files (x86)/atmel/atmel toolchain/arm gcc/native/4.8.1443/arm-gnu-toolchain/bin/../lib/gcc/arm-none-eabi/4.8.4/armv6-m\libgcc.a(_divsi3.o)
                                                  c:/program files (x86)/atmel/atmel toolchain/arm gcc/native/4.8.1443/arm-gnu-toolchain/bin/../lib/gcc/arm-none-eabi/4.8.4/../../../../arm-none-eabi/lib/armv6-m\libc_s.a(lib_a-fvwrite.o)
__aeabi_idiv0                                     c:/program files (x86)/atmel/atmel toolchain/arm gcc/native/4.8.1443/arm-gnu-toolchain/bin/../lib/gcc/arm-none-eabi/4.8.4/armv6-m\libgcc.a(_dvmd_tls.o)
                                                  c:/program files (x86)/atmel/atmel toolchain/arm gcc/native/4.8.1443/arm-gnu-toolchain/bin/../lib/gcc/arm-none-eabi/4.8.4/armv6-m\libgcc.a(_divsi3.o)
                                                  c:/program files (x86)/atmel/atmel toolchain/arm gcc/native/4.8.1443/arm-gnu-toolchain/bin/../lib/gcc/arm-none-eabi/4.8.4/armv6-m\libgcc.a(_udivsi3.o)
__aeabi_idivmod                                   c:/program files (x86)/atmel/atmel toolchain/arm gcc/native/4.8.1443/arm-gnu-toolchain/bin/../lib/gcc/arm-none-eabi/4.8.4/armv6-m\libgcc.a(_divsi3.o)
__aeabi_ldiv0                                     c:/program files (x86)/atmel/atmel toolchain/arm gcc/native/4.8.1443/arm-gnu-toolchain/bin/../lib/gcc/arm-none-eabi/4.8.4/armv6-m\libgcc.a(_dvmd_tls.o)
__aeabi_llsl                                      c:/program files (x86)/atmel/atmel toolchain/arm gcc/native/4.8.1443/arm-gnu-toolchain/bin/../lib/gcc/arm-none-eabi/4.8.4/armv6-m\libgcc.a(_ashldi3.o)
                                                  src/ASF/sam0/drivers/sercom/sercom.o
__aeabi_lmul                                      c:/program files (x86)/atmel/atmel toolchain/arm gcc/native/4.8.1443/arm-gnu-toolchain/bin/../lib/gcc/arm-none-eabi/4.8.4/armv6-m\libgcc.a(_muldi3.o)
                                                  src/ASF/sam0/drivers/sercom/sercom.o
__aeabi_ui2f                                      c:/program files (x86)/atmel/atmel toolchain/arm gcc/native/4.8.1443/arm-gnu-toolchain/bin/../lib/gcc/arm-none-eabi/4.8.4/armv6-m\libgcc.a(floatunsisf.o)
                                                  src/Computations.o
__aeabi_uidiv                                     c:/program files (x86)/atmel/atmel toolchain/arm gcc/native/4.8.1443/arm-gnu-toolchain/bin/../lib/gcc/arm-none-eabi/4.8.4/armv6-m\libgcc.a(_udivsi3.o)
                                                  c:/program files (x86)/atmel/atmel toolchain/arm gcc/native/4.8.1443/arm-gnu-toolchain/bin/../lib/gcc/arm-none-eabi/4.8.4/../../../../arm-none-eabi/lib/armv6-m\libc_s.a(lib_a-vfprintf_i.o)
                                                  c:/program files (x86)/atmel/atmel toolchain/arm gcc/native/4.8.1443/arm-gnu-toolchain/bin/../lib/gcc/arm-none-eabi/4.8.4/armv6-m\libgcc.a(divdf3.o)
                                                  src/ASF/sam0/drivers/system/clock/clock_samd20/gclk.o
                                                  src/UserInterface.o
                                                  src/S_SPI.o
                                                  src/ASF/sam0/drivers/sercom/i2c/i2c_samd20/i2c_master.o
__aeabi_uidivmod                                  c:/program files (x86)/atmel/atmel toolchain/arm gcc/native/4.8.1443/arm-gnu-toolchain/bin/../lib/gcc/arm-none-eabi/4.8.4/armv6-m\libgcc.a(_udivsi3.o)
                                                  c:/program files (x86)/atmel/atmel toolchain/arm gcc/native/4.8.1443/arm-gnu-toolchain/bin/../lib/gcc/arm-none-eabi/4.8.4/../../../../arm-none-eabi/lib/armv6-m\libc_s.a(lib_a-vfprintf_i.o)
                                                  c:/program files (x86)/atmel/atmel toolchain/arm gcc/native/4.8.1443/arm-gnu-toolchain/bin/../lib/gcc/arm-none-eabi/4.8.4/armv6-m\libgcc.a(divdf3.o)
                                                  src/UserInterface.o
__ashldi3                                         c:/program files (x86)/atmel/atmel toolchain/arm gcc/native/4.8.1443/arm-gnu-toolchain/bin/../lib/gcc/arm-none-eabi/4.8.4/armv6-m\libgcc.a(_ashldi3.o)
__bss_end__                                       c:/program files (x86)/atmel/atmel toolchain/arm gcc/native/4.8.1443/arm-gnu-toolchain/bin/../lib/gcc/arm-none-eabi/4.8.4/../../../../arm-none-eabi/lib/armv6-m/crt0.o
__bss_start__                                     c:/program files (x86)/atmel/atmel toolchain/arm gcc/native/4.8.1443/arm-gnu-toolchain/bin/../lib/gcc/arm-none-eabi/4.8.4/../../../../arm-none-eabi/lib/armv6-m/crt0.o
__call_exitprocs                                  c:/program files (x86)/atmel/atmel toolchain/arm gcc/native/4.8.1443/arm-gnu-toolchain/bin/../lib/gcc/arm-none-eabi/4.8.4/../../../../arm-none-eabi/lib/armv6-m\libc_s.a(lib_a-exit.o)
__clzsi2                                          c:/program files (x86)/atmel/atmel toolchain/arm gcc/native/4.8.1443/arm-gnu-toolchain/bin/../lib/gcc/arm-none-eabi/4.8.4/armv6-m\libgcc.a(_clzsi2.o)
                                                  c:/program files (x86)/atmel/atmel toolchain/arm gcc/native/4.8.1443/arm-gnu-toolchain/bin/../lib/gcc/arm-none-eabi/4.8.4/armv6-m\libgcc.a(extendsfdf2.o)
                                                  c:/program files (x86)/atmel/atmel toolchain/arm gcc/native/4.8.1443/arm-gnu-toolchain/bin/../lib/gcc/arm-none-eabi/4.8.4/armv6-m\libgcc.a(subdf3.o)
                                                  c:/program files (x86)/atmel/atmel toolchain/arm gcc/native/4.8.1443/arm-gnu-toolchain/bin/../lib/gcc/arm-none-eabi/4.8.4/armv6-m\libgcc.a(muldf3.o)
                                                  c:/program files (x86)/atmel/atmel toolchain/arm gcc/native/4.8.1443/arm-gnu-toolchain/bin/../lib/gcc/arm-none-eabi/4.8.4/armv6-m\libgcc.a(divdf3.o)
                                                  c:/program files (x86)/atmel/atmel toolchain/arm gcc/native/4.8.1443/arm-gnu-toolchain/bin/../lib/gcc/arm-none-eabi/4.8.4/armv6-m\libgcc.a(adddf3.o)
                                                  c:/program files (x86)/atmel/atmel toolchain/arm gcc/native/4.8.1443/arm-gnu-toolchain/bin/../lib/gcc/arm-none-eabi/4.8.4/armv6-m\libgcc.a(floatunsisf.o)
                                                  c:/program files (x86)/atmel/atmel toolchain/arm gcc/native/4.8.1443/arm-gnu-toolchain/bin/../lib/gcc/arm-none-eabi/4.8.4/armv6-m\libgcc.a(floatsisf.o)
                                                  c:/program files (x86)/atmel/atmel toolchain/arm gcc/native/4.8.1443/arm-gnu-toolchain/bin/../lib/gcc/arm-none-eabi/4.8.4/armv6-m\libgcc.a(subsf3.o)
                                                  c:/program files (x86)/atmel/atmel toolchain/arm gcc/native/4.8.1443/arm-gnu-toolchain/bin/../lib/gcc/arm-none-eabi/4.8.4/armv6-m\libgcc.a(mulsf3.o)
                                                  c:/program files (x86)/atmel/atmel toolchain/arm gcc/native/4.8.1443/arm-gnu-toolchain/bin/../lib/gcc/arm-none-eabi/4.8.4/armv6-m\libgcc.a(divsf3.o)
                                                  c:/program files (x86)/atmel/atmel toolchain/arm gcc/native/4.8.1443/arm-gnu-toolchain/bin/../lib/gcc/arm-none-eabi/4.8.4/armv6-m\libgcc.a(addsf3.o)